Component: ARM Compiler 5.06 update 7 (build 960) Tool: armlink [4d3601]

==============================================================================

Section Cross References

    main.o(i.EXTI0_IRQHandler) refers to main.o(i.buttonIrqCallback) for buttonIrqCallback
    main.o(i.InitButton) refers to stm32f4xx_hal_gpio.o(i.HAL_GPIO_Init) for HAL_GPIO_Init
    main.o(i.InitButton) refers to stm32f4xx_hal_cortex.o(i.HAL_NVIC_SetPriority) for HAL_NVIC_SetPriority
    main.o(i.InitButton) refers to stm32f4xx_hal_cortex.o(i.HAL_NVIC_EnableIRQ) for HAL_NVIC_EnableIRQ
    main.o(i.InitButton) refers to main.o(.bss) for GPIO_InitStruct
    main.o(i.InitGPIO) refers to stm32f4xx_hal_gpio.o(i.HAL_GPIO_WritePin) for HAL_GPIO_WritePin
    main.o(i.InitGPIO) refers to stm32f4xx_hal_gpio.o(i.HAL_GPIO_Init) for HAL_GPIO_Init
    main.o(i.InitLED) refers to stm32f4xx_hal_gpio.o(i.HAL_GPIO_Init) for HAL_GPIO_Init
    main.o(i.InitLED) refers to main.o(.bss) for GPIO_InitStruct
    main.o(i.InitServo) refers to stm32f4xx_hal_gpio.o(i.HAL_GPIO_Init) for HAL_GPIO_Init
    main.o(i.InitServo) refers to main.o(.bss) for GPIO_InitStruct
    main.o(i.InitTimer3) refers to stm32f4xx_hal_tim.o(i.HAL_TIM_Base_Init) for HAL_TIM_Base_Init
    main.o(i.InitTimer3) refers to stm32f4xx_hal_tim.o(i.HAL_TIM_Base_Start) for HAL_TIM_Base_Start
    main.o(i.InitTimer3) refers to main.o(.bss) for TIM3_InitStruct
    main.o(i.SetupPWM_TIM3) refers to stm32f4xx_hal_tim.o(i.HAL_TIM_PWM_Init) for HAL_TIM_PWM_Init
    main.o(i.SetupPWM_TIM3) refers to stm32f4xx_hal_tim.o(i.HAL_TIM_PWM_ConfigChannel) for HAL_TIM_PWM_ConfigChannel
    main.o(i.SetupPWM_TIM3) refers to stm32f4xx_hal_tim.o(i.HAL_TIM_PWM_Start) for HAL_TIM_PWM_Start
    main.o(i.SetupPWM_TIM3) refers to main.o(.bss) for TIM3_InitStruct
    main.o(i.SysTick_Handler) refers to stm32f4xx_hal.o(i.HAL_IncTick) for HAL_IncTick
    main.o(i.SysTick_Handler) refers to tasks.o(i.xTaskGetSchedulerState) for xTaskGetSchedulerState
    main.o(i.SysTick_Handler) refers to port.o(i.xPortSysTickHandler) for xPortSysTickHandler
    main.o(i.SystemClock_Config) refers to stm32f4xx_hal_rcc.o(i.HAL_RCC_OscConfig) for HAL_RCC_OscConfig
    main.o(i.SystemClock_Config) refers to stm32f4xx_hal_rcc.o(i.HAL_RCC_ClockConfig) for HAL_RCC_ClockConfig
    main.o(i.SystemClock_Config) refers to stm32f4xx_hal_rcc_ex.o(i.HAL_RCCEx_PeriphCLKConfig) for HAL_RCCEx_PeriphCLKConfig
    main.o(i.TIM5_IRQHandler) refers to stm32f4xx_hal_tim.o(i.HAL_TIM_IRQHandler) for HAL_TIM_IRQHandler
    main.o(i.TIM5_IRQHandler) refers to main.o(.bss) for TIM_InitStruct_2
    main.o(i.TIM5_IRQHandler) refers to main.o(.data) for timeOut
    main.o(i.blinkLEDS) refers to main.o(i.turnOnGreenLED) for turnOnGreenLED
    main.o(i.blinkLEDS) refers to main.o(i.turnOnOrangeLED) for turnOnOrangeLED
    main.o(i.blinkLEDS) refers to tasks.o(i.vTaskDelay) for vTaskDelay
    main.o(i.blinkLEDS) refers to main.o(i.turnOffAllLEDS) for turnOffAllLEDS
    main.o(i.buttonIrqCallback) refers to main.o(.data) for button_trigger_flag
    main.o(i.counting500ms) refers to stm32f4xx_hal_tim.o(i.HAL_TIM_Base_Init) for HAL_TIM_Base_Init
    main.o(i.counting500ms) refers to stm32f4xx_hal_cortex.o(i.HAL_NVIC_EnableIRQ) for HAL_NVIC_EnableIRQ
    main.o(i.counting500ms) refers to main.o(.bss) for TIM_InitStruct_2
    main.o(i.main) refers to system_stm32f4xx.o(i.SystemInit) for SystemInit
    main.o(i.main) refers to stm32f4xx_hal.o(i.HAL_Init) for HAL_Init
    main.o(i.main) refers to main.o(i.SystemClock_Config) for SystemClock_Config
    main.o(i.main) refers to main.o(i.InitGPIO) for InitGPIO
    main.o(i.main) refers to main.o(i.InitButton) for InitButton
    main.o(i.main) refers to main.o(i.InitServo) for InitServo
    main.o(i.main) refers to main.o(i.InitTimer3) for InitTimer3
    main.o(i.main) refers to main.o(i.SetupPWM_TIM3) for SetupPWM_TIM3
    main.o(i.main) refers to main.o(i.counting500ms) for counting500ms
    main.o(i.main) refers to queue.o(i.xQueueGenericCreate) for xQueueGenericCreate
    main.o(i.main) refers to tasks.o(i.xTaskCreate) for xTaskCreate
    main.o(i.main) refers to tasks.o(i.vTaskStartScheduler) for vTaskStartScheduler
    main.o(i.main) refers to main.o(.data) for soundOn
    main.o(i.main) refers to main.o(i.vDetectButtonType) for vDetectButtonType
    main.o(i.main) refers to main.o(i.vTaskDetectUserState) for vTaskDetectUserState
    main.o(i.main) refers to main.o(i.vTaskRunSchedule) for vTaskRunSchedule
    main.o(i.resetServoAngle) refers to tasks.o(i.vTaskDelay) for vTaskDelay
    main.o(i.setServoAngle) refers to tasks.o(i.vTaskDelay) for vTaskDelay
    main.o(i.startTimer500ms) refers to stm32f4xx_hal_tim.o(i.HAL_TIM_Base_Start_IT) for HAL_TIM_Base_Start_IT
    main.o(i.startTimer500ms) refers to stm32f4xx_hal_tim.o(i.HAL_TIM_Base_Start) for HAL_TIM_Base_Start
    main.o(i.startTimer500ms) refers to main.o(.bss) for TIM_InitStruct_2
[...]
    i.xTaskCheckForTimeOut                   0x08004ae0   Section        0  tasks.o(i.xTaskCheckForTimeOut)
    i.xTaskCreate                            0x08004b74   Section        0  tasks.o(i.xTaskCreate)
    i.xTaskGetSchedulerState                 0x08004bd4   Section        0  tasks.o(i.xTaskGetSchedulerState)
    i.xTaskGetTickCount                      0x08004bf4   Section        0  tasks.o(i.xTaskGetTickCount)
    i.xTaskIncrementTick                     0x08004c00   Section        0  tasks.o(i.xTaskIncrementTick)
    i.xTaskPriorityDisinherit                0x08004d48   Section        0  tasks.o(i.xTaskPriorityDisinherit)
    i.xTaskRemoveFromEventList               0x08004e08   Section        0  tasks.o(i.xTaskRemoveFromEventList)
    i.xTaskResumeAll                         0x08004ea4   Section        0  tasks.o(i.xTaskResumeAll)
    i.xTimerCreateTimerTask                  0x08004fac   Section        0  timers.o(i.xTimerCreateTimerTask)
    i.xTimerGenericCommand                   0x08005004   Section        0  timers.o(i.xTimerGenericCommand)
    x$fpl$fpinit                             0x08005088   Section       10  fpinit.o(x$fpl$fpinit)
    $v0                                      0x08005088   Number         0  fpinit.o(x$fpl$fpinit)
    .constdata                               0x08005094   Section       96  task_queue.o(.constdata)
    taskList                                 0x08005094   Data          96  task_queue.o(.constdata)
    .constdata                               0x080050f4   Section       23  retarget_io.o(.constdata)
    .constdata                               0x0800510b   Section       24  system_stm32f4xx.o(.constdata)
    .data                                    0x20000000   Section       64  main.o(.data)
    button_trigger_flag                      0x20000001   Data           1  main.o(.data)
    .data                                    0x20000040   Section       49  task_schedule.o(.data)
    idle_task_info                           0x20000040   Data          24  task_schedule.o(.data)
    idle_task                                0x20000058   Data          24  task_schedule.o(.data)
    schedule_select                          0x20000070   Data           1  task_schedule.o(.data)
    .data                                    0x20000074   Section       64  tasks.o(.data)
    pxDelayedTaskList                        0x20000078   Data           4  tasks.o(.data)
    pxOverflowDelayedTaskList                0x2000007c   Data           4  tasks.o(.data)
    uxDeletedTasksWaitingCleanUp             0x20000080   Data           4  tasks.o(.data)
    uxCurrentNumberOfTasks                   0x20000084   Data           4  tasks.o(.data)
    xTickCount                               0x20000088   Data           4  tasks.o(.data)
    uxTopReadyPriority                       0x2000008c   Data           4  tasks.o(.data)
    xSchedulerRunning                        0x20000090   Data           4  tasks.o(.data)
    xPendedTicks                             0x20000094   Data           4  tasks.o(.data)
    xYieldPending                            0x20000098   Data           4  tasks.o(.data)
    xNumOfOverflows                          0x2000009c   Data           4  tasks.o(.data)
    uxTaskNumber                             0x200000a0   Data           4  tasks.o(.data)
    xNextTaskUnblockTime                     0x200000a4   Data           4  tasks.o(.data)
    xIdleTaskHandle                          0x200000a8   Data           4  tasks.o(.data)
    uxSchedulerSuspended                     0x200000b0   Data           4  tasks.o(.data)
    .data                                    0x200000b4   Section       20  timers.o(.data)
    pxCurrentTimerList                       0x200000b4   Data           4  timers.o(.data)
    pxOverflowTimerList                      0x200000b8   Data           4  timers.o(.data)
    xTimerQueue                              0x200000bc   Data           4  timers.o(.data)
    xTimerTaskHandle                         0x200000c0   Data           4  timers.o(.data)
    xLastTime                                0x200000c4   Data           4  timers.o(.data)
    .data                                    0x200000c8   Section       32  heap_4.o(.data)
    xStart                                   0x200000c8   Data           8  heap_4.o(.data)
    pxEnd                                    0x200000d0   Data           4  heap_4.o(.data)
    xFreeBytesRemaining                      0x200000d4   Data           4  heap_4.o(.data)
    xMinimumEverFreeBytesRemaining           0x200000d8   Data           4  heap_4.o(.data)
    xNumberOfSuccessfulAllocations           0x200000dc   Data           4  heap_4.o(.data)
    xNumberOfSuccessfulFrees                 0x200000e0   Data           4  heap_4.o(.data)
    xBlockAllocatedBit                       0x200000e4   Data           4  heap_4.o(.data)
    .data                                    0x200000e8   Section       12  port.o(.data)
    uxCriticalNesting                        0x200000e8   Data           4  port.o(.data)
    ucMaxSysCallPriority                     0x200000ec   Data           1  port.o(.data)
    ulMaxPRIGROUPValue                       0x200000f0   Data           4  port.o(.data)
    .data                                    0x200000f4   Section        9  stm32f4xx_hal.o(.data)
    .data                                    0x20000100   Section        4  system_stm32f4xx.o(.data)
    .data                                    0x20000104   Section        4  stdio_streams.o(.data)
    .data                                    0x20000108   Section        4  stdio_streams.o(.data)
    .data                                    0x2000010c   Section        4  stdio_streams.o(.data)
    .bss                                     0x20000110   Section      692  main.o(.bss)
    .bss                                     0x200003c4   Section       96  task_queue.o(.bss)
    .bss                                     0x20000424   Section       64  queue.o(.bss)
    .bss                                     0x20000464   Section      200  tasks.o(.bss)
    pxReadyTasksLists                        0x20000464   Data         100  tasks.o(.bss)
    xDelayedTaskList1                        0x200004c8   Data          20  tasks.o(.bss)
    xDelayedTaskList2                        0x200004dc   Data          20  tasks.o(.bss)
    xPendingReadyList                        0x200004f0   Data          20  tasks.o(.bss)
    xTasksWaitingTermination                 0x20000504   Data          20  tasks.o(.bss)
    xSuspendedTaskList                       0x20000518   Data          20  tasks.o(.bss)
    .bss                                     0x2000052c   Section       40  timers.o(.bss)
    xActiveTimerList1                        0x2000052c   Data          20  timers.o(.bss)
    xActiveTimerList2                        0x20000540   Data          20  timers.o(.bss)
    .bss                                     0x20000554   Section    40960  heap_4.o(.bss)
    ucHeap                                   0x20000554   Data       40960  heap_4.o(.bss)
    .bss                                     0x2000a554   Section       84  stdio_streams.o(.bss)
    .bss                                     0x2000a5a8   Section       84  stdio_streams.o(.bss)
    .bss                                     0x2000a5fc   Section       84  stdio_streams.o(.bss)
    .bss                                     0x2000a650   Section       96  libspace.o(.bss)
    HEAP                                     0x2000a6b0   Section      512  startup_stm32f407xx.o(HEAP)
    Heap_Mem                                 0x2000a6b0   Data         512  startup_stm32f407xx.o(HEAP)
    STACK                                    0x2000a8b0   Section     1024  startup_stm32f407xx.o(STACK)
    Stack_Mem                                0x2000a8b0   Data        1024  startup_stm32f407xx.o(STACK)
    __initial_sp                             0x2000acb0   Data           0  startup_stm32f407xx.o(STACK)

    Global Symbols

    Symbol Name                              Value     Ov Type        Size  Object(Section)

    BuildAttributes$$THM_ISAv4$E$P$D$K$B$S$7EM$VFPi3$EXTD16$VFPS$VFMA$PE$A:L22UL41UL21$X:L11$S22US41US21$IEEE1$IW$USESV6$~STKCKD$USESV7$~SHL$OTIME$ROPI$EBA8$UX$STANDARDLIB$REQ8$PRES8$EABIv2 0x00000000   Number         0  anon$$obj.o ABSOLUTE
    __ARM_use_no_argv                        0x00000000   Number         0  main.o ABSOLUTE
    __ARM_exceptions_init                     - Undefined Weak Reference
    __alloca_initialize                       - Undefined Weak Reference
    __arm_fini_                               - Undefined Weak Reference
    __arm_preinit_                            - Undefined Weak Reference
    __cpp_initialize__aeabi_                  - Undefined Weak Reference
    __cxa_finalize                            - Undefined Weak Reference
    __rt_locale                               - Undefined Weak Reference
    __sigvec_lookup                           - Undefined Weak Reference
    __user_heap_extent                        - Undefined Weak Reference
    _atexit_init                              - Undefined Weak Reference
    _call_atexit_fns                          - Undefined Weak Reference
    _clock_init                               - Undefined Weak Reference
    _fp_trap_init                             - Undefined Weak Reference
    _fp_trap_shutdown                         - Undefined Weak Reference
    _get_lc_collate                           - Undefined Weak Reference
    _get_lc_ctype                             - Undefined Weak Reference
    _get_lc_monetary                          - Undefined Weak Reference
    _get_lc_numeric                           - Undefined Weak Reference
    _get_lc_time                              - Undefined Weak Reference
    _getenv_init                              - Undefined Weak Reference
    _handle_redirection                       - Undefined Weak Reference
    _mutex_acquire                            - Undefined Weak Reference
    _mutex_free                               - Undefined Weak Reference
    _mutex_release                            - Undefined Weak Reference
    _printf_mbtowc                            - Undefined Weak Reference
    _printf_post_padding                      - Undefined Weak Reference
    _printf_pre_padding                       - Undefined Weak Reference
    _rand_init                                - Undefined Weak Reference
    _signal_finish                            - Undefined Weak Reference
    _signal_init                              - Undefined Weak Reference
    __Vectors_Size                           0x00000188   Number         0  startup_stm32f407xx.o ABSOLUTE
    __Vectors                                0x08000000   Data           4  startup_stm32f407xx.o(RESET)
    __Vectors_End                            0x08000188   Data           0  startup_stm32f407xx.o(RESET)
    __main                                   0x08000189   Thumb Code     8  __main.o(!!!main)
    __scatterload                            0x08000191   Thumb Code     0  __scatter.o(!!!scatter)
    __scatterload_rt2                        0x08000191   Thumb Code    44  __scatter.o(!!!scatter)
    __scatterload_rt2_thumb_only             0x08000191   Thumb Code     0  __scatter.o(!!!scatter)
    __scatterload_null                       0x0800019f   Thumb Code     0  __scatter.o(!!!scatter)
    __scatterload_copy                       0x080001c5   Thumb Code    26  __scatter_copy.o(!!handler_copy)
    __scatterload_zeroinit                   0x080001e1   Thumb Code    28  __scatter_zi.o(!!handler_zi)
    _printf_percent                          0x080001fd   Thumb Code     0  _printf_percent.o(.ARM.Collect$$_printf_percent$$00000000)
    _printf_percent_end                      0x080001fd   Thumb Code     0  _printf_percent_end.o(.ARM.Collect$$_printf_percent$$00000017)
    __rt_lib_init                            0x08000201   Thumb Code     0  libinit.o(.ARM.Collect$$libinit$$00000000)
    __rt_lib_init_fp_1                       0x08000203   Thumb Code     0  libinit2.o(.ARM.Collect$$libinit$$00000001)
    __rt_lib_init_heap_2                     0x08000207   Thumb Code     0  libinit2.o(.ARM.Collect$$libinit$$00000005)
    __rt_lib_init_preinit_1                  0x08000207   Thumb Code     0  libinit2.o(.ARM.Collect$$libinit$$00000004)
    __rt_lib_init_atexit_1                   0x0800020f   Thumb Code     0  libinit2.o(.ARM.Collect$$libinit$$0000001B)
    __rt_lib_init_clock_1                    0x0800020f   Thumb Code     0  libinit2.o(.ARM.Collect$$libinit$$00000021)
    __rt_lib_init_fp_trap_1                  0x0800020f   Thumb Code     0  libinit2.o(.ARM.Collect$$libinit$$0000001F)
    __rt_lib_init_getenv_1                   0x0800020f   Thumb Code     0  libinit2.o(.ARM.Collect$$libinit$$00000023)
    __rt_lib_init_heap_1                     0x0800020f   Thumb Code     0  libinit2.o(.ARM.Collect$$libinit$$0000000A)
    __rt_lib_init_lc_collate_1               0x0800020f   Thumb Code     0  libinit2.o(.ARM.Collect$$libinit$$00000011)
    __rt_lib_init_lc_ctype_1                 0x0800020f   Thumb Code     0  libinit2.o(.ARM.Collect$$libinit$$00000013)
    __rt_lib_init_lc_monetary_1              0x0800020f   Thumb Code     0  libinit2.o(.ARM.Collect$$libinit$$00000015)
    __rt_lib_init_lc_numeric_1               0x0800020f   Thumb Code     0  libinit2.o(.ARM.Collect$$libinit$$00000017)
    __rt_lib_init_lc_time_1                  0x0800020f   Thumb Code     0  libinit2.o(.ARM.Collect$$libinit$$00000019)
    __rt_lib_init_rand_1                     0x0800020f   Thumb Code     0  libinit2.o(.ARM.Collect$$libinit$$0000000E)
    __rt_lib_init_signal_1                   0x0800020f   Thumb Code     0  libinit2.o(.ARM.Collect$$libinit$$0000001D)
    __rt_lib_init_stdio_2                    0x0800020f   Thumb Code     0  libinit2.o(.ARM.Collect$$libinit$$00000024)
    __rt_lib_init_user_alloc_1               0x0800020f   Thumb Code     0  libinit2.o(.ARM.Collect$$libinit$$0000000C)
    __rt_lib_init_alloca_1                   0x08000213   Thumb Code     0  libinit2.o(.ARM.Collect$$libinit$$0000002E)
    __rt_lib_init_argv_1                     0x08000213   Thumb Code     0  libinit2.o(.ARM.Collect$$libinit$$0000002C)
    __rt_lib_init_cpp_1                      0x08000213   Thumb Code     0  libinit2.o(.ARM.Collect$$libinit$$00000032)
    __rt_lib_init_exceptions_1               0x08000213   Thumb Code     0  libinit2.o(.ARM.Collect$$libinit$$00000030)
    __rt_lib_init_return                     0x08000213   Thumb Code     0  libinit2.o(.ARM.Collect$$libinit$$00000033)
    __rt_lib_init_stdio_1                    0x08000213   Thumb Code     0  libinit2.o(.ARM.Collect$$libinit$$00000025)
    __rt_lib_shutdown                        0x08000215   Thumb Code     0  libshutdown.o(.ARM.Collect$$libshutdown$$00000000)
    __rt_lib_shutdown_cpp_1                  0x08000217   Thumb Code     0  libshutdown2.o(.ARM.Collect$$libshutdown$$00000004)
    __rt_lib_shutdown_fini_1                 0x08000217   Thumb Code     0  libshutdown2.o(.ARM.Collect$$libshutdown$$00000002)
    __rt_lib_shutdown_stdio_2                0x08000217   Thumb Code     0  libshutdown2.o(.ARM.Collect$$libshutdown$$00000005)
    __rt_lib_shutdown_fp_trap_1              0x0800021b   Thumb Code     0  libshutdown2.o(.ARM.Collect$$libshutdown$$00000009)
    __rt_lib_shutdown_heap_1                 0x0800021b   Thumb Code     0  libshutdown2.o(.ARM.Collect$$libshutdown$$00000011)
    __rt_lib_shutdown_return                 0x0800021b   Thumb Code     0  libshutdown2.o(.ARM.Collect$$libshutdown$$00000012)
    __rt_lib_shutdown_signal_1               0x0800021b   Thumb Code     0  libshutdown2.o(.ARM.Collect$$libshutdown$$0000000C)
    __rt_lib_shutdown_stdio_1                0x0800021b   Thumb Code     0  libshutdown2.o(.ARM.Collect$$libshutdown$$00000006)
    __rt_lib_shutdown_user_alloc_1           0x0800021b   Thumb Code     0  libshutdown2.o(.ARM.Collect$$libshutdown$$0000000E)
    __rt_entry                               0x0800021d   Thumb Code     0  __rtentry.o(.ARM.Collect$$rtentry$$00000000)
    __rt_entry_presh_1                       0x0800021d   Thumb Code     0  __rtentry2.o(.ARM.Collect$$rtentry$$00000002)
    __rt_entry_sh                            0x0800021d   Thumb Code     0  __rtentry4.o(.ARM.Collect$$rtentry$$00000004)
    __rt_entry_li                            0x08000223   Thumb Code     0  __rtentry2.o(.ARM.Collect$$rtentry$$0000000A)
    __rt_entry_postsh_1                      0x08000223   Thumb Code     0  __rtentry2.o(.ARM.Collect$$rtentry$$00000009)
    __rt_entry_main                          0x08000227   Thumb Code     0  __rtentry2.o(.ARM.Collect$$rtentry$$0000000D)
    __rt_entry_postli_1                      0x08000227   Thumb Code     0  __rtentry2.o(.ARM.Collect$$rtentry$$0000000C)
    __rt_exit                                0x0800022f   Thumb Code     0  rtexit.o(.ARM.Collect$$rtexit$$00000000)
    __rt_exit_ls                             0x08000231   Thumb Code     0  rtexit2.o(.ARM.Collect$$rtexit$$00000003)
    __rt_exit_prels_1                        0x08000231   Thumb Code     0  rtexit2.o(.ARM.Collect$$rtexit$$00000002)
    __rt_exit_exit                           0x08000235   Thumb Code     0  rtexit2.o(.ARM.Collect$$rtexit$$00000004)
    SVC_Handler                              0x0800023d   Thumb Code    28  port.o(.emb_text)
    __asm___6_port_c_39a90d8d__prvStartFirstTask 0x0800025d   Thumb Code    36  port.o(.emb_text)
    __asm___6_port_c_39a90d8d__prvEnableVFP  0x08000285   Thumb Code    16  port.o(.emb_text)
    PendSV_Handler                           0x08000299   Thumb Code    88  port.o(.emb_text)
    vPortGetIPSR                             0x080002f5   Thumb Code     6  port.o(.emb_text)
    Reset_Handler                            0x080002fd   Thumb Code     8  startup_stm32f407xx.o(.text)
    _maybe_terminate_alloc                   0x080002fd   Thumb Code     0  maybetermalloc1.o(.emb_text)
    NMI_Handler                              0x08000305   Thumb Code     2  startup_stm32f407xx.o(.text)
    HardFault_Handler                        0x08000307   Thumb Code     2  startup_stm32f407xx.o(.text)
    MemManage_Handler                        0x08000309   Thumb Code     2  startup_stm32f407xx.o(.text)
    BusFault_Handler                         0x0800030b   Thumb Code     2  startup_stm32f407xx.o(.text)
    UsageFault_Handler                       0x0800030d   Thumb Code     2  startup_stm32f407xx.o(.text)
    DebugMon_Handler                         0x08000311   Thumb Code     2  startup_stm32f407xx.o(.text)
    ADC_IRQHandler                           0x08000317   Thumb Code     0  startup_stm32f407xx.o(.text)
    CAN1_RX0_IRQHandler                      0x08000317   Thumb Code     0  startup_stm32f407xx.o(.text)
    CAN1_RX1_IRQHandler                      0x08000317   Thumb Code     0  startup_stm32f407xx.o(.text)
    CAN1_SCE_IRQHandler                      0x08000317   Thumb Code     0  startup_stm32f407xx.o(.text)
    CAN1_TX_IRQHandler                       0x08000317   Thumb Code     0  startup_stm32f407xx.o(.text)
    CAN2_RX0_IRQHandler                      0x08000317   Thumb Code     0  startup_stm32f407xx.o(.text)
    CAN2_RX1_IRQHandler                      0x08000317   Thumb Code     0  startup_stm32f407xx.o(.text)
    CAN2_SCE_IRQHandler                      0x08000317   Thumb Code     0  startup_stm32f407xx.o(.text)
    CAN2_TX_IRQHandler                       0x08000317   Thumb Code     0  startup_stm32f407xx.o(.text)
    DCMI_IRQHandler                          0x08000317   Thumb Code     0  startup_stm32f407xx.o(.text)
    DMA1_Stream0_IRQHandler                  0x08000317   Thumb Code     0  startup_stm32f407xx.o(.text)
    DMA1_Stream1_IRQHandler                  0x08000317   Thumb Code     0  startup_stm32f407xx.o(.text)
    DMA1_Stream2_IRQHandler                  0x08000317   Thumb Code     0  startup_stm32f407xx.o(.text)
    DMA1_Stream3_IRQHandler                  0x08000317   Thumb Code     0  startup_stm32f407xx.o(.text)
    DMA1_Stream4_IRQHandler                  0x08000317   Thumb Code     0  startup_stm32f407xx.o(.text)
    DMA1_Stream5_IRQHandler                  0x08000317   Thumb Code     0  startup_stm32f407xx.o(.text)
    DMA1_Stream6_IRQHandler                  0x08000317   Thumb Code     0  startup_stm32f407xx.o(.text)
    DMA1_Stream7_IRQHandler                  0x08000317   Thumb Code     0  startup_stm32f407xx.o(.text)
    DMA2_Stream0_IRQHandler                  0x08000317   Thumb Code     0  startup_stm32f407xx.o(.text)
    DMA2_Stream1_IRQHandler                  0x08000317   Thumb Code     0  startup_stm32f407xx.o(.text)
    DMA2_Stream2_IRQHandler                  0x08000317   Thumb Code     0  startup_stm32f407xx.o(.text)
    DMA2_Stream3_IRQHandler                  0x08000317   Thumb Code     0  startup_stm32f407xx.o(.text)
    DMA2_Stream4_IRQHandler                  0x08000317   Thumb Code     0  startup_stm32f407xx.o(.text)
    DMA2_Stream5_IRQHandler                  0x08000317   Thumb Code     0  startup_stm32f407xx.o(.text)
    DMA2_Stream6_IRQHandler                  0x08000317   Thumb Code     0  startup_stm32f407xx.o(.text)
    DMA2_Stream7_IRQHandler                  0x08000317   Thumb Code     0  startup_stm32f407xx.o(.text)
    ETH_IRQHandler                           0x08000317   Thumb Code     0  startup_stm32f407xx.o(.text)
    ETH_WKUP_IRQHandler                      0x08000317   Thumb Code     0  startup_stm32f407xx.o(.text)
    EXTI15_10_IRQHandler                     0x08000317   Thumb Code     0  startup_stm32f407xx.o(.text)
    EXTI1_IRQHandler                         0x08000317   Thumb Code     0  startup_stm32f407xx.o(.text)
    EXTI2_IRQHandler                         0x08000317   Thumb Code     0  startup_stm32f407xx.o(.text)
    EXTI3_IRQHandler                         0x08000317   Thumb Code     0  startup_stm32f407xx.o(.text)
    EXTI4_IRQHandler                         0x08000317   Thumb Code     0  startup_stm32f407xx.o(.text)
    EXTI9_5_IRQHandler                       0x08000317   Thumb Code     0  startup_stm32f407xx.o(.text)
    FLASH_IRQHandler                         0x08000317   Thumb Code     0  startup_stm32f407xx.o(.text)
    FMC_IRQHandler                           0x08000317   Thumb Code     0  startup_stm32f407xx.o(.text)
    FPU_IRQHandler                           0x08000317   Thumb Code     0  startup_stm32f407xx.o(.text)
    HASH_RNG_IRQHandler                      0x08000317   Thumb Code     0  startup_stm32f407xx.o(.text)
    I2C1_ER_IRQHandler                       0x08000317   Thumb Code     0  startup_stm32f407xx.o(.text)
    I2C1_EV_IRQHandler                       0x08000317   Thumb Code     0  startup_stm32f407xx.o(.text)
    I2C2_ER_IRQHandler                       0x08000317   Thumb Code     0  startup_stm32f407xx.o(.text)
    I2C2_EV_IRQHandler                       0x08000317   Thumb Code     0  startup_stm32f407xx.o(.text)
    I2C3_ER_IRQHandler                       0x08000317   Thumb Code     0  startup_stm32f407xx.o(.text)
    I2C3_EV_IRQHandler                       0x08000317   Thumb Code     0  startup_stm32f407xx.o(.text)
    OTG_FS_IRQHandler                        0x08000317   Thumb Code     0  startup_stm32f407xx.o(.text)
    OTG_FS_WKUP_IRQHandler                   0x08000317   Thumb Code     0  startup_stm32f407xx.o(.text)
    OTG_HS_EP1_IN_IRQHandler                 0x08000317   Thumb Code     0  startup_stm32f407xx.o(.text)
    OTG_HS_EP1_OUT_IRQHandler                0x08000317   Thumb Code     0  startup_stm32f407xx.o(.text)
    OTG_HS_IRQHandler                        0x08000317   Thumb Code     0  startup_stm32f407xx.o(.text)
    OTG_HS_WKUP_IRQHandler                   0x08000317   Thumb Code     0  startup_stm32f407xx.o(.text)
    PVD_IRQHandler                           0x08000317   Thumb Code     0  startup_stm32f407xx.o(.text)
    RCC_IRQHandler                           0x08000317   Thumb Code     0  startup_stm32f407xx.o(.text)
    RTC_Alarm_IRQHandler                     0x08000317   Thumb Code     0  startup_stm32f407xx.o(.text)
    RTC_WKUP_IRQHandler                      0x08000317   Thumb Code     0  startup_stm32f407xx.o(.text)
    SDIO_IRQHandler                          0x08000317   Thumb Code     0  startup_stm32f407xx.o(.text)
    SPI1_IRQHandler                          0x08000317   Thumb Code     0  startup_stm32f407xx.o(.text)
    SPI2_IRQHandler                          0x08000317   Thumb Code     0  startup_stm32f407xx.o(.text)
    SPI3_IRQHandler                          0x08000317   Thumb Code     0  startup_stm32f407xx.o(.text)
    TAMP_STAMP_IRQHandler                    0x08000317   Thumb Code     0  startup_stm32f407xx.o(.text)
    TIM1_BRK_TIM9_IRQHandler                 0x08000317   Thumb Code     0  startup_stm32f407xx.o(.text)
    TIM1_CC_IRQHandler                       0x08000317   Thumb Code     0  startup_stm32f407xx.o(.text)
    TIM1_TRG_COM_TIM11_IRQHandler            0x08000317   Thumb Code     0  startup_stm32f407xx.o(.text)
    TIM1_UP_TIM10_IRQHandler                 0x08000317   Thumb Code     0  startup_stm32f407xx.o(.text)
    TIM2_IRQHandler                          0x08000317   Thumb Code     0  startup_stm32f407xx.o(.text)
    TIM3_IRQHandler                          0x08000317   Thumb Code     0  startup_stm32f407xx.o(.text)
    TIM4_IRQHandler                          0x08000317   Thumb Code     0  startup_stm32f407xx.o(.text)
    TIM6_DAC_IRQHandler                      0x08000317   Thumb Code     0  startup_stm32f407xx.o(.text)
    TIM7_IRQHandler                          0x08000317   Thumb Code     0  startup_stm32f407xx.o(.text)
    TIM8_BRK_TIM12_IRQHandler                0x08000317   Thumb Code     0  startup_stm32f407xx.o(.text)
    TIM8_CC_IRQHandler                       0x08000317   Thumb Code     0  startup_stm32f407xx.o(.text)
    TIM8_TRG_COM_TIM14_IRQHandler            0x08000317   Thumb Code     0  startup_stm32f407xx.o(.text)
    TIM8_UP_TIM13_IRQHandler                 0x08000317   Thumb Code     0  startup_stm32f407xx.o(.text)
    UART4_IRQHandler                         0x08000317   Thumb Code     0  startup_stm32f407xx.o(.text)
    UART5_IRQHandler                         0x08000317   Thumb Code     0  startup_stm32f407xx.o(.text)
    USART1_IRQHandler                        0x08000317   Thumb Code     0  startup_stm32f407xx.o(.text)
    USART2_IRQHandler                        0x08000317   Thumb Code     0  startup_stm32f407xx.o(.text)
    USART3_IRQHandler                        0x08000317   Thumb Code     0  startup_stm32f407xx.o(.text)
    USART6_IRQHandler                        0x08000317   Thumb Code     0  startup_stm32f407xx.o(.text)
    WWDG_IRQHandler                          0x08000317   Thumb Code     0  startup_stm32f407xx.o(.text)
    __user_initial_stackheap                 0x08000319   Thumb Code     0  startup_stm32f407xx.o(.text)
    __aeabi_uldivmod                         0x0800033d   Thumb Code     0  lludivv7m.o(.text)
    _ll_udiv                                 0x0800033d   Thumb Code   238  lludivv7m.o(.text)
    __2printf                                0x0800042d   Thumb Code    20  noretval__2printf.o(.text)
    __printf                                 0x08000445   Thumb Code   104  __printf.o(.text)
    __aeabi_memcpy                           0x080004ad   Thumb Code     0  rt_memcpy_v6.o(.text)
    __rt_memcpy                              0x080004ad   Thumb Code   138  rt_memcpy_v6.o(.text)
    _memcpy_lastbytes                        0x08000513   Thumb Code     0  rt_memcpy_v6.o(.text)
    __aeabi_memcpy4                          0x08000537   Thumb Code     0  rt_memcpy_w.o(.text)
    __aeabi_memcpy8                          0x08000537   Thumb Code     0  rt_memcpy_w.o(.text)
    __rt_memcpy_w                            0x08000537   Thumb Code   100  rt_memcpy_w.o(.text)
    _memcpy_lastbytes_aligned                0x0800057f   Thumb Code     0  rt_memcpy_w.o(.text)
    __aeabi_memset                           0x0800059b   Thumb Code    16  aeabi_memset.o(.text)
    __aeabi_memclr4                          0x080005ab   Thumb Code     0  rt_memclr_w.o(.text)
    __aeabi_memclr8                          0x080005ab   Thumb Code     0  rt_memclr_w.o(.text)
    __rt_memclr_w                            0x080005ab   Thumb Code    78  rt_memclr_w.o(.text)
    _memset_w                                0x080005af   Thumb Code     0  rt_memclr_w.o(.text)
    strcmp                                   0x080005f9   Thumb Code   128  strcmpv7m.o(.text)
    __use_two_region_memory                  0x08000679   Thumb Code     2  heapauxi.o(.text)
    __rt_heap_escrow                         0x0800067b   Thumb Code     2  heapauxi.o(.text)
    __rt_heap_expand                         0x0800067d   Thumb Code     2  heapauxi.o(.text)
    _printf_char_file                        0x08000681   Thumb Code    32  _printf_char_file.o(.text)
    __aeabi_memclr                           0x080006a5   Thumb Code     0  rt_memclr.o(.text)
    __rt_memclr                              0x080006a5   Thumb Code    68  rt_memclr.o(.text)
    _memset                                  0x080006a9   Thumb Code     0  rt_memclr.o(.text)
    _printf_char_common                      0x080006f3   Thumb Code    32  _printf_char_common.o(.text)
    ferror                                   0x08000719   Thumb Code     8  ferror.o(.text)
    _initio                                  0x08000721   Thumb Code   210  initio.o(.text)
    _terminateio                             0x080007f3   Thumb Code    56  initio.o(.text)
    __user_setup_stackheap                   0x08000859   Thumb Code    74  sys_stackheap_outer.o(.text)
    free                                     0x080008a3   Thumb Code    78  h1_free.o(.text)
    __flsbuf                                 0x080008f1   Thumb Code   470  flsbuf.o(.text)
    __flsbuf_byte                            0x080008f1   Thumb Code     0  flsbuf.o(.text)
    __flsbuf_wide                            0x080008f1   Thumb Code     0  flsbuf.o(.text)
    setvbuf                                  0x08000ac7   Thumb Code    70  setvbuf.o(.text)
    freopen                                  0x08000b0d   Thumb Code   158  fopen.o(.text)
    fopen                                    0x08000bab   Thumb Code    74  fopen.o(.text)
    _fclose_internal                         0x08000bf9   Thumb Code    76  fclose.o(.text)
    fclose                                   0x08000bf9   Thumb Code     0  fclose.o(.text)
    exit                                     0x08000c45   Thumb Code    18  exit.o(.text)
    __rt_SIGRTRED                            0x08000c57   Thumb Code    14  defsig_rtred_outer.o(.text)
    __user_libspace                          0x08000c65   Thumb Code     8  libspace.o(.text)
    __user_perproc_libspace                  0x08000c65   Thumb Code     0  libspace.o(.text)
    __user_perthread_libspace                0x08000c65   Thumb Code     0  libspace.o(.text)
    __rt_heap_descriptor                     0x08000c6d   Thumb Code     8  rt_heap_descriptor_intlibspace.o(.text)
    __use_no_heap                            0x08000c75   Thumb Code     2  hguard.o(.text)
    __heap$guard                             0x08000c77   Thumb Code     2  hguard.o(.text)
    _terminate_user_alloc                    0x08000c79   Thumb Code     2  init_alloc.o(.text)
    _init_user_alloc                         0x08000c7b   Thumb Code     2  init_alloc.o(.text)
    __Heap_Full                              0x08000c7d   Thumb Code    34  init_alloc.o(.text)
    __Heap_Broken                            0x08000c9f   Thumb Code     6  init_alloc.o(.text)
    _init_alloc                              0x08000ca5   Thumb Code    94  init_alloc.o(.text)
    malloc                                   0x08000d03   Thumb Code    94  h1_alloc.o(.text)
    _fseek                                   0x08000d61   Thumb Code   242  fseek.o(.text)
    fseek                                    0x08000d61   Thumb Code     0  fseek.o(.text)
    _seterr                                  0x08000e59   Thumb Code    20  stdio.o(.text)
    _writebuf                                0x08000e6d   Thumb Code    84  stdio.o(.text)
    _fflush                                  0x08000ec1   Thumb Code    70  stdio.o(.text)
    _deferredlazyseek                        0x08000f07   Thumb Code    60  stdio.o(.text)
    __sig_exit                               0x08000f49   Thumb Code    10  defsig_exit.o(.text)
    __rt_SIGRTRED_inner                      0x08000f55   Thumb Code    14  defsig_rtred_inner.o(.text)
    _sys_exit                                0x08000f89   Thumb Code     8  sys_exit.o(.text)
    __Heap_Initialize                        0x08000f95   Thumb Code    10  h1_init.o(.text)
    __Heap_DescSize                          0x08000f9f   Thumb Code     4  h1_init.o(.text)
    __Heap_ProvideMemory                     0x08000fa3   Thumb Code    52  h1_extend.o(.text)
    _ftell_internal                          0x08000fd7   Thumb Code    66  ftell.o(.text)
    ftell                                    0x08000fd7   Thumb Code     0  ftell.o(.text)
    __default_signal_display                 0x08001019   Thumb Code    50  defsig_general.o(.text)
    __rt_SIGRTMEM                            0x0800104b   Thumb Code    14  defsig_rtmem_outer.o(.text)
    _ttywrch                                 0x08001059   Thumb Code    14  sys_wrch.o(.text)
    __I$use$semihosting                      0x08001067   Thumb Code     0  use_no_semi.o(.text)
    __use_no_semihosting_swi                 0x08001067   Thumb Code     2  use_no_semi.o(.text)
    __aeabi_errno_addr                       0x08001069   Thumb Code     8  rt_errno_addr_intlibspace.o(.text)
    __errno$intlibspace                      0x08001069   Thumb Code     0  rt_errno_addr_intlibspace.o(.text)
    __rt_errno_addr$intlibspace              0x08001069   Thumb Code     0  rt_errno_addr_intlibspace.o(.text)
    __semihosting_library_function           0x08001069   Thumb Code     0  indicate_semi.o(.text)
    __rt_SIGRTMEM_inner                      0x08001071   Thumb Code    22  defsig_rtmem_inner.o(.text)
    EXTI0_IRQHandler                         0x080010c1   Thumb Code    14  main.o(i.EXTI0_IRQHandler)
    HAL_GPIO_Init                            0x080010d5   Thumb Code   466  stm32f4xx_hal_gpio.o(i.HAL_GPIO_Init)
    HAL_GPIO_ReadPin                         0x080012d5   Thumb Code    16  stm32f4xx_hal_gpio.o(i.HAL_GPIO_ReadPin)
    HAL_GPIO_WritePin                        0x080012e5   Thumb Code    12  stm32f4xx_hal_gpio.o(i.HAL_GPIO_WritePin)
    HAL_GetTick                              0x080012f1   Thumb Code     6  stm32f4xx_hal.o(i.HAL_GetTick)
    HAL_IncTick                              0x080012fd   Thumb Code    16  stm32f4xx_hal.o(i.HAL_IncTick)
    HAL_Init                                 0x08001315   Thumb Code    44  stm32f4xx_hal.o(i.HAL_Init)
    HAL_InitTick                             0x08001345   Thumb Code    64  stm32f4xx_hal.o(i.HAL_InitTick)
    HAL_MspInit                              0x08001391   Thumb Code    68  stm32f4xx_hal_msp.o(i.HAL_MspInit)
    HAL_NVIC_EnableIRQ                       0x080013d9   Thumb Code    40  stm32f4xx_hal_cortex.o(i.HAL_NVIC_EnableIRQ)
    HAL_NVIC_SetPriority                     0x08001401   Thumb Code   124  stm32f4xx_hal_cortex.o(i.HAL_NVIC_SetPriority)
    HAL_NVIC_SetPriorityGrouping             0x0800147d   Thumb Code    32  stm32f4xx_hal_cortex.o(i.HAL_NVIC_SetPriorityGrouping)
    HAL_RCCEx_PeriphCLKConfig                0x080014a5   Thumb Code   396  stm32f4xx_hal_rcc_ex.o(i.HAL_RCCEx_PeriphCLKConfig)
    HAL_RCC_ClockConfig                      0x08001645   Thumb Code   368  stm32f4xx_hal_rcc.o(i.HAL_RCC_ClockConfig)
    HAL_RCC_GetSysClockFreq                  0x080017c9   Thumb Code   162  stm32f4xx_hal_rcc.o(i.HAL_RCC_GetSysClockFreq)
    HAL_RCC_OscConfig                        0x08001879   Thumb Code  1152  stm32f4xx_hal_rcc.o(i.HAL_RCC_OscConfig)
    HAL_SYSTICK_Config                       0x08001d01   Thumb Code    52  stm32f4xx_hal_cortex.o(i.HAL_SYSTICK_Config)
    HAL_TIMEx_BreakCallback                  0x08001d35   Thumb Code     2  stm32f4xx_hal_tim_ex.o(i.HAL_TIMEx_BreakCallback)
    HAL_TIMEx_CommutCallback                 0x08001d37   Thumb Code     2  stm32f4xx_hal_tim_ex.o(i.HAL_TIMEx_CommutCallback)
    HAL_TIM_Base_Init                        0x08001d39   Thumb Code    52  stm32f4xx_hal_tim.o(i.HAL_TIM_Base_Init)
    HAL_TIM_Base_MspInit                     0x08001d6d   Thumb Code     2  stm32f4xx_hal_tim.o(i.HAL_TIM_Base_MspInit)
    HAL_TIM_Base_Start                       0x08001d6f   Thumb Code    42  stm32f4xx_hal_tim.o(i.HAL_TIM_Base_Start)
    HAL_TIM_Base_Start_IT                    0x08001d99   Thumb Code    42  stm32f4xx_hal_tim.o(i.HAL_TIM_Base_Start_IT)
    HAL_TIM_Base_Stop                        0x08001dc3   Thumb Code    56  stm32f4xx_hal_tim.o(i.HAL_TIM_Base_Stop)
    HAL_TIM_Base_Stop_IT                     0x08001dfb   Thumb Code    56  stm32f4xx_hal_tim.o(i.HAL_TIM_Base_Stop_IT)
    HAL_TIM_IC_CaptureCallback               0x08001e33   Thumb Code     2  stm32f4xx_hal_tim.o(i.HAL_TIM_IC_CaptureCallback)
    HAL_TIM_IRQHandler                       0x08001e35   Thumb Code   406  stm32f4xx_hal_tim.o(i.HAL_TIM_IRQHandler)
    HAL_TIM_OC_DelayElapsedCallback          0x08001fcb   Thumb Code     2  stm32f4xx_hal_tim.o(i.HAL_TIM_OC_DelayElapsedCallback)
    HAL_TIM_PWM_ConfigChannel                0x08001fcd   Thumb Code   264  stm32f4xx_hal_tim.o(i.HAL_TIM_PWM_ConfigChannel)
    HAL_TIM_PWM_Init                         0x080020d5   Thumb Code    52  stm32f4xx_hal_tim.o(i.HAL_TIM_PWM_Init)
    HAL_TIM_PWM_MspInit                      0x08002109   Thumb Code     2  stm32f4xx_hal_tim.o(i.HAL_TIM_PWM_MspInit)
    HAL_TIM_PWM_PulseFinishedCallback        0x0800210b   Thumb Code     2  stm32f4xx_hal_tim.o(i.HAL_TIM_PWM_PulseFinishedCallback)
    HAL_TIM_PWM_Start                        0x0800210d   Thumb Code    80  stm32f4xx_hal_tim.o(i.HAL_TIM_PWM_Start)
    HAL_TIM_PeriodElapsedCallback            0x08002165   Thumb Code     2  stm32f4xx_hal_tim.o(i.HAL_TIM_PeriodElapsedCallback)
    HAL_TIM_TriggerCallback                  0x08002167   Thumb Code     2  stm32f4xx_hal_tim.o(i.HAL_TIM_TriggerCallback)
    ITM_SendChar                             0x08002169   Thumb Code    42  retarget_io.o(i.ITM_SendChar)
    InitButton                               0x08002199   Thumb Code    74  main.o(i.InitButton)
    InitGPIO                                 0x080021f5   Thumb Code   166  main.o(i.InitGPIO)
    InitServo                                0x080022a5   Thumb Code    62  main.o(i.InitServo)
    InitTimer3                               0x080022f1   Thumb Code    76  main.o(i.InitTimer3)
    SetupPWM_TIM3                            0x08002349   Thumb Code    58  main.o(i.SetupPWM_TIM3)
    SysTick_Handler                          0x0800238d   Thumb Code    20  main.o(i.SysTick_Handler)
    SystemClock_Config                       0x080023a1   Thumb Code   162  main.o(i.SystemClock_Config)
    SystemInit                               0x0800244d   Thumb Code    82  system_stm32f4xx.o(i.SystemInit)
    TIM5_IRQHandler                          0x080024b1   Thumb Code    38  main.o(i.TIM5_IRQHandler)
    TIM_Base_SetConfig                       0x080024e1   Thumb Code   170  stm32f4xx_hal_tim.o(i.TIM_Base_SetConfig)
    TIM_CCxChannelCmd                        0x080025b9   Thumb Code    34  stm32f4xx_hal_tim.o(i.TIM_CCxChannelCmd)
    TIM_OC2_SetConfig                        0x0800264d   Thumb Code   114  stm32f4xx_hal_tim.o(i.TIM_OC2_SetConfig)
    _sys_close                               0x080027e1   Thumb Code    38  retarget_io.o(i._sys_close)
    _sys_flen                                0x08002807   Thumb Code    36  retarget_io.o(i._sys_flen)
    _sys_istty                               0x0800282b   Thumb Code    36  retarget_io.o(i._sys_istty)
    _sys_open                                0x08002851   Thumb Code    80  retarget_io.o(i._sys_open)
    _sys_seek                                0x080028b9   Thumb Code    44  retarget_io.o(i._sys_seek)
    _sys_write                               0x080028e5   Thumb Code    70  retarget_io.o(i._sys_write)
    blinkLEDS                                0x0800296d   Thumb Code    56  main.o(i.blinkLEDS)
    compareTaskByPriority                    0x080029b1   Thumb Code    40  coffee_task.o(i.compareTaskByPriority)
    compareTaskEDF                           0x080029d9   Thumb Code    86  coffee_task.o(i.compareTaskEDF)
    compareTaskLLS                           0x08002a2f   Thumb Code    90  coffee_task.o(i.compareTaskLLS)
    compareTaskSJF                           0x08002a89   Thumb Code    88  coffee_task.o(i.compareTaskSJF)
    counting500ms                            0x08002ae1   Thumb Code    76  main.o(i.counting500ms)
    fputc                                    0x08002b39   Thumb Code    26  fputc.o(i.fputc)
    main                                     0x08002bdd   Thumb Code   140  main.o(i.main)
    pvPortMalloc                             0x08003695   Thumb Code   354  heap_4.o(i.pvPortMalloc)
    pxPortInitialiseStack                    0x08003811   Thumb Code    38  port.o(i.pxPortInitialiseStack)
    reArrangeQueueByEDF                      0x0800383d   Thumb Code    72  task_queue.o(i.reArrangeQueueByEDF)
    reArrangeQueueByLLS                      0x08003889   Thumb Code    72  task_queue.o(i.reArrangeQueueByLLS)
    reArrangeQueueByPriority                 0x080038d5   Thumb Code    72  task_queue.o(i.reArrangeQueueByPriority)
    reArrangeQueueCustomSchedule             0x08003921   Thumb Code    72  task_queue.o(i.reArrangeQueueCustomSchedule)
    resetTaskQueue                           0x0800396d   Thumb Code    54  task_queue.o(i.resetTaskQueue)
    setSchedulerType                         0x080039ad   Thumb Code     6  task_schedule.o(i.setSchedulerType)
    startSchedule                            0x080039b9   Thumb Code    58  task_schedule.o(i.startSchedule)
    startTimer500ms                          0x080039f9   Thumb Code    16  main.o(i.startTimer500ms)
    stopTimer500ms                           0x08003a19   Thumb Code    16  main.o(i.stopTimer500ms)
    swapTask                                 0x08003a2d   Thumb Code    50  coffee_task.o(i.swapTask)
    turnOffAllLEDS                           0x08003af1   Thumb Code    52  main.o(i.turnOffAllLEDS)
    turnOnCurLEDS                            0x08003b29   Thumb Code    32  main.o(i.turnOnCurLEDS)
    turnOnGreenLED                           0x08003b49   Thumb Code    50  main.o(i.turnOnGreenLED)
    turnOnOrangeLED                          0x08003b81   Thumb Code    50  main.o(i.turnOnOrangeLED)
    updateStatusForAllTask                   0x08003bb9   Thumb Code   136  task_queue.o(i.updateStatusForAllTask)
    updateTimeForAllTask                     0x08003c45   Thumb Code    94  task_queue.o(i.updateTimeForAllTask)
    uxListRemove                             0x08003ca9   Thumb Code    40  list.o(i.uxListRemove)
    vApplicationMallocFailedHook             0x08003cd1   Thumb Code     4  main.o(i.vApplicationMallocFailedHook)
    vDetectButtonType                        0x08003cd5   Thumb Code   198  main.o(i.vDetectButtonType)
    vListInitialise                          0x08003db9   Thumb Code    26  list.o(i.vListInitialise)
    vListInitialiseItem                      0x08003dd3   Thumb Code     6  list.o(i.vListInitialiseItem)
    vListInsert                              0x08003dd9   Thumb Code    52  list.o(i.vListInsert)
    vListInsertEnd                           0x08003e0d   Thumb Code    24  list.o(i.vListInsertEnd)
    vPortEnterCritical                       0x08003e25   Thumb Code    78  port.o(i.vPortEnterCritical)
    vPortExitCritical                        0x08003e7d   Thumb Code    58  port.o(i.vPortExitCritical)
    vPortFree                                0x08003ebd   Thumb Code   154  heap_4.o(i.vPortFree)
    vPortSetupTimerInterrupt                 0x08003f65   Thumb Code    36  port.o(i.vPortSetupTimerInterrupt)
    vPortValidateInterruptPriority           0x08003f8d   Thumb Code   110  port.o(i.vPortValidateInterruptPriority)
    vQueueAddToRegistry                      0x08004009   Thumb Code    38  queue.o(i.vQueueAddToRegistry)
    vQueueWaitForMessageRestricted           0x08004035   Thumb Code    74  queue.o(i.vQueueWaitForMessageRestricted)
    vTaskDelay                               0x08004081   Thumb Code    84  tasks.o(i.vTaskDelay)
    vTaskDetectUserState                     0x080040dd   Thumb Code   126  main.o(i.vTaskDetectUserState)
    vTaskInternalSetTimeOutState             0x08004169   Thumb Code    14  tasks.o(i.vTaskInternalSetTimeOutState)
    vTaskMissedYield                         0x08004181   Thumb Code     8  tasks.o(i.vTaskMissedYield)
    vTaskPlaceOnEventList                    0x0800418d   Thumb Code    54  tasks.o(i.vTaskPlaceOnEventList)
    vTaskPlaceOnEventListRestricted          0x080041c9   Thumb Code    62  tasks.o(i.vTaskPlaceOnEventListRestricted)
    vTaskRunSchedule                         0x0800420d   Thumb Code    90  main.o(i.vTaskRunSchedule)
    vTaskStartScheduler                      0x0800427d   Thumb Code   124  tasks.o(i.vTaskStartScheduler)
    vTaskSuspendAll                          0x08004319   Thumb Code    12  tasks.o(i.vTaskSuspendAll)
    vTaskSwitchContext                       0x08004329   Thumb Code   120  tasks.o(i.vTaskSwitchContext)
    xPortStartScheduler                      0x080043b5   Thumb Code   338  port.o(i.xPortStartScheduler)
    xPortSysTickHandler                      0x08004525   Thumb Code    46  port.o(i.xPortSysTickHandler)
    xQueueGenericCreate                      0x08004559   Thumb Code   168  queue.o(i.xQueueGenericCreate)
    xQueueGenericReset                       0x08004601   Thumb Code   148  queue.o(i.xQueueGenericReset)
    xQueueGenericSend                        0x08004699   Thumb Code   428  queue.o(i.xQueueGenericSend)
    xQueueGenericSendFromISR                 0x08004849   Thumb Code   296  queue.o(i.xQueueGenericSendFromISR)
    xQueueReceive                            0x08004971   Thumb Code   362  queue.o(i.xQueueReceive)
    xTaskCheckForTimeOut                     0x08004ae1   Thumb Code   140  tasks.o(i.xTaskCheckForTimeOut)
    xTaskCreate                              0x08004b75   Thumb Code    96  tasks.o(i.xTaskCreate)
    xTaskGetSchedulerState                   0x08004bd5   Thumb Code    24  tasks.o(i.xTaskGetSchedulerState)
    xTaskGetTickCount                        0x08004bf5   Thumb Code     6  tasks.o(i.xTaskGetTickCount)
    xTaskIncrementTick                       0x08004c01   Thumb Code   284  tasks.o(i.xTaskIncrementTick)
    xTaskPriorityDisinherit                  0x08004d49   Thumb Code   178  tasks.o(i.xTaskPriorityDisinherit)
    xTaskRemoveFromEventList                 0x08004e09   Thumb Code   130  tasks.o(i.xTaskRemoveFromEventList)
    xTaskResumeAll                           0x08004ea5   Thumb Code   226  tasks.o(i.xTaskResumeAll)
    xTimerCreateTimerTask                    0x08004fad   Thumb Code    66  timers.o(i.xTimerCreateTimerTask)
    xTimerGenericCommand                     0x08005005   Thumb Code   128  timers.o(i.xTimerGenericCommand)
    _fp_init                                 0x08005089   Thumb Code    10  fpinit.o(x$fpl$fpinit)
    __fplib_config_fpu_vfp                   0x08005091   Thumb Code     0  fpinit.o(x$fpl$fpinit)
    __fplib_config_pureend_doubles           0x08005091   Thumb Code     0  fpinit.o(x$fpl$fpinit)
    __stdin_name                             0x080050f4   Data           7  retarget_io.o(.constdata)
    __stdout_name                            0x080050fb   Data           8  retarget_io.o(.constdata)
    __stderr_name                            0x08005103   Data           8  retarget_io.o(.constdata)
    AHBPrescTable                            0x0800510b   Data          16  system_stm32f4xx.o(.constdata)
    APBPrescTable                            0x0800511b   Data           8  system_stm32f4xx.o(.constdata)
    Region$$Table$$Base                      0x08005124   Number         0  anon$$obj.o(Region$$Table)
    Region$$Table$$Limit                     0x08005144   Number         0  anon$$obj.o(Region$$Table)
    system_state                             0x20000000   Data           1  main.o(.data)
    btn_action                               0x20000002   Data           1  main.o(.data)
    timeOut                                  0x20000003   Data           1  main.o(.data)
    initialTimer                             0x20000004   Data           1  main.o(.data)
    xBlueLEDHandler                          0x20000008   Data           4  main.o(.data)
    xButtonHandler                           0x2000000c   Data           4  main.o(.data)
    xScheduleHandler                         0x20000010   Data           4  main.o(.data)
    userInputEventQueue                      0x20000014   Data           4  main.o(.data)
    playerEventQueue                         0x20000018   Data           4  main.o(.data)
    xButtonHandler_1                         0x2000001c   Data           4  main.o(.data)
    xButtonHandler_2                         0x20000020   Data           4  main.o(.data)
    xButtonHandler_3                         0x20000024   Data           4  main.o(.data)
    mySinVal                                 0x20000028   Data           4  main.o(.data)
    sample_dt                                0x2000002c   Data           4  main.o(.data)
    sample_N                                 0x20000030   Data           2  main.o(.data)
    i_t                                      0x20000032   Data           2  main.o(.data)
    myDacVal                                 0x20000034   Data           4  main.o(.data)
    button                                   0x20000038   Data           1  main.o(.data)
    soundOn                                  0x20000039   Data           1  main.o(.data)
    schedule                                 0x2000003a   Data           1  main.o(.data)
    schedule_flag                            0x2000003b   Data           1  main.o(.data)
    selectedTonesConfirm                     0x2000003c   Data           4  main.o(.data)
    pxCurrentTCB                             0x20000074   Data           4  tasks.o(.data)
    uxTopUsedPriority                        0x200000ac   Data           4  tasks.o(.data)
    uwTick                                   0x200000f4   Data           4  stm32f4xx_hal.o(.data)
    uwTickPrio                               0x200000f8   Data           4  stm32f4xx_hal.o(.data)
    uwTickFreq                               0x200000fc   Data           1  stm32f4xx_hal.o(.data)
    SystemCoreClock                          0x20000100   Data           4  system_stm32f4xx.o(.data)
    __aeabi_stdin                            0x20000104   Data           4  stdio_streams.o(.data)
    __aeabi_stdout                           0x20000108   Data           4  stdio_streams.o(.data)
    __aeabi_stderr                           0x2000010c   Data           4  stdio_streams.o(.data)
    GPIO_InitStruct                          0x20000110   Data          20  main.o(.bss)
    TIM_InitStruct                           0x20000124   Data          64  main.o(.bss)
    TIM_InitStruct_2                         0x20000164   Data          64  main.o(.bss)
    hi2c1                                    0x200001a4   Data          84  main.o(.bss)
    hi2s3                                    0x200001f8   Data          72  main.o(.bss)
    hdma_spi3_tx                             0x20000240   Data          96  main.o(.bss)
    TIM3_InitStruct                          0x200002a0   Data          64  main.o(.bss)
    TIM3_OCInitStructure                     0x200002e0   Data          28  main.o(.bss)
    dataI2S                                  0x200002fc   Data         200  main.o(.bss)
    gTaskQueue                               0x200003c4   Data          96  task_queue.o(.bss)
    xQueueRegistry                           0x20000424   Data          64  queue.o(.bss)
    __stdin                                  0x2000a554   Data          84  stdio_streams.o(.bss)
    __stdout                                 0x2000a5a8   Data          84  stdio_streams.o(.bss)
    __stderr                                 0x2000a5fc   Data          84  stdio_streams.o(.bss)
    __libspace_start                         0x2000a650   Data          96  libspace.o(.bss)
    __temporary_stack_top$libspace           0x2000a6b0   Data           0  libspace.o(.bss)



==============================================================================

Memory Map of the image

  Image Entry point : 0x080002fd

  Load Region LR_1 (Base: 0x08000000, Size: 0x00005254, Max: 0xffffffff, ABSOLUTE)

    Execution Region ER_RO (Exec base: 0x08000000, Load base: 0x08000000, Size: 0x00005144, Max: 0xffffffff, ABSOLUTE)

    Exec Addr    Load Addr    Size         Type   Attr      Idx    E Section Name        Object

    0x08000000   0x08000000   0x00000188   Data   RO         4867    RESET               startup_stm32f407xx.o
    0x08000188   0x08000188   0x00000008   Code   RO         4957  * !!!main             c_w.l(__main.o)
    0x08000190   0x08000190   0x00000034   Code   RO         5309    !!!scatter          c_w.l(__scatter.o)
    0x080001c4   0x080001c4   0x0000001a   Code   RO         5311    !!handler_copy      c_w.l(__scatter_copy.o)
    0x080001de   0x080001de   0x00000002   PAD
    0x080001e0   0x080001e0   0x0000001c   Code   RO         5313    !!handler_zi        c_w.l(__scatter_zi.o)
    0x080001fc   0x080001fc   0x00000000   Code   RO         4942    .ARM.Collect$$_printf_percent$$00000000  c_w.l(_printf_percent.o)
    0x080001fc   0x080001fc   0x00000004   Code   RO         4968    .ARM.Collect$$_printf_percent$$00000017  c_w.l(_printf_percent_end.o)
    0x08000200   0x08000200   0x00000002   Code   RO         5100    .ARM.Collect$$libinit$$00000000  c_w.l(libinit.o)
    0x08000202   0x08000202   0x00000004   Code   RO         5101    .ARM.Collect$$libinit$$00000001  c_w.l(libinit2.o)
    0x08000206   0x08000206   0x00000000   Code   RO         5104    .ARM.Collect$$libinit$$00000004  c_w.l(libinit2.o)
    0x08000206   0x08000206   0x00000008   Code   RO         5105    .ARM.Collect$$libinit$$00000005  c_w.l(libinit2.o)
    0x0800020e   0x0800020e   0x00000000   Code   RO         5107    .ARM.Collect$$libinit$$0000000A  c_w.l(libinit2.o)
    0x0800020e   0x0800020e   0x00000000   Code   RO         5109    .ARM.Collect$$libinit$$0000000C  c_w.l(libinit2.o)
    0x0800020e   0x0800020e   0x00000000   Code   RO         5111    .ARM.Collect$$libinit$$0000000E  c_w.l(libinit2.o)
    0x0800020e   0x0800020e   0x00000000   Code   RO         5114    .ARM.Collect$$libinit$$00000011  c_w.l(libinit2.o)
    0x0800020e   0x0800020e   0x00000000   Code   RO         5116    .ARM.Collect$$libinit$$00000013  c_w.l(libinit2.o)
    0x0800020e   0x0800020e   0x00000000   Code   RO         5118    .ARM.Collect$$libinit$$00000015  c_w.l(libinit2.o)
    0x0800020e   0x0800020e   0x00000000   Code   RO         5120    .ARM.Collect$$libinit$$00000017  c_w.l(libinit2.o)
    0x0800020e   0x0800020e   0x00000000   Code   RO         5122    .ARM.Collect$$libinit$$00000019  c_w.l(libinit2.o)
    0x0800020e   0x0800020e   0x00000000   Code   RO         5124    .ARM.Collect$$libinit$$0000001B  c_w.l(libinit2.o)
    0x0800020e   0x0800020e   0x00000000   Code   RO         5126    .ARM.Collect$$libinit$$0000001D  c_w.l(libinit2.o)
    0x0800020e   0x0800020e   0x00000000   Code   RO         5128    .ARM.Collect$$libinit$$0000001F  c_w.l(libinit2.o)
    0x0800020e   0x0800020e   0x00000000   Code   RO         5130    .ARM.Collect$$libinit$$00000021  c_w.l(libinit2.o)
    0x0800020e   0x0800020e   0x00000000   Code   RO         5132    .ARM.Collect$$libinit$$00000023  c_w.l(libinit2.o)
    0x0800020e   0x0800020e   0x00000004   Code   RO         5133    .ARM.Collect$$libinit$$00000024  c_w.l(libinit2.o)
    0x08000212   0x08000212   0x00000000   Code   RO         5134    .ARM.Collect$$libinit$$00000025  c_w.l(libinit2.o)
    0x08000212   0x08000212   0x00000000   Code   RO         5138    .ARM.Collect$$libinit$$0000002C  c_w.l(libinit2.o)
    0x08000212   0x08000212   0x00000000   Code   RO         5140    .ARM.Collect$$libinit$$0000002E  c_w.l(libinit2.o)
    0x08000212   0x08000212   0x00000000   Code   RO         5142    .ARM.Collect$$libinit$$00000030  c_w.l(libinit2.o)
    0x08000212   0x08000212   0x00000000   Code   RO         5144    .ARM.Collect$$libinit$$00000032  c_w.l(libinit2.o)
    0x08000212   0x08000212   0x00000002   Code   RO         5145    .ARM.Collect$$libinit$$00000033  c_w.l(libinit2.o)
    0x08000214   0x08000214   0x00000002   Code   RO         5290    .ARM.Collect$$libshutdown$$00000000  c_w.l(libshutdown.o)
    0x08000216   0x08000216   0x00000000   Code   RO         5147    .ARM.Collect$$libshutdown$$00000002  c_w.l(libshutdown2.o)
    0x08000216   0x08000216   0x00000000   Code   RO         5149    .ARM.Collect$$libshutdown$$00000004  c_w.l(libshutdown2.o)
    0x08000216   0x08000216   0x00000004   Code   RO         5150    .ARM.Collect$$libshutdown$$00000005  c_w.l(libshutdown2.o)
    0x0800021a   0x0800021a   0x00000000   Code   RO         5151    .ARM.Collect$$libshutdown$$00000006  c_w.l(libshutdown2.o)
    0x0800021a   0x0800021a   0x00000000   Code   RO         5154    .ARM.Collect$$libshutdown$$00000009  c_w.l(libshutdown2.o)
    0x0800021a   0x0800021a   0x00000000   Code   RO         5157    .ARM.Collect$$libshutdown$$0000000C  c_w.l(libshutdown2.o)
    0x0800021a   0x0800021a   0x00000000   Code   RO         5159    .ARM.Collect$$libshutdown$$0000000E  c_w.l(libshutdown2.o)
    0x0800021a   0x0800021a   0x00000000   Code   RO         5162    .ARM.Collect$$libshutdown$$00000011  c_w.l(libshutdown2.o)
    0x0800021a   0x0800021a   0x00000002   Code   RO         5163    .ARM.Collect$$libshutdown$$00000012  c_w.l(libshutdown2.o)
    0x0800021c   0x0800021c   0x00000000   Code   RO         4959    .ARM.Collect$$rtentry$$00000000  c_w.l(__rtentry.o)
    0x0800021c   0x0800021c   0x00000000   Code   RO         4978    .ARM.Collect$$rtentry$$00000002  c_w.l(__rtentry2.o)
    0x0800021c   0x0800021c   0x00000006   Code   RO         4990    .ARM.Collect$$rtentry$$00000004  c_w.l(__rtentry4.o)
    0x08000222   0x08000222   0x00000000   Code   RO         4980    .ARM.Collect$$rtentry$$00000009  c_w.l(__rtentry2.o)
    0x08000222   0x08000222   0x00000004   Code   RO         4981    .ARM.Collect$$rtentry$$0000000A  c_w.l(__rtentry2.o)
    0x08000226   0x08000226   0x00000000   Code   RO         4983    .ARM.Collect$$rtentry$$0000000C  c_w.l(__rtentry2.o)
    0x08000226   0x08000226   0x00000008   Code   RO         4984    .ARM.Collect$$rtentry$$0000000D  c_w.l(__rtentry2.o)
    0x0800022e   0x0800022e   0x00000002   Code   RO         5169    .ARM.Collect$$rtexit$$00000000  c_w.l(rtexit.o)
    0x08000230   0x08000230   0x00000000   Code   RO         5225    .ARM.Collect$$rtexit$$00000002  c_w.l(rtexit2.o)
    0x08000230   0x08000230   0x00000004   Code   RO         5226    .ARM.Collect$$rtexit$$00000003  c_w.l(rtexit2.o)
    0x08000234   0x08000234   0x00000006   Code   RO         5227    .ARM.Collect$$rtexit$$00000004  c_w.l(rtexit2.o)
    0x0800023a   0x0800023a   0x00000002   PAD
    0x0800023c   0x0800023c   0x000000be   Code   RO         1846    .emb_text           port.o
    0x080002fa   0x080002fa   0x00000002   PAD
    0x080002fc   0x080002fc   0x00000000   Code   RO         5231    .emb_text           c_w.l(maybetermalloc1.o)
    0x080002fc   0x080002fc   0x00000040   Code   RO         4868  * .text               startup_stm32f407xx.o
    0x0800033c   0x0800033c   0x000000ee   Code   RO         4911    .text               c_w.l(lludivv7m.o)
    0x0800042a   0x0800042a   0x00000002   PAD
    0x0800042c   0x0800042c   0x00000018   Code   RO         4915    .text               c_w.l(noretval__2printf.o)
    0x08000444   0x08000444   0x00000068   Code   RO         4917    .text               c_w.l(__printf.o)
    0x080004ac   0x080004ac   0x0000008a   Code   RO         4943    .text               c_w.l(rt_memcpy_v6.o)
    0x08000536   0x08000536   0x00000064   Code   RO         4945    .text               c_w.l(rt_memcpy_w.o)
    0x0800059a   0x0800059a   0x00000010   Code   RO         4949    .text               c_w.l(aeabi_memset.o)
    0x080005aa   0x080005aa   0x0000004e   Code   RO         4951    .text               c_w.l(rt_memclr_w.o)
    0x080005f8   0x080005f8   0x00000080   Code   RO         4953    .text               c_w.l(strcmpv7m.o)
    0x08000678   0x08000678   0x00000006   Code   RO         4955    .text               c_w.l(heapauxi.o)
    0x0800067e   0x0800067e   0x00000002   PAD
    0x08000680   0x08000680   0x00000024   Code   RO         4966    .text               c_w.l(_printf_char_file.o)
    0x080006a4   0x080006a4   0x00000044   Code   RO         4975    .text               c_w.l(rt_memclr.o)
    0x080006e8   0x080006e8   0x00000030   Code   RO         4994    .text               c_w.l(_printf_char_common.o)
    0x08000718   0x08000718   0x00000008   Code   RO         4996    .text               c_w.l(ferror.o)
    0x08000720   0x08000720   0x00000138   Code   RO         5002    .text               c_w.l(initio.o)
    0x08000858   0x08000858   0x0000004a   Code   RO         5012    .text               c_w.l(sys_stackheap_outer.o)
    0x080008a2   0x080008a2   0x0000004e   Code   RO         5016    .text               c_w.l(h1_free.o)
    0x080008f0   0x080008f0   0x000001d6   Code   RO         5072    .text               c_w.l(flsbuf.o)
    0x08000ac6   0x08000ac6   0x00000046   Code   RO         5074    .text               c_w.l(setvbuf.o)
    0x08000b0c   0x08000b0c   0x000000ec   Code   RO         5077    .text               c_w.l(fopen.o)
    0x08000bf8   0x08000bf8   0x0000004c   Code   RO         5079    .text               c_w.l(fclose.o)
    0x08000c44   0x08000c44   0x00000012   Code   RO         5085    .text               c_w.l(exit.o)
    0x08000c56   0x08000c56   0x0000000e   Code   RO         5091    .text               c_w.l(defsig_rtred_outer.o)
    0x08000c64   0x08000c64   0x00000008   Code   RO         5166    .text               c_w.l(libspace.o)
    0x08000c6c   0x08000c6c   0x00000008   Code   RO         5176    .text               c_w.l(rt_heap_descriptor_intlibspace.o)
    0x08000c74   0x08000c74   0x00000004   Code   RO         5178    .text               c_w.l(hguard.o)
    0x08000c78   0x08000c78   0x0000008a   Code   RO         5180    .text               c_w.l(init_alloc.o)
    0x08000d02   0x08000d02   0x0000005e   Code   RO         5186    .text               c_w.l(h1_alloc.o)
    0x08000d60   0x08000d60   0x000000f8   Code   RO         5202    .text               c_w.l(fseek.o)
    0x08000e58   0x08000e58   0x000000f0   Code   RO         5204    .text               c_w.l(stdio.o)
    0x08000f48   0x08000f48   0x0000000a   Code   RO         5210    .text               c_w.l(defsig_exit.o)
    0x08000f52   0x08000f52   0x00000002   PAD
    0x08000f54   0x08000f54   0x00000034   Code   RO         5214    .text               c_w.l(defsig_rtred_inner.o)
    0x08000f88   0x08000f88   0x0000000c   Code   RO         5222    .text               c_w.l(sys_exit.o)
    0x08000f94   0x08000f94   0x0000000e   Code   RO         5233    .text               c_w.l(h1_init.o)
    0x08000fa2   0x08000fa2   0x00000034   Code   RO         5235    .text               c_w.l(h1_extend.o)
    0x08000fd6   0x08000fd6   0x00000042   Code   RO         5245    .text               c_w.l(ftell.o)
    0x08001018   0x08001018   0x00000032   Code   RO         5253    .text               c_w.l(defsig_general.o)
    0x0800104a   0x0800104a   0x0000000e   Code   RO         5255    .text               c_w.l(defsig_rtmem_outer.o)
    0x08001058   0x08001058   0x0000000e   Code   RO         5268    .text               c_w.l(sys_wrch.o)
    0x08001066   0x08001066   0x00000002   Code   RO         5272    .text               c_w.l(use_no_semi.o)
    0x08001068   0x08001068   0x00000000   Code   RO         5274    .text               c_w.l(indicate_semi.o)
    0x08001068   0x08001068   0x00000008   Code   RO         5278    .text               c_w.l(rt_errno_addr_intlibspace.o)
    0x08001070   0x08001070   0x00000050   Code   RO         5284    .text               c_w.l(defsig_rtmem_inner.o)
    0x080010c0   0x080010c0   0x00000014   Code   RO            4    i.EXTI0_IRQHandler  main.o
    0x080010d4   0x080010d4   0x00000200   Code   RO         2781    i.HAL_GPIO_Init     stm32f4xx_hal_gpio.o
    0x080012d4   0x080012d4   0x00000010   Code   RO         2783    i.HAL_GPIO_ReadPin  stm32f4xx_hal_gpio.o
    0x080012e4   0x080012e4   0x0000000c   Code   RO         2785    i.HAL_GPIO_WritePin  stm32f4xx_hal_gpio.o
    0x080012f0   0x080012f0   0x0000000c   Code   RO         2021    i.HAL_GetTick       stm32f4xx_hal.o
    0x080012fc   0x080012fc   0x00000018   Code   RO         2027    i.HAL_IncTick       stm32f4xx_hal.o
    0x08001314   0x08001314   0x00000030   Code   RO         2028    i.HAL_Init          stm32f4xx_hal.o
    0x08001344   0x08001344   0x0000004c   Code   RO         2029    i.HAL_InitTick      stm32f4xx_hal.o
    0x08001390   0x08001390   0x00000048   Code   RO          482    i.HAL_MspInit       stm32f4xx_hal_msp.o
    0x080013d8   0x080013d8   0x00000028   Code   RO         2199    i.HAL_NVIC_EnableIRQ  stm32f4xx_hal_cortex.o
    0x08001400   0x08001400   0x0000007c   Code   RO         2205    i.HAL_NVIC_SetPriority  stm32f4xx_hal_cortex.o
    0x0800147c   0x0800147c   0x00000028   Code   RO         2206    i.HAL_NVIC_SetPriorityGrouping  stm32f4xx_hal_cortex.o
    0x080014a4   0x080014a4   0x000001a0   Code   RO         3879    i.HAL_RCCEx_PeriphCLKConfig  stm32f4xx_hal_rcc_ex.o
    0x08001644   0x08001644   0x00000184   Code   RO         3774    i.HAL_RCC_ClockConfig  stm32f4xx_hal_rcc.o
    0x080017c8   0x080017c8   0x000000b0   Code   RO         3783    i.HAL_RCC_GetSysClockFreq  stm32f4xx_hal_rcc.o
    0x08001878   0x08001878   0x00000488   Code   RO         3786    i.HAL_RCC_OscConfig  stm32f4xx_hal_rcc.o
    0x08001d00   0x08001d00   0x00000034   Code   RO         2210    i.HAL_SYSTICK_Config  stm32f4xx_hal_cortex.o
    0x08001d34   0x08001d34   0x00000002   Code   RO         4617    i.HAL_TIMEx_BreakCallback  stm32f4xx_hal_tim_ex.o
    0x08001d36   0x08001d36   0x00000002   Code   RO         4618    i.HAL_TIMEx_CommutCallback  stm32f4xx_hal_tim_ex.o
    0x08001d38   0x08001d38   0x00000034   Code   RO         3931    i.HAL_TIM_Base_Init  stm32f4xx_hal_tim.o
    0x08001d6c   0x08001d6c   0x00000002   Code   RO         3933    i.HAL_TIM_Base_MspInit  stm32f4xx_hal_tim.o
    0x08001d6e   0x08001d6e   0x0000002a   Code   RO         3934    i.HAL_TIM_Base_Start  stm32f4xx_hal_tim.o
    0x08001d98   0x08001d98   0x0000002a   Code   RO         3936    i.HAL_TIM_Base_Start_IT  stm32f4xx_hal_tim.o
    0x08001dc2   0x08001dc2   0x00000038   Code   RO         3937    i.HAL_TIM_Base_Stop  stm32f4xx_hal_tim.o
    0x08001dfa   0x08001dfa   0x00000038   Code   RO         3939    i.HAL_TIM_Base_Stop_IT  stm32f4xx_hal_tim.o
    0x08001e32   0x08001e32   0x00000002   Code   RO         3960    i.HAL_TIM_IC_CaptureCallback  stm32f4xx_hal_tim.o
    0x08001e34   0x08001e34   0x00000196   Code   RO         3974    i.HAL_TIM_IRQHandler  stm32f4xx_hal_tim.o
    0x08001fca   0x08001fca   0x00000002   Code   RO         3977    i.HAL_TIM_OC_DelayElapsedCallback  stm32f4xx_hal_tim.o
    0x08001fcc   0x08001fcc   0x00000108   Code   RO         3998    i.HAL_TIM_PWM_ConfigChannel  stm32f4xx_hal_tim.o
    0x080020d4   0x080020d4   0x00000034   Code   RO         4001    i.HAL_TIM_PWM_Init  stm32f4xx_hal_tim.o
    0x08002108   0x08002108   0x00000002   Code   RO         4003    i.HAL_TIM_PWM_MspInit  stm32f4xx_hal_tim.o
    0x0800210a   0x0800210a   0x00000002   Code   RO         4004    i.HAL_TIM_PWM_PulseFinishedCallback  stm32f4xx_hal_tim.o
    0x0800210c   0x0800210c   0x00000058   Code   RO         4006    i.HAL_TIM_PWM_Start  stm32f4xx_hal_tim.o
    0x08002164   0x08002164   0x00000002   Code   RO         4012    i.HAL_TIM_PeriodElapsedCallback  stm32f4xx_hal_tim.o
    0x08002166   0x08002166   0x00000002   Code   RO         4017    i.HAL_TIM_TriggerCallback  stm32f4xx_hal_tim.o
    0x08002168   0x08002168   0x00000030   Code   RO         1924    i.ITM_SendChar      retarget_io.o
    0x08002198   0x08002198   0x0000005c   Code   RO            5    i.InitButton        main.o
    0x080021f4   0x080021f4   0x000000b0   Code   RO            6    i.InitGPIO          main.o
    0x080022a4   0x080022a4   0x0000004c   Code   RO            8    i.InitServo         main.o
    0x080022f0   0x080022f0   0x00000058   Code   RO            9    i.InitTimer3        main.o
    0x08002348   0x08002348   0x00000044   Code   RO           10    i.SetupPWM_TIM3     main.o
    0x0800238c   0x0800238c   0x00000014   Code   RO           11    i.SysTick_Handler   main.o
    0x080023a0   0x080023a0   0x000000ac   Code   RO           12    i.SystemClock_Config  main.o
    0x0800244c   0x0800244c   0x00000064   Code   RO         4876    i.SystemInit        system_stm32f4xx.o
    0x080024b0   0x080024b0   0x00000030   Code   RO           13    i.TIM5_IRQHandler   main.o
    0x080024e0   0x080024e0   0x000000d8   Code   RO         4019    i.TIM_Base_SetConfig  stm32f4xx_hal_tim.o
    0x080025b8   0x080025b8   0x00000022   Code   RO         4020    i.TIM_CCxChannelCmd  stm32f4xx_hal_tim.o
    0x080025da   0x080025da   0x00000002   PAD
    0x080025dc   0x080025dc   0x00000070   Code   RO         4032    i.TIM_OC1_SetConfig  stm32f4xx_hal_tim.o
    0x0800264c   0x0800264c   0x0000007c   Code   RO         4033    i.TIM_OC2_SetConfig  stm32f4xx_hal_tim.o
    0x080026c8   0x080026c8   0x00000078   Code   RO         4034    i.TIM_OC3_SetConfig  stm32f4xx_hal_tim.o
    0x08002740   0x08002740   0x00000054   Code   RO         4035    i.TIM_OC4_SetConfig  stm32f4xx_hal_tim.o
    0x08002794   0x08002794   0x00000010   Code   RO         2212    i.__NVIC_GetPriorityGrouping  stm32f4xx_hal_cortex.o
    0x080027a4   0x080027a4   0x00000028   Code   RO         2213    i.__NVIC_SetPriority  stm32f4xx_hal_cortex.o
    0x080027cc   0x080027cc   0x00000014   Code   RO          525    i.__isReadyToRun    coffee_task.o
    0x080027e0   0x080027e0   0x00000026   Code   RO         1925    i._sys_close        retarget_io.o
    0x08002806   0x08002806   0x00000024   Code   RO         1926    i._sys_flen         retarget_io.o
    0x0800282a   0x0800282a   0x00000024   Code   RO         1927    i._sys_istty        retarget_io.o
    0x0800284e   0x0800284e   0x00000002   PAD
    0x08002850   0x08002850   0x00000068   Code   RO         1928    i._sys_open         retarget_io.o
    0x080028b8   0x080028b8   0x0000002c   Code   RO         1930    i._sys_seek         retarget_io.o
    0x080028e4   0x080028e4   0x00000046   Code   RO         1931    i._sys_write        retarget_io.o
    0x0800292a   0x0800292a   0x00000002   PAD
    0x0800292c   0x0800292c   0x00000040   Code   RO          669    i.arrangeTaskPosition  task_schedule.o
    0x0800296c   0x0800296c   0x00000038   Code   RO           14    i.blinkLEDS         main.o
    0x080029a4   0x080029a4   0x0000000c   Code   RO           15    i.buttonIrqCallback  main.o
    0x080029b0   0x080029b0   0x00000028   Code   RO          526    i.compareTaskByPriority  coffee_task.o
    0x080029d8   0x080029d8   0x00000056   Code   RO          527    i.compareTaskEDF    coffee_task.o
    0x08002a2e   0x08002a2e   0x0000005a   Code   RO          528    i.compareTaskLLS    coffee_task.o
    0x08002a88   0x08002a88   0x00000058   Code   RO          529    i.compareTaskSJF    coffee_task.o
    0x08002ae0   0x08002ae0   0x00000058   Code   RO           16    i.counting500ms     main.o
    0x08002b38   0x08002b38   0x0000001a   Code   RO         4999    i.fputc             c_w.l(fputc.o)
    0x08002b52   0x08002b52   0x00000002   PAD
    0x08002b54   0x08002b54   0x00000068   Code   RO          670    i.getTask           task_schedule.o
    0x08002bbc   0x08002bbc   0x00000020   Code   RO          671    i.idleTaskPrint     task_schedule.o
    0x08002bdc   0x08002bdc   0x000000e8   Code   RO           17    i.main              main.o
    0x08002cc4   0x08002cc4   0x00000098   Code   RO         1270    i.prvAddCurrentTaskToDelayedList  tasks.o
    0x08002d5c   0x08002d5c   0x000000b8   Code   RO         1271    i.prvAddNewTaskToReadyList  tasks.o
    0x08002e14   0x08002e14   0x00000064   Code   RO         1634    i.prvCheckForValidListAndQueue  timers.o
    0x08002e78   0x08002e78   0x00000048   Code   RO         1272    i.prvCheckTasksWaitingTermination  tasks.o
    0x08002ec0   0x08002ec0   0x0000002a   Code   RO          893    i.prvCopyDataFromQueue  queue.o
    0x08002eea   0x08002eea   0x0000007e   Code   RO          894    i.prvCopyDataToQueue  queue.o
    0x08002f68   0x08002f68   0x00000012   Code   RO         1273    i.prvDeleteTCB      tasks.o
    0x08002f7a   0x08002f7a   0x00000002   PAD
    0x08002f7c   0x08002f7c   0x00000028   Code   RO         1635    i.prvGetNextExpireTime  timers.o
    0x08002fa4   0x08002fa4   0x0000007c   Code   RO         1791    i.prvHeapInit       heap_4.o
    0x08003020   0x08003020   0x00000028   Code   RO         1274    i.prvIdleTask       tasks.o
    0x08003048   0x08003048   0x0000002a   Code   RO          897    i.prvInitialiseNewQueue  queue.o
    0x08003072   0x08003072   0x000000c0   Code   RO         1275    i.prvInitialiseNewTask  tasks.o
    0x08003132   0x08003132   0x00000002   PAD
    0x08003134   0x08003134   0x00000068   Code   RO         1276    i.prvInitialiseTaskLists  tasks.o
    0x0800319c   0x0800319c   0x00000068   Code   RO         1792    i.prvInsertBlockIntoFreeList  heap_4.o
    0x08003204   0x08003204   0x00000058   Code   RO         1637    i.prvInsertTimerInActiveList  timers.o
    0x0800325c   0x0800325c   0x0000001a   Code   RO          898    i.prvIsQueueEmpty   queue.o
    0x08003276   0x08003276   0x0000001e   Code   RO          899    i.prvIsQueueFull    queue.o
    0x08003294   0x08003294   0x00000074   Code   RO         1638    i.prvProcessExpiredTimer  timers.o
    0x08003308   0x08003308   0x0000013c   Code   RO         1639    i.prvProcessReceivedCommands  timers.o
    0x08003444   0x08003444   0x00000074   Code   RO         1640    i.prvProcessTimerOrBlockTask  timers.o
    0x080034b8   0x080034b8   0x00000030   Code   RO         1278    i.prvResetNextTaskUnblockTime  tasks.o
    0x080034e8   0x080034e8   0x0000002c   Code   RO         1641    i.prvSampleTimeNow  timers.o
    0x08003514   0x08003514   0x000000a4   Code   RO         1642    i.prvSwitchTimerLists  timers.o
    0x080035b8   0x080035b8   0x00000044   Code   RO         1847    i.prvTaskExitError  port.o
    0x080035fc   0x080035fc   0x0000001a   Code   RO         1643    i.prvTimerTask      timers.o
    0x08003616   0x08003616   0x0000007e   Code   RO          900    i.prvUnlockQueue    queue.o
    0x08003694   0x08003694   0x0000017c   Code   RO         1793    i.pvPortMalloc      heap_4.o
    0x08003810   0x08003810   0x0000002c   Code   RO         1848    i.pxPortInitialiseStack  port.o
    0x0800383c   0x0800383c   0x0000004c   Code   RO          582    i.reArrangeQueueByEDF  task_queue.o
    0x08003888   0x08003888   0x0000004c   Code   RO          583    i.reArrangeQueueByLLS  task_queue.o
    0x080038d4   0x080038d4   0x0000004c   Code   RO          584    i.reArrangeQueueByPriority  task_queue.o
    0x08003920   0x08003920   0x0000004c   Code   RO          585    i.reArrangeQueueCustomSchedule  task_queue.o
    0x0800396c   0x0800396c   0x00000040   Code   RO          586    i.resetTaskQueue    task_queue.o
    0x080039ac   0x080039ac   0x0000000c   Code   RO          673    i.setSchedulerType  task_schedule.o
    0x080039b8   0x080039b8   0x00000040   Code   RO          674    i.startSchedule     task_schedule.o
    0x080039f8   0x080039f8   0x00000014   Code   RO           20    i.startTimer500ms   main.o
    0x08003a0c   0x08003a0c   0x0000000c   Code   RO         1932    i.stdout_putchar    retarget_io.o
    0x08003a18   0x08003a18   0x00000014   Code   RO           21    i.stopTimer500ms    main.o
    0x08003a2c   0x08003a2c   0x00000032   Code   RO          530    i.swapTask          coffee_task.o
    0x08003a5e   0x08003a5e   0x00000002   PAD
    0x08003a60   0x08003a60   0x00000024   Code   RO          587    i.task1_action      task_queue.o
    0x08003a84   0x08003a84   0x00000024   Code   RO          588    i.task2_action      task_queue.o
    0x08003aa8   0x08003aa8   0x00000024   Code   RO          589    i.task3_action      task_queue.o
    0x08003acc   0x08003acc   0x00000024   Code   RO          590    i.task4_action      task_queue.o
    0x08003af0   0x08003af0   0x00000038   Code   RO           22    i.turnOffAllLEDS    main.o
    0x08003b28   0x08003b28   0x00000020   Code   RO           25    i.turnOnCurLEDS     main.o
    0x08003b48   0x08003b48   0x00000038   Code   RO           26    i.turnOnGreenLED    main.o
    0x08003b80   0x08003b80   0x00000038   Code   RO           27    i.turnOnOrangeLED   main.o
    0x08003bb8   0x08003bb8   0x0000008c   Code   RO          591    i.updateStatusForAllTask  task_queue.o
    0x08003c44   0x08003c44   0x00000064   Code   RO          592    i.updateTimeForAllTask  task_queue.o
    0x08003ca8   0x08003ca8   0x00000028   Code   RO          853    i.uxListRemove      list.o
    0x08003cd0   0x08003cd0   0x00000004   Code   RO           30    i.vApplicationMallocFailedHook  main.o
    0x08003cd4   0x08003cd4   0x000000e4   Code   RO           33    i.vDetectButtonType  main.o
    0x08003db8   0x08003db8   0x0000001a   Code   RO          854    i.vListInitialise   list.o
    0x08003dd2   0x08003dd2   0x00000006   Code   RO          855    i.vListInitialiseItem  list.o
    0x08003dd8   0x08003dd8   0x00000034   Code   RO          856    i.vListInsert       list.o
    0x08003e0c   0x08003e0c   0x00000018   Code   RO          857    i.vListInsertEnd    list.o
    0x08003e24   0x08003e24   0x00000058   Code   RO         1850    i.vPortEnterCritical  port.o
    0x08003e7c   0x08003e7c   0x00000040   Code   RO         1851    i.vPortExitCritical  port.o
    0x08003ebc   0x08003ebc   0x000000a8   Code   RO         1794    i.vPortFree         heap_4.o
    0x08003f64   0x08003f64   0x00000028   Code   RO         1852    i.vPortSetupTimerInterrupt  port.o
    0x08003f8c   0x08003f8c   0x0000007c   Code   RO         1853    i.vPortValidateInterruptPriority  port.o
    0x08004008   0x08004008   0x0000002c   Code   RO          906    i.vQueueAddToRegistry  queue.o
    0x08004034   0x08004034   0x0000004a   Code   RO          910    i.vQueueWaitForMessageRestricted  queue.o
    0x0800407e   0x0800407e   0x00000002   PAD
    0x08004080   0x08004080   0x0000005c   Code   RO         1290    i.vTaskDelay        tasks.o
    0x080040dc   0x080040dc   0x0000008c   Code   RO           36    i.vTaskDetectUserState  main.o
    0x08004168   0x08004168   0x00000018   Code   RO         1295    i.vTaskInternalSetTimeOutState  tasks.o
    0x08004180   0x08004180   0x0000000c   Code   RO         1296    i.vTaskMissedYield  tasks.o
    0x0800418c   0x0800418c   0x0000003c   Code   RO         1297    i.vTaskPlaceOnEventList  tasks.o
    0x080041c8   0x080041c8   0x00000044   Code   RO         1298    i.vTaskPlaceOnEventListRestricted  tasks.o
    0x0800420c   0x0800420c   0x00000070   Code   RO           38    i.vTaskRunSchedule  main.o
    0x0800427c   0x0800427c   0x0000009c   Code   RO         1306    i.vTaskStartScheduler  tasks.o
    0x08004318   0x08004318   0x00000010   Code   RO         1308    i.vTaskSuspendAll   tasks.o
    0x08004328   0x08004328   0x0000008c   Code   RO         1309    i.vTaskSwitchContext  tasks.o
    0x080043b4   0x080043b4   0x00000170   Code   RO         1854    i.xPortStartScheduler  port.o
    0x08004524   0x08004524   0x00000034   Code   RO         1855    i.xPortSysTickHandler  port.o
    0x08004558   0x08004558   0x000000a8   Code   RO          913    i.xQueueGenericCreate  queue.o
    0x08004600   0x08004600   0x00000098   Code   RO          914    i.xQueueGenericReset  queue.o
    0x08004698   0x08004698   0x000001b0   Code   RO          915    i.xQueueGenericSend  queue.o
    0x08004848   0x08004848   0x00000128   Code   RO          916    i.xQueueGenericSendFromISR  queue.o
    0x08004970   0x08004970   0x00000170   Code   RO          923    i.xQueueReceive     queue.o
    0x08004ae0   0x08004ae0   0x00000094   Code   RO         1311    i.xTaskCheckForTimeOut  tasks.o
    0x08004b74   0x08004b74   0x00000060   Code   RO         1312    i.xTaskCreate       tasks.o
    0x08004bd4   0x08004bd4   0x00000020   Code   RO         1319    i.xTaskGetSchedulerState  tasks.o
    0x08004bf4   0x08004bf4   0x0000000c   Code   RO         1320    i.xTaskGetTickCount  tasks.o
    0x08004c00   0x08004c00   0x00000148   Code   RO         1322    i.xTaskIncrementTick  tasks.o
    0x08004d48   0x08004d48   0x000000c0   Code   RO         1323    i.xTaskPriorityDisinherit  tasks.o
    0x08004e08   0x08004e08   0x0000009c   Code   RO         1325    i.xTaskRemoveFromEventList  tasks.o
    0x08004ea4   0x08004ea4   0x00000108   Code   RO         1326    i.xTaskResumeAll    tasks.o
    0x08004fac   0x08004fac   0x00000058   Code   RO         1651    i.xTimerCreateTimerTask  timers.o
    0x08005004   0x08005004   0x00000084   Code   RO         1652    i.xTimerGenericCommand  timers.o
    0x08005088   0x08005088   0x0000000a   Code   RO         5220    x$fpl$fpinit        fz_wm.l(fpinit.o)
    0x08005092   0x08005092   0x00000002   PAD
    0x08005094   0x08005094   0x00000060   Data   RO          594    .constdata          task_queue.o
    0x080050f4   0x080050f4   0x00000017   Data   RO         1933    .constdata          retarget_io.o
    0x0800510b   0x0800510b   0x00000018   Data   RO         4877    .constdata          system_stm32f4xx.o
    0x08005123   0x08005123   0x00000001   PAD
    0x08005124   0x08005124   0x00000020   Data   RO         5307    Region$$Table       anon$$obj.o


    Execution Region ER_RW (Exec base: 0x20000000, Load base: 0x08005144, Size: 0x00000110, Max: 0xffffffff, ABSOLUTE)

    Exec Addr    Load Addr    Size         Type   Attr      Idx    E Section Name        Object

    0x20000000   0x08005144   0x00000040   Data   RW           40    .data               main.o
    0x20000040   0x08005184   0x00000031   Data   RW          675    .data               task_schedule.o
    0x20000071   0x080051b5   0x00000003   PAD
    0x20000074   0x080051b8   0x00000040   Data   RW         1329    .data               tasks.o
    0x200000b4   0x080051f8   0x00000014   Data   RW         1658    .data               timers.o
    0x200000c8   0x0800520c   0x00000020   Data   RW         1800    .data               heap_4.o
    0x200000e8   0x0800522c   0x0000000c   Data   RW         1856    .data               port.o
    0x200000f4   0x08005238   0x00000009   Data   RW         2035    .data               stm32f4xx_hal.o
    0x200000fd   0x08005241   0x00000003   PAD
    0x20000100   0x08005244   0x00000004   Data   RW         4878    .data               system_stm32f4xx.o
    0x20000104   0x08005248   0x00000004   Data   RW         4972    .data               c_w.l(stdio_streams.o)
    0x20000108   0x0800524c   0x00000004   Data   RW         4973    .data               c_w.l(stdio_streams.o)
    0x2000010c   0x08005250   0x00000004   Data   RW         4974    .data               c_w.l(stdio_streams.o)


    Execution Region ER_ZI (Exec base: 0x20000110, Load base: 0x08005254, Size: 0x0000aba0, Max: 0xffffffff, ABSOLUTE)

    Exec Addr    Load Addr    Size         Type   Attr      Idx    E Section Name        Object

    0x20000110        -       0x000002b4   Zero   RW           39    .bss                main.o
    0x200003c4        -       0x00000060   Zero   RW          593    .bss                task_queue.o
    0x20000424        -       0x00000040   Zero   RW          927    .bss                queue.o
    0x20000464        -       0x000000c8   Zero   RW         1328    .bss                tasks.o
    0x2000052c        -       0x00000028   Zero   RW         1657    .bss                timers.o
    0x20000554        -       0x0000a000   Zero   RW         1799    .bss                heap_4.o
    0x2000a554        -       0x00000054   Zero   RW         4969    .bss                c_w.l(stdio_streams.o)
    0x2000a5a8        -       0x00000054   Zero   RW         4970    .bss                c_w.l(stdio_streams.o)
    0x2000a5fc        -       0x00000054   Zero   RW         4971    .bss                c_w.l(stdio_streams.o)
    0x2000a650        -       0x00000060   Zero   RW         5167    .bss                c_w.l(libspace.o)
    0x2000a6b0        -       0x00000200   Zero   RW         4866    HEAP                startup_stm32f407xx.o
    0x2000a8b0        -       0x00000400   Zero   RW         4865    STACK               startup_stm32f407xx.o


==============================================================================

Image component sizes


      Code (inc. data)   RO Data    RW Data    ZI Data      Debug   Object Name

       374          0          0          0          0       5530   coffee_task.o
         0          0          0          0          0      13872   event_groups.o
       776         74          0         32      40960       5423   heap_4.o
       148          0          0          0          0       3846   list.o
      1872        288          0         64        692     723165   main.o
      1038         98          0         12          0      12901   port.o
      1926         20          0          0         64      18258   queue.o
       388         30         23          0          0       7390   retarget_io.o
        64         26        392          0       1536        896   startup_stm32f407xx.o
       160         30          0          9          0       9517   stm32f4xx_hal.o
       312         22          0          0          0      35147   stm32f4xx_hal_cortex.o
       540         46          0          0          0       3539   stm32f4xx_hal_gpio.o
        72          4          0          0          0       1161   stm32f4xx_hal_msp.o
      1724         58          0          0          0       4436   stm32f4xx_hal_rcc.o
       416         20          0          0          0       1776   stm32f4xx_hal_rcc_ex.o
      1762         90          0          0          0      17591   stm32f4xx_hal_tim.o
         4          0          0          0          0       2029   stm32f4xx_hal_tim_ex.o
       100         18         24          4          0       1563   system_stm32f4xx.o
       752        132         96          0         96       8080   task_queue.o
       276         52          0         49          0       3647   task_schedule.o
      2606        352          0         64        200      29888   tasks.o
      1230        110          0         20         40      25103   timers.o

    ----------------------------------------------------------------------
     16556       1470        568        260      43588     934758   Object Totals
         0          0         32          0          0          0   (incl. Generated)
        16          0          1          6          0          0   (incl. Padding)

    ----------------------------------------------------------------------

      Code (inc. data)   RO Data    RW Data    ZI Data      Debug   Library Member Name

         8          0          0          0          0         68   __main.o
       104          0          0          0          0         84   __printf.o
         0          0          0          0          0          0   __rtentry.o
        12          0          0          0          0          0   __rtentry2.o
         6          0          0          0          0          0   __rtentry4.o
        52          8          0          0          0          0   __scatter.o
        26          0          0          0          0          0   __scatter_copy.o
        28          0          0          0          0          0   __scatter_zi.o
        48          6          0          0          0         96   _printf_char_common.o
        36          4          0          0          0         80   _printf_char_file.o
         0          0          0          0          0          0   _printf_percent.o
         4          0          0          0          0          0   _printf_percent_end.o
        16          0          0          0          0         68   aeabi_memset.o
        10          0          0          0          0         68   defsig_exit.o
        50          0          0          0          0         88   defsig_general.o
        80         58          0          0          0         76   defsig_rtmem_inner.o
        14          0          0          0          0         80   defsig_rtmem_outer.o
        52         38          0          0          0         76   defsig_rtred_inner.o
        14          0          0          0          0         80   defsig_rtred_outer.o
        18          0          0          0          0         80   exit.o
        76          0          0          0          0         88   fclose.o
         8          0          0          0          0         68   ferror.o
       470          0          0          0          0         88   flsbuf.o
       236          4          0          0          0        128   fopen.o
        26          0          0          0          0         68   fputc.o
       248          6          0          0          0         84   fseek.o
        66          0          0          0          0         76   ftell.o
        94          0          0          0          0         80   h1_alloc.o
        52          0          0          0          0         68   h1_extend.o
        78          0          0          0          0         80   h1_free.o
        14          0          0          0          0         84   h1_init.o
         6          0          0          0          0        152   heapauxi.o
         4          0          0          0          0        136   hguard.o
         0          0          0          0          0          0   indicate_semi.o
       138          0          0          0          0        168   init_alloc.o
       312         46          0          0          0        112   initio.o
         2          0          0          0          0          0   libinit.o
        18          0          0          0          0          0   libinit2.o
         2          0          0          0          0          0   libshutdown.o
         6          0          0          0          0          0   libshutdown2.o
         8          4          0          0         96         68   libspace.o
       238          0          0          0          0        100   lludivv7m.o
         0          0          0          0          0          0   maybetermalloc1.o
        24          4          0          0          0         84   noretval__2printf.o
         8          4          0          0          0         68   rt_errno_addr_intlibspace.o
         8          4          0          0          0         68   rt_heap_descriptor_intlibspace.o
        68          0          0          0          0         68   rt_memclr.o
        78          0          0          0          0         80   rt_memclr_w.o
       138          0          0          0          0         68   rt_memcpy_v6.o
       100          0          0          0          0         80   rt_memcpy_w.o
         2          0          0          0          0          0   rtexit.o
        10          0          0          0          0          0   rtexit2.o
        70          0          0          0          0         80   setvbuf.o
       240          6          0          0          0        156   stdio.o
         0          0          0         12        252          0   stdio_streams.o
       128          0          0          0          0         68   strcmpv7m.o
        12          4          0          0          0         68   sys_exit.o
        74          0          0          0          0         80   sys_stackheap_outer.o
        14          0          0          0          0         76   sys_wrch.o
         2          0          0          0          0         68   use_no_semi.o
        10          0          0          0          0        116   fpinit.o

    ----------------------------------------------------------------------
      3680        196          0         12        348       3820   Library Totals
        14          0          0          0          0          0   (incl. Padding)

    ----------------------------------------------------------------------

      Code (inc. data)   RO Data    RW Data    ZI Data      Debug   Library Name

      3656        196          0         12        348       3704   c_w.l
        10          0          0          0          0        116   fz_wm.l

    ----------------------------------------------------------------------
      3680        196          0         12        348       3820   Library Totals

    ----------------------------------------------------------------------

==============================================================================


      Code (inc. data)   RO Data    RW Data    ZI Data      Debug   

     20236       1666        568        272      43936     920898   Grand Totals
     20236       1666        568        272      43936     920898   ELF Image Totals
     20236       1666        568        272          0          0   ROM Totals

==============================================================================

    Total RO  Size (Code + RO Data)                20804 (  20.32kB)
    Total RW  Size (RW Data + ZI Data)             44208 (  43.17kB)
    Total ROM Size (Code + RO Data + RW Data)      21076 (  20.58kB)

==============================================================================

