Component: ARM Compiler 5.06 update 7 (build 960) Tool: armlink [4d3601]

==============================================================================

Section Cross References

    main.o(i.DMA1_Stream5_IRQHandler) refers to stm32f4xx_hal_dma.o(i.HAL_DMA_IRQHandler) for HAL_DMA_IRQHandler
    main.o(i.DMA1_Stream5_IRQHandler) refers to main.o(.bss) for hdma_spi3_tx
    main.o(i.EXTI0_IRQHandler) refers to main.o(i.buttonIrqCallback) for buttonIrqCallback
    main.o(i.InitButton) refers to stm32f4xx_hal_gpio.o(i.HAL_GPIO_Init) for HAL_GPIO_Init
    main.o(i.InitButton) refers to stm32f4xx_hal_cortex.o(i.HAL_NVIC_SetPriority) for HAL_NVIC_SetPriority
    main.o(i.InitButton) refers to stm32f4xx_hal_cortex.o(i.HAL_NVIC_EnableIRQ) for HAL_NVIC_EnableIRQ
    main.o(i.InitButton) refers to main.o(.bss) for GPIO_InitStruct
    main.o(i.InitDMA) refers to stm32f4xx_hal_cortex.o(i.HAL_NVIC_SetPriority) for HAL_NVIC_SetPriority
    main.o(i.InitDMA) refers to stm32f4xx_hal_cortex.o(i.HAL_NVIC_EnableIRQ) for HAL_NVIC_EnableIRQ
    main.o(i.InitGPIO) refers to stm32f4xx_hal_gpio.o(i.HAL_GPIO_WritePin) for HAL_GPIO_WritePin
    main.o(i.InitGPIO) refers to stm32f4xx_hal_gpio.o(i.HAL_GPIO_Init) for HAL_GPIO_Init
    main.o(i.InitI2C1) refers to stm32f4xx_hal_i2c.o(i.HAL_I2C_Init) for HAL_I2C_Init
    main.o(i.InitI2C1) refers to main.o(.bss) for hi2c1
    main.o(i.InitI2S3) refers to stm32f4xx_hal_i2s.o(i.HAL_I2S_Init) for HAL_I2S_Init
    main.o(i.InitI2S3) refers to main.o(.bss) for hi2s3
    main.o(i.InitLED) refers to stm32f4xx_hal_gpio.o(i.HAL_GPIO_Init) for HAL_GPIO_Init
    main.o(i.InitLED) refers to main.o(.bss) for GPIO_InitStruct
    main.o(i.SysTick_Handler) refers to stm32f4xx_hal.o(i.HAL_IncTick) for HAL_IncTick
    main.o(i.SysTick_Handler) refers to tasks.o(i.xTaskGetSchedulerState) for xTaskGetSchedulerState
    main.o(i.SysTick_Handler) refers to port.o(i.xPortSysTickHandler) for xPortSysTickHandler
    main.o(i.SystemClock_Config) refers to stm32f4xx_hal_rcc.o(i.HAL_RCC_OscConfig) for HAL_RCC_OscConfig
    main.o(i.SystemClock_Config) refers to stm32f4xx_hal_rcc.o(i.HAL_RCC_ClockConfig) for HAL_RCC_ClockConfig
    main.o(i.SystemClock_Config) refers to stm32f4xx_hal_rcc_ex.o(i.HAL_RCCEx_PeriphCLKConfig) for HAL_RCCEx_PeriphCLKConfig
    main.o(i.TIM5_IRQHandler) refers to stm32f4xx_hal_tim.o(i.HAL_TIM_IRQHandler) for HAL_TIM_IRQHandler
    main.o(i.TIM5_IRQHandler) refers to main.o(.bss) for TIM_InitStruct_2
    main.o(i.TIM5_IRQHandler) refers to main.o(.data) for timeOut
    main.o(i.blinkLEDS) refers to main.o(i.turnOnRedLED) for turnOnRedLED
    main.o(i.blinkLEDS) refers to main.o(i.turnOnGreenLED) for turnOnGreenLED
    main.o(i.blinkLEDS) refers to main.o(i.turnOnBlueLED) for turnOnBlueLED
    main.o(i.blinkLEDS) refers to main.o(i.turnOnOrangeLED) for turnOnOrangeLED
    main.o(i.blinkLEDS) refers to tasks.o(i.vTaskDelay) for vTaskDelay
    main.o(i.blinkLEDS) refers to main.o(i.turnOffAllLEDS) for turnOffAllLEDS
    main.o(i.buttonIrqCallback) refers to main.o(.data) for button_trigger_flag
    main.o(i.counting500ms) refers to stm32f4xx_hal_tim.o(i.HAL_TIM_Base_Init) for HAL_TIM_Base_Init
    main.o(i.counting500ms) refers to stm32f4xx_hal_cortex.o(i.HAL_NVIC_EnableIRQ) for HAL_NVIC_EnableIRQ
    main.o(i.counting500ms) refers to main.o(.bss) for TIM_InitStruct_2
    main.o(i.main) refers to system_stm32f4xx.o(i.SystemInit) for SystemInit
    main.o(i.main) refers to stm32f4xx_hal.o(i.HAL_Init) for HAL_Init
    main.o(i.main) refers to main.o(i.SystemClock_Config) for SystemClock_Config
    main.o(i.main) refers to main.o(i.InitGPIO) for InitGPIO
    main.o(i.main) refers to main.o(i.InitButton) for InitButton
    main.o(i.main) refers to main.o(i.InitDMA) for InitDMA
    main.o(i.main) refers to main.o(i.InitI2C1) for InitI2C1
    main.o(i.main) refers to main.o(i.InitI2S3) for InitI2S3
    main.o(i.main) refers to main.o(i.counting500ms) for counting500ms
    main.o(i.main) refers to queue.o(i.xQueueGenericCreate) for xQueueGenericCreate
    main.o(i.main) refers to tasks.o(i.xTaskCreate) for xTaskCreate
    main.o(i.main) refers to tasks.o(i.vTaskStartScheduler) for vTaskStartScheduler
    main.o(i.main) refers to main.o(.data) for soundOn
    main.o(i.main) refers to main.o(i.vDetectButtonType) for vDetectButtonType
    main.o(i.main) refers to main.o(i.vTaskDetectUserState) for vTaskDetectUserState
    main.o(i.main) refers to main.o(i.vTaskPlaySong) for vTaskPlaySong
    main.o(i.playTone) refers to rt_memcpy_w.o(.text) for __aeabi_memcpy4
    main.o(i.playTone) refers to my_cs43l22.o(i.CS43_Init) for CS43_Init
    main.o(i.playTone) refers to my_cs43l22.o(i.CS43_SetVolume) for CS43_SetVolume
    main.o(i.playTone) refers to my_cs43l22.o(i.CS43_Enable_RightLeft) for CS43_Enable_RightLeft
    main.o(i.playTone) refers to my_cs43l22.o(i.CS43_Start) for CS43_Start
    main.o(i.playTone) refers to sinf.o(i.__hardfp_sinf) for __hardfp_sinf
[...]
    prvCheckTasksWaitingTermination          0x08003f01   Thumb Code    60  tasks.o(i.prvCheckTasksWaitingTermination)
    i.prvCopyDataFromQueue                   0x08003f48   Section        0  queue.o(i.prvCopyDataFromQueue)
    prvCopyDataFromQueue                     0x08003f49   Thumb Code    42  queue.o(i.prvCopyDataFromQueue)
    i.prvCopyDataToQueue                     0x08003f72   Section        0  queue.o(i.prvCopyDataToQueue)
    prvCopyDataToQueue                       0x08003f73   Thumb Code   126  queue.o(i.prvCopyDataToQueue)
    i.prvDeleteTCB                           0x08003ff0   Section        0  tasks.o(i.prvDeleteTCB)
    prvDeleteTCB                             0x08003ff1   Thumb Code    18  tasks.o(i.prvDeleteTCB)
    i.prvGetNextExpireTime                   0x08004004   Section        0  timers.o(i.prvGetNextExpireTime)
    prvGetNextExpireTime                     0x08004005   Thumb Code    36  timers.o(i.prvGetNextExpireTime)
    i.prvHeapInit                            0x0800402c   Section        0  heap_4.o(i.prvHeapInit)
    prvHeapInit                              0x0800402d   Thumb Code    98  heap_4.o(i.prvHeapInit)
    i.prvIdleTask                            0x080040a8   Section        0  tasks.o(i.prvIdleTask)
    prvIdleTask                              0x080040a9   Thumb Code    32  tasks.o(i.prvIdleTask)
    i.prvInitialiseNewQueue                  0x080040d0   Section        0  queue.o(i.prvInitialiseNewQueue)
    prvInitialiseNewQueue                    0x080040d1   Thumb Code    42  queue.o(i.prvInitialiseNewQueue)
    i.prvInitialiseNewTask                   0x080040fa   Section        0  tasks.o(i.prvInitialiseNewTask)
    prvInitialiseNewTask                     0x080040fb   Thumb Code   192  tasks.o(i.prvInitialiseNewTask)
    i.prvInitialiseTaskLists                 0x080041bc   Section        0  tasks.o(i.prvInitialiseTaskLists)
    prvInitialiseTaskLists                   0x080041bd   Thumb Code    70  tasks.o(i.prvInitialiseTaskLists)
    i.prvInsertBlockIntoFreeList             0x08004224   Section        0  heap_4.o(i.prvInsertBlockIntoFreeList)
    prvInsertBlockIntoFreeList               0x08004225   Thumb Code    96  heap_4.o(i.prvInsertBlockIntoFreeList)
    i.prvInsertTimerInActiveList             0x0800428c   Section        0  timers.o(i.prvInsertTimerInActiveList)
    prvInsertTimerInActiveList               0x0800428d   Thumb Code    80  timers.o(i.prvInsertTimerInActiveList)
    i.prvIsQueueEmpty                        0x080042e4   Section        0  queue.o(i.prvIsQueueEmpty)
    prvIsQueueEmpty                          0x080042e5   Thumb Code    26  queue.o(i.prvIsQueueEmpty)
    i.prvIsQueueFull                         0x080042fe   Section        0  queue.o(i.prvIsQueueFull)
    prvIsQueueFull                           0x080042ff   Thumb Code    30  queue.o(i.prvIsQueueFull)
    i.prvProcessExpiredTimer                 0x0800431c   Section        0  timers.o(i.prvProcessExpiredTimer)
    prvProcessExpiredTimer                   0x0800431d   Thumb Code   112  timers.o(i.prvProcessExpiredTimer)
    i.prvProcessReceivedCommands             0x08004390   Section        0  timers.o(i.prvProcessReceivedCommands)
    prvProcessReceivedCommands               0x08004391   Thumb Code   312  timers.o(i.prvProcessReceivedCommands)
    i.prvProcessTimerOrBlockTask             0x080044cc   Section        0  timers.o(i.prvProcessTimerOrBlockTask)
    prvProcessTimerOrBlockTask               0x080044cd   Thumb Code   102  timers.o(i.prvProcessTimerOrBlockTask)
    i.prvResetNextTaskUnblockTime            0x08004540   Section        0  tasks.o(i.prvResetNextTaskUnblockTime)
    prvResetNextTaskUnblockTime              0x08004541   Thumb Code    40  tasks.o(i.prvResetNextTaskUnblockTime)
    i.prvSampleTimeNow                       0x08004570   Section        0  timers.o(i.prvSampleTimeNow)
    prvSampleTimeNow                         0x08004571   Thumb Code    40  timers.o(i.prvSampleTimeNow)
    i.prvSwitchTimerLists                    0x0800459c   Section        0  timers.o(i.prvSwitchTimerLists)
    prvSwitchTimerLists                      0x0800459d   Thumb Code   156  timers.o(i.prvSwitchTimerLists)
    i.prvTaskExitError                       0x08004640   Section        0  port.o(i.prvTaskExitError)
    prvTaskExitError                         0x08004641   Thumb Code    62  port.o(i.prvTaskExitError)
    i.prvTimerTask                           0x08004684   Section        0  timers.o(i.prvTimerTask)
    prvTimerTask                             0x08004685   Thumb Code    26  timers.o(i.prvTimerTask)
    i.prvUnlockQueue                         0x0800469e   Section        0  queue.o(i.prvUnlockQueue)
    prvUnlockQueue                           0x0800469f   Thumb Code   126  queue.o(i.prvUnlockQueue)
    i.pvPortMalloc                           0x0800471c   Section        0  heap_4.o(i.pvPortMalloc)
    i.pxPortInitialiseStack                  0x08004898   Section        0  port.o(i.pxPortInitialiseStack)
    i.read_register                          0x080048c4   Section        0  my_cs43l22.o(i.read_register)
    read_register                            0x080048c5   Thumb Code    44  my_cs43l22.o(i.read_register)
    i.startTimer500ms                        0x080048f8   Section        0  main.o(i.startTimer500ms)
    i.stopTimer500ms                         0x0800490c   Section        0  main.o(i.stopTimer500ms)
    i.turnOffAllLEDS                         0x08004920   Section        0  main.o(i.turnOffAllLEDS)
    i.turnOnBlueLED                          0x08004958   Section        0  main.o(i.turnOnBlueLED)
    i.turnOnCurLEDS                          0x08004990   Section        0  main.o(i.turnOnCurLEDS)
    i.turnOnGreenLED                         0x080049c4   Section        0  main.o(i.turnOnGreenLED)
    i.turnOnOrangeLED                        0x080049fc   Section        0  main.o(i.turnOnOrangeLED)
    i.turnOnRedLED                           0x08004a34   Section        0  main.o(i.turnOnRedLED)
    i.uxListRemove                           0x08004a6c   Section        0  list.o(i.uxListRemove)
    i.vApplicationMallocFailedHook           0x08004a94   Section        0  main.o(i.vApplicationMallocFailedHook)
    i.vDetectButtonType                      0x08004a98   Section        0  main.o(i.vDetectButtonType)
    i.vListInitialise                        0x08004b7c   Section        0  list.o(i.vListInitialise)
    i.vListInitialiseItem                    0x08004b96   Section        0  list.o(i.vListInitialiseItem)
    i.vListInsert                            0x08004b9c   Section        0  list.o(i.vListInsert)
    i.vListInsertEnd                         0x08004bd0   Section        0  list.o(i.vListInsertEnd)
    i.vPortEnterCritical                     0x08004be8   Section        0  port.o(i.vPortEnterCritical)
    i.vPortExitCritical                      0x08004c40   Section        0  port.o(i.vPortExitCritical)
    i.vPortFree                              0x08004c80   Section        0  heap_4.o(i.vPortFree)
    i.vPortSetupTimerInterrupt               0x08004d28   Section        0  port.o(i.vPortSetupTimerInterrupt)
    i.vPortValidateInterruptPriority         0x08004d50   Section        0  port.o(i.vPortValidateInterruptPriority)
    i.vQueueAddToRegistry                    0x08004dcc   Section        0  queue.o(i.vQueueAddToRegistry)
    i.vQueueWaitForMessageRestricted         0x08004df8   Section        0  queue.o(i.vQueueWaitForMessageRestricted)
    i.vTaskDelay                             0x08004e44   Section        0  tasks.o(i.vTaskDelay)
    i.vTaskDetectUserState                   0x08004ea0   Section        0  main.o(i.vTaskDetectUserState)
    i.vTaskInternalSetTimeOutState           0x08004fe8   Section        0  tasks.o(i.vTaskInternalSetTimeOutState)
    i.vTaskMissedYield                       0x08005000   Section        0  tasks.o(i.vTaskMissedYield)
    i.vTaskPlaceOnEventList                  0x0800500c   Section        0  tasks.o(i.vTaskPlaceOnEventList)
    i.vTaskPlaceOnEventListRestricted        0x08005048   Section        0  tasks.o(i.vTaskPlaceOnEventListRestricted)
    i.vTaskPlaySong                          0x0800508c   Section        0  main.o(i.vTaskPlaySong)
    i.vTaskStartScheduler                    0x080050d8   Section        0  tasks.o(i.vTaskStartScheduler)
    i.vTaskSuspendAll                        0x08005174   Section        0  tasks.o(i.vTaskSuspendAll)
    i.vTaskSwitchContext                     0x08005184   Section        0  tasks.o(i.vTaskSwitchContext)
    i.write_register                         0x08005210   Section        0  my_cs43l22.o(i.write_register)
    write_register                           0x08005211   Thumb Code    34  my_cs43l22.o(i.write_register)
    i.xPortStartScheduler                    0x0800523c   Section        0  port.o(i.xPortStartScheduler)
    i.xPortSysTickHandler                    0x080053ac   Section        0  port.o(i.xPortSysTickHandler)
    i.xQueueGenericCreate                    0x080053e0   Section        0  queue.o(i.xQueueGenericCreate)
    i.xQueueGenericReset                     0x08005488   Section        0  queue.o(i.xQueueGenericReset)
    i.xQueueGenericSend                      0x08005520   Section        0  queue.o(i.xQueueGenericSend)
    i.xQueueGenericSendFromISR               0x080056d0   Section        0  queue.o(i.xQueueGenericSendFromISR)
    i.xQueueReceive                          0x080057f8   Section        0  queue.o(i.xQueueReceive)
    i.xTaskCheckForTimeOut                   0x08005968   Section        0  tasks.o(i.xTaskCheckForTimeOut)
    i.xTaskCreate                            0x080059fc   Section        0  tasks.o(i.xTaskCreate)
    i.xTaskGetSchedulerState                 0x08005a5c   Section        0  tasks.o(i.xTaskGetSchedulerState)
    i.xTaskGetTickCount                      0x08005a7c   Section        0  tasks.o(i.xTaskGetTickCount)
    i.xTaskIncrementTick                     0x08005a88   Section        0  tasks.o(i.xTaskIncrementTick)
    i.xTaskPriorityDisinherit                0x08005bd0   Section        0  tasks.o(i.xTaskPriorityDisinherit)
    i.xTaskRemoveFromEventList               0x08005c90   Section        0  tasks.o(i.xTaskRemoveFromEventList)
    i.xTaskResumeAll                         0x08005d2c   Section        0  tasks.o(i.xTaskResumeAll)
    i.xTimerCreateTimerTask                  0x08005e34   Section        0  timers.o(i.xTimerCreateTimerTask)
    i.xTimerGenericCommand                   0x08005e8c   Section        0  timers.o(i.xTimerGenericCommand)
    x$fpl$fpinit                             0x08005f10   Section       10  fpinit.o(x$fpl$fpinit)
    $v0                                      0x08005f10   Number         0  fpinit.o(x$fpl$fpinit)
    x$fpl$usenofp                            0x08005f1a   Section        0  usenofp.o(x$fpl$usenofp)
    .constdata                               0x08005f1c   Section       32  main.o(.constdata)
    .constdata                               0x08005f3c   Section        8  stm32f4xx_hal_dma.o(.constdata)
    flagBitshiftOffset                       0x08005f3c   Data           8  stm32f4xx_hal_dma.o(.constdata)
    .constdata                               0x08005f44   Section       24  system_stm32f4xx.o(.constdata)
    .constdata                               0x08005f5c   Section       32  rredf.o(.constdata)
    twooverpi                                0x08005f5c   Data          32  rredf.o(.constdata)
    .data                                    0x20000000   Section       73  main.o(.data)
    button_trigger_flag                      0x20000001   Data           1  main.o(.data)
    .data                                    0x20000049   Section        2  my_cs43l22.o(.data)
    iData                                    0x20000049   Data           2  my_cs43l22.o(.data)
    .data                                    0x2000004c   Section       64  tasks.o(.data)
    pxDelayedTaskList                        0x20000050   Data           4  tasks.o(.data)
    pxOverflowDelayedTaskList                0x20000054   Data           4  tasks.o(.data)
    uxDeletedTasksWaitingCleanUp             0x20000058   Data           4  tasks.o(.data)
    uxCurrentNumberOfTasks                   0x2000005c   Data           4  tasks.o(.data)
    xTickCount                               0x20000060   Data           4  tasks.o(.data)
    uxTopReadyPriority                       0x20000064   Data           4  tasks.o(.data)
    xSchedulerRunning                        0x20000068   Data           4  tasks.o(.data)
    xPendedTicks                             0x2000006c   Data           4  tasks.o(.data)
    xYieldPending                            0x20000070   Data           4  tasks.o(.data)
    xNumOfOverflows                          0x20000074   Data           4  tasks.o(.data)
    uxTaskNumber                             0x20000078   Data           4  tasks.o(.data)
    xNextTaskUnblockTime                     0x2000007c   Data           4  tasks.o(.data)
    xIdleTaskHandle                          0x20000080   Data           4  tasks.o(.data)
    uxSchedulerSuspended                     0x20000088   Data           4  tasks.o(.data)
    .data                                    0x2000008c   Section       20  timers.o(.data)
    pxCurrentTimerList                       0x2000008c   Data           4  timers.o(.data)
    pxOverflowTimerList                      0x20000090   Data           4  timers.o(.data)
    xTimerQueue                              0x20000094   Data           4  timers.o(.data)
    xTimerTaskHandle                         0x20000098   Data           4  timers.o(.data)
    xLastTime                                0x2000009c   Data           4  timers.o(.data)
    .data                                    0x200000a0   Section       32  heap_4.o(.data)
    xStart                                   0x200000a0   Data           8  heap_4.o(.data)
    pxEnd                                    0x200000a8   Data           4  heap_4.o(.data)
    xFreeBytesRemaining                      0x200000ac   Data           4  heap_4.o(.data)
    xMinimumEverFreeBytesRemaining           0x200000b0   Data           4  heap_4.o(.data)
    xNumberOfSuccessfulAllocations           0x200000b4   Data           4  heap_4.o(.data)
    xNumberOfSuccessfulFrees                 0x200000b8   Data           4  heap_4.o(.data)
    xBlockAllocatedBit                       0x200000bc   Data           4  heap_4.o(.data)
    .data                                    0x200000c0   Section       12  port.o(.data)
    uxCriticalNesting                        0x200000c0   Data           4  port.o(.data)
    ucMaxSysCallPriority                     0x200000c4   Data           1  port.o(.data)
    ulMaxPRIGROUPValue                       0x200000c8   Data           4  port.o(.data)
    .data                                    0x200000cc   Section        9  stm32f4xx_hal.o(.data)
    .data                                    0x200000d8   Section        4  system_stm32f4xx.o(.data)
    .bss                                     0x200000dc   Section      616  main.o(.bss)
    .bss                                     0x20000344   Section       84  my_cs43l22.o(.bss)
    i2cx                                     0x20000344   Data          84  my_cs43l22.o(.bss)
    .bss                                     0x20000398   Section       64  queue.o(.bss)
    .bss                                     0x200003d8   Section      200  tasks.o(.bss)
    pxReadyTasksLists                        0x200003d8   Data         100  tasks.o(.bss)
    xDelayedTaskList1                        0x2000043c   Data          20  tasks.o(.bss)
    xDelayedTaskList2                        0x20000450   Data          20  tasks.o(.bss)
    xPendingReadyList                        0x20000464   Data          20  tasks.o(.bss)
    xTasksWaitingTermination                 0x20000478   Data          20  tasks.o(.bss)
    xSuspendedTaskList                       0x2000048c   Data          20  tasks.o(.bss)
    .bss                                     0x200004a0   Section       40  timers.o(.bss)
    xActiveTimerList1                        0x200004a0   Data          20  timers.o(.bss)
    xActiveTimerList2                        0x200004b4   Data          20  timers.o(.bss)
    .bss                                     0x200004c8   Section    40960  heap_4.o(.bss)
    ucHeap                                   0x200004c8   Data       40960  heap_4.o(.bss)
    .bss                                     0x2000a4c8   Section       96  libspace.o(.bss)
    HEAP                                     0x2000a528   Section      512  startup_stm32f407xx.o(HEAP)
    Heap_Mem                                 0x2000a528   Data         512  startup_stm32f407xx.o(HEAP)
    STACK                                    0x2000a728   Section     1024  startup_stm32f407xx.o(STACK)
    Stack_Mem                                0x2000a728   Data        1024  startup_stm32f407xx.o(STACK)
    __initial_sp                             0x2000ab28   Data           0  startup_stm32f407xx.o(STACK)

    Global Symbols

    Symbol Name                              Value     Ov Type        Size  Object(Section)

    BuildAttributes$$THM_ISAv4$E$P$D$K$B$S$7EM$VFPi3$EXTD16$VFPS$VFMA$PE$A:L22UL41UL21$X:L11$S22US41US21$IEEE1$IW$USESV6$~STKCKD$USESV7$~SHL$OTIME$ROPI$IEEEX$EBA8$UX$STANDARDLIB$REQ8$PRES8$EABIv2 0x00000000   Number         0  anon$$obj.o ABSOLUTE
    __ARM_use_no_argv                        0x00000000   Number         0  main.o ABSOLUTE
    __ARM_exceptions_init                     - Undefined Weak Reference
    __alloca_initialize                       - Undefined Weak Reference
    __arm_fini_                               - Undefined Weak Reference
    __arm_preinit_                            - Undefined Weak Reference
    __cpp_initialize__aeabi_                  - Undefined Weak Reference
    __cxa_finalize                            - Undefined Weak Reference
    __rt_locale                               - Undefined Weak Reference
    __sigvec_lookup                           - Undefined Weak Reference
    __user_heap_extent                        - Undefined Weak Reference
    _atexit_init                              - Undefined Weak Reference
    _call_atexit_fns                          - Undefined Weak Reference
    _clock_init                               - Undefined Weak Reference
    _fp_trap_init                             - Undefined Weak Reference
    _fp_trap_shutdown                         - Undefined Weak Reference
    _get_lc_collate                           - Undefined Weak Reference
    _get_lc_ctype                             - Undefined Weak Reference
    _get_lc_monetary                          - Undefined Weak Reference
    _get_lc_numeric                           - Undefined Weak Reference
    _get_lc_time                              - Undefined Weak Reference
    _getenv_init                              - Undefined Weak Reference
    _handle_redirection                       - Undefined Weak Reference
    _mutex_acquire                            - Undefined Weak Reference
    _mutex_free                               - Undefined Weak Reference
    _mutex_release                            - Undefined Weak Reference
    _printf_mbtowc                            - Undefined Weak Reference
    _printf_post_padding                      - Undefined Weak Reference
    _printf_pre_padding                       - Undefined Weak Reference
    _rand_init                                - Undefined Weak Reference
    _signal_finish                            - Undefined Weak Reference
    _signal_init                              - Undefined Weak Reference
    __Vectors_Size                           0x00000188   Number         0  startup_stm32f407xx.o ABSOLUTE
    __Vectors                                0x08000000   Data           4  startup_stm32f407xx.o(RESET)
    __Vectors_End                            0x08000188   Data           0  startup_stm32f407xx.o(RESET)
    __main                                   0x08000189   Thumb Code     8  __main.o(!!!main)
    __scatterload                            0x08000191   Thumb Code     0  __scatter.o(!!!scatter)
    __scatterload_rt2                        0x08000191   Thumb Code    44  __scatter.o(!!!scatter)
    __scatterload_rt2_thumb_only             0x08000191   Thumb Code     0  __scatter.o(!!!scatter)
    __scatterload_null                       0x0800019f   Thumb Code     0  __scatter.o(!!!scatter)
    __scatterload_copy                       0x080001c5   Thumb Code    26  __scatter_copy.o(!!handler_copy)
    __scatterload_zeroinit                   0x080001e1   Thumb Code    28  __scatter_zi.o(!!handler_zi)
    __rt_lib_init                            0x080001fd   Thumb Code     0  libinit.o(.ARM.Collect$$libinit$$00000000)
    __rt_lib_init_fp_1                       0x080001ff   Thumb Code     0  libinit2.o(.ARM.Collect$$libinit$$00000001)
    __rt_lib_init_alloca_1                   0x08000203   Thumb Code     0  libinit2.o(.ARM.Collect$$libinit$$0000002E)
    __rt_lib_init_argv_1                     0x08000203   Thumb Code     0  libinit2.o(.ARM.Collect$$libinit$$0000002C)
    __rt_lib_init_atexit_1                   0x08000203   Thumb Code     0  libinit2.o(.ARM.Collect$$libinit$$0000001B)
    __rt_lib_init_clock_1                    0x08000203   Thumb Code     0  libinit2.o(.ARM.Collect$$libinit$$00000021)
    __rt_lib_init_cpp_1                      0x08000203   Thumb Code     0  libinit2.o(.ARM.Collect$$libinit$$00000032)
    __rt_lib_init_exceptions_1               0x08000203   Thumb Code     0  libinit2.o(.ARM.Collect$$libinit$$00000030)
    __rt_lib_init_fp_trap_1                  0x08000203   Thumb Code     0  libinit2.o(.ARM.Collect$$libinit$$0000001F)
    __rt_lib_init_getenv_1                   0x08000203   Thumb Code     0  libinit2.o(.ARM.Collect$$libinit$$00000023)
    __rt_lib_init_heap_1                     0x08000203   Thumb Code     0  libinit2.o(.ARM.Collect$$libinit$$0000000A)
    __rt_lib_init_lc_collate_1               0x08000203   Thumb Code     0  libinit2.o(.ARM.Collect$$libinit$$00000011)
    __rt_lib_init_lc_ctype_1                 0x08000203   Thumb Code     0  libinit2.o(.ARM.Collect$$libinit$$00000013)
    __rt_lib_init_lc_monetary_1              0x08000203   Thumb Code     0  libinit2.o(.ARM.Collect$$libinit$$00000015)
    __rt_lib_init_lc_numeric_1               0x08000203   Thumb Code     0  libinit2.o(.ARM.Collect$$libinit$$00000017)
    __rt_lib_init_lc_time_1                  0x08000203   Thumb Code     0  libinit2.o(.ARM.Collect$$libinit$$00000019)
    __rt_lib_init_preinit_1                  0x08000203   Thumb Code     0  libinit2.o(.ARM.Collect$$libinit$$00000004)
    __rt_lib_init_rand_1                     0x08000203   Thumb Code     0  libinit2.o(.ARM.Collect$$libinit$$0000000E)
    __rt_lib_init_return                     0x08000203   Thumb Code     0  libinit2.o(.ARM.Collect$$libinit$$00000033)
    __rt_lib_init_signal_1                   0x08000203   Thumb Code     0  libinit2.o(.ARM.Collect$$libinit$$0000001D)
    __rt_lib_init_stdio_1                    0x08000203   Thumb Code     0  libinit2.o(.ARM.Collect$$libinit$$00000025)
    __rt_lib_init_user_alloc_1               0x08000203   Thumb Code     0  libinit2.o(.ARM.Collect$$libinit$$0000000C)
    __rt_lib_shutdown                        0x08000205   Thumb Code     0  libshutdown.o(.ARM.Collect$$libshutdown$$00000000)
    __rt_lib_shutdown_cpp_1                  0x08000207   Thumb Code     0  libshutdown2.o(.ARM.Collect$$libshutdown$$00000004)
    __rt_lib_shutdown_fini_1                 0x08000207   Thumb Code     0  libshutdown2.o(.ARM.Collect$$libshutdown$$00000002)
    __rt_lib_shutdown_fp_trap_1              0x08000207   Thumb Code     0  libshutdown2.o(.ARM.Collect$$libshutdown$$00000009)
    __rt_lib_shutdown_heap_1                 0x08000207   Thumb Code     0  libshutdown2.o(.ARM.Collect$$libshutdown$$00000011)
    __rt_lib_shutdown_return                 0x08000207   Thumb Code     0  libshutdown2.o(.ARM.Collect$$libshutdown$$00000012)
    __rt_lib_shutdown_signal_1               0x08000207   Thumb Code     0  libshutdown2.o(.ARM.Collect$$libshutdown$$0000000C)
    __rt_lib_shutdown_stdio_1                0x08000207   Thumb Code     0  libshutdown2.o(.ARM.Collect$$libshutdown$$00000006)
    __rt_lib_shutdown_user_alloc_1           0x08000207   Thumb Code     0  libshutdown2.o(.ARM.Collect$$libshutdown$$0000000E)
    __rt_entry                               0x08000209   Thumb Code     0  __rtentry.o(.ARM.Collect$$rtentry$$00000000)
    __rt_entry_presh_1                       0x08000209   Thumb Code     0  __rtentry2.o(.ARM.Collect$$rtentry$$00000002)
    __rt_entry_sh                            0x08000209   Thumb Code     0  __rtentry4.o(.ARM.Collect$$rtentry$$00000004)
    __rt_entry_li                            0x0800020f   Thumb Code     0  __rtentry2.o(.ARM.Collect$$rtentry$$0000000A)
    __rt_entry_postsh_1                      0x0800020f   Thumb Code     0  __rtentry2.o(.ARM.Collect$$rtentry$$00000009)
    __rt_entry_main                          0x08000213   Thumb Code     0  __rtentry2.o(.ARM.Collect$$rtentry$$0000000D)
    __rt_entry_postli_1                      0x08000213   Thumb Code     0  __rtentry2.o(.ARM.Collect$$rtentry$$0000000C)
    __rt_exit                                0x0800021b   Thumb Code     0  rtexit.o(.ARM.Collect$$rtexit$$00000000)
    __rt_exit_ls                             0x0800021d   Thumb Code     0  rtexit2.o(.ARM.Collect$$rtexit$$00000003)
    __rt_exit_prels_1                        0x0800021d   Thumb Code     0  rtexit2.o(.ARM.Collect$$rtexit$$00000002)
    __rt_exit_exit                           0x08000221   Thumb Code     0  rtexit2.o(.ARM.Collect$$rtexit$$00000004)
    SVC_Handler                              0x08000229   Thumb Code    28  port.o(.emb_text)
    __asm___6_port_c_39a90d8d__prvStartFirstTask 0x08000249   Thumb Code    36  port.o(.emb_text)
    __asm___6_port_c_39a90d8d__prvEnableVFP  0x08000271   Thumb Code    16  port.o(.emb_text)
    PendSV_Handler                           0x08000285   Thumb Code    88  port.o(.emb_text)
    vPortGetIPSR                             0x080002e1   Thumb Code     6  port.o(.emb_text)
    Reset_Handler                            0x080002e9   Thumb Code     8  startup_stm32f407xx.o(.text)
    NMI_Handler                              0x080002f1   Thumb Code     2  startup_stm32f407xx.o(.text)
    HardFault_Handler                        0x080002f3   Thumb Code     2  startup_stm32f407xx.o(.text)
    MemManage_Handler                        0x080002f5   Thumb Code     2  startup_stm32f407xx.o(.text)
    BusFault_Handler                         0x080002f7   Thumb Code     2  startup_stm32f407xx.o(.text)
    UsageFault_Handler                       0x080002f9   Thumb Code     2  startup_stm32f407xx.o(.text)
    DebugMon_Handler                         0x080002fd   Thumb Code     2  startup_stm32f407xx.o(.text)
    ADC_IRQHandler                           0x08000303   Thumb Code     0  startup_stm32f407xx.o(.text)
    CAN1_RX0_IRQHandler                      0x08000303   Thumb Code     0  startup_stm32f407xx.o(.text)
    CAN1_RX1_IRQHandler                      0x08000303   Thumb Code     0  startup_stm32f407xx.o(.text)
    CAN1_SCE_IRQHandler                      0x08000303   Thumb Code     0  startup_stm32f407xx.o(.text)
    CAN1_TX_IRQHandler                       0x08000303   Thumb Code     0  startup_stm32f407xx.o(.text)
    CAN2_RX0_IRQHandler                      0x08000303   Thumb Code     0  startup_stm32f407xx.o(.text)
    CAN2_RX1_IRQHandler                      0x08000303   Thumb Code     0  startup_stm32f407xx.o(.text)
    CAN2_SCE_IRQHandler                      0x08000303   Thumb Code     0  startup_stm32f407xx.o(.text)
    CAN2_TX_IRQHandler                       0x08000303   Thumb Code     0  startup_stm32f407xx.o(.text)
    DCMI_IRQHandler                          0x08000303   Thumb Code     0  startup_stm32f407xx.o(.text)
    DMA1_Stream0_IRQHandler                  0x08000303   Thumb Code     0  startup_stm32f407xx.o(.text)
    DMA1_Stream1_IRQHandler                  0x08000303   Thumb Code     0  startup_stm32f407xx.o(.text)
    DMA1_Stream2_IRQHandler                  0x08000303   Thumb Code     0  startup_stm32f407xx.o(.text)
    DMA1_Stream3_IRQHandler                  0x08000303   Thumb Code     0  startup_stm32f407xx.o(.text)
    DMA1_Stream4_IRQHandler                  0x08000303   Thumb Code     0  startup_stm32f407xx.o(.text)
    DMA1_Stream6_IRQHandler                  0x08000303   Thumb Code     0  startup_stm32f407xx.o(.text)
    DMA1_Stream7_IRQHandler                  0x08000303   Thumb Code     0  startup_stm32f407xx.o(.text)
    DMA2_Stream0_IRQHandler                  0x08000303   Thumb Code     0  startup_stm32f407xx.o(.text)
    DMA2_Stream1_IRQHandler                  0x08000303   Thumb Code     0  startup_stm32f407xx.o(.text)
    DMA2_Stream2_IRQHandler                  0x08000303   Thumb Code     0  startup_stm32f407xx.o(.text)
    DMA2_Stream3_IRQHandler                  0x08000303   Thumb Code     0  startup_stm32f407xx.o(.text)
    DMA2_Stream4_IRQHandler                  0x08000303   Thumb Code     0  startup_stm32f407xx.o(.text)
    DMA2_Stream5_IRQHandler                  0x08000303   Thumb Code     0  startup_stm32f407xx.o(.text)
    DMA2_Stream6_IRQHandler                  0x08000303   Thumb Code     0  startup_stm32f407xx.o(.text)
    DMA2_Stream7_IRQHandler                  0x08000303   Thumb Code     0  startup_stm32f407xx.o(.text)
    ETH_IRQHandler                           0x08000303   Thumb Code     0  startup_stm32f407xx.o(.text)
    ETH_WKUP_IRQHandler                      0x08000303   Thumb Code     0  startup_stm32f407xx.o(.text)
    EXTI15_10_IRQHandler                     0x08000303   Thumb Code     0  startup_stm32f407xx.o(.text)
    EXTI1_IRQHandler                         0x08000303   Thumb Code     0  startup_stm32f407xx.o(.text)
    EXTI2_IRQHandler                         0x08000303   Thumb Code     0  startup_stm32f407xx.o(.text)
    EXTI3_IRQHandler                         0x08000303   Thumb Code     0  startup_stm32f407xx.o(.text)
    EXTI4_IRQHandler                         0x08000303   Thumb Code     0  startup_stm32f407xx.o(.text)
    EXTI9_5_IRQHandler                       0x08000303   Thumb Code     0  startup_stm32f407xx.o(.text)
    FLASH_IRQHandler                         0x08000303   Thumb Code     0  startup_stm32f407xx.o(.text)
    FMC_IRQHandler                           0x08000303   Thumb Code     0  startup_stm32f407xx.o(.text)
    FPU_IRQHandler                           0x08000303   Thumb Code     0  startup_stm32f407xx.o(.text)
    HASH_RNG_IRQHandler                      0x08000303   Thumb Code     0  startup_stm32f407xx.o(.text)
    I2C1_ER_IRQHandler                       0x08000303   Thumb Code     0  startup_stm32f407xx.o(.text)
    I2C1_EV_IRQHandler                       0x08000303   Thumb Code     0  startup_stm32f407xx.o(.text)
    I2C2_ER_IRQHandler                       0x08000303   Thumb Code     0  startup_stm32f407xx.o(.text)
    I2C2_EV_IRQHandler                       0x08000303   Thumb Code     0  startup_stm32f407xx.o(.text)
    I2C3_ER_IRQHandler                       0x08000303   Thumb Code     0  startup_stm32f407xx.o(.text)
    I2C3_EV_IRQHandler                       0x08000303   Thumb Code     0  startup_stm32f407xx.o(.text)
    OTG_FS_IRQHandler                        0x08000303   Thumb Code     0  startup_stm32f407xx.o(.text)
    OTG_FS_WKUP_IRQHandler                   0x08000303   Thumb Code     0  startup_stm32f407xx.o(.text)
    OTG_HS_EP1_IN_IRQHandler                 0x08000303   Thumb Code     0  startup_stm32f407xx.o(.text)
    OTG_HS_EP1_OUT_IRQHandler                0x08000303   Thumb Code     0  startup_stm32f407xx.o(.text)
    OTG_HS_IRQHandler                        0x08000303   Thumb Code     0  startup_stm32f407xx.o(.text)
    OTG_HS_WKUP_IRQHandler                   0x08000303   Thumb Code     0  startup_stm32f407xx.o(.text)
    PVD_IRQHandler                           0x08000303   Thumb Code     0  startup_stm32f407xx.o(.text)
    RCC_IRQHandler                           0x08000303   Thumb Code     0  startup_stm32f407xx.o(.text)
    RTC_Alarm_IRQHandler                     0x08000303   Thumb Code     0  startup_stm32f407xx.o(.text)
    RTC_WKUP_IRQHandler                      0x08000303   Thumb Code     0  startup_stm32f407xx.o(.text)
    SDIO_IRQHandler                          0x08000303   Thumb Code     0  startup_stm32f407xx.o(.text)
    SPI1_IRQHandler                          0x08000303   Thumb Code     0  startup_stm32f407xx.o(.text)
    SPI2_IRQHandler                          0x08000303   Thumb Code     0  startup_stm32f407xx.o(.text)
    SPI3_IRQHandler                          0x08000303   Thumb Code     0  startup_stm32f407xx.o(.text)
    TAMP_STAMP_IRQHandler                    0x08000303   Thumb Code     0  startup_stm32f407xx.o(.text)
    TIM1_BRK_TIM9_IRQHandler                 0x08000303   Thumb Code     0  startup_stm32f407xx.o(.text)
    TIM1_CC_IRQHandler                       0x08000303   Thumb Code     0  startup_stm32f407xx.o(.text)
    TIM1_TRG_COM_TIM11_IRQHandler            0x08000303   Thumb Code     0  startup_stm32f407xx.o(.text)
    TIM1_UP_TIM10_IRQHandler                 0x08000303   Thumb Code     0  startup_stm32f407xx.o(.text)
    TIM2_IRQHandler                          0x08000303   Thumb Code     0  startup_stm32f407xx.o(.text)
    TIM3_IRQHandler                          0x08000303   Thumb Code     0  startup_stm32f407xx.o(.text)
    TIM4_IRQHandler                          0x08000303   Thumb Code     0  startup_stm32f407xx.o(.text)
    TIM6_DAC_IRQHandler                      0x08000303   Thumb Code     0  startup_stm32f407xx.o(.text)
    TIM7_IRQHandler                          0x08000303   Thumb Code     0  startup_stm32f407xx.o(.text)
    TIM8_BRK_TIM12_IRQHandler                0x08000303   Thumb Code     0  startup_stm32f407xx.o(.text)
    TIM8_CC_IRQHandler                       0x08000303   Thumb Code     0  startup_stm32f407xx.o(.text)
    TIM8_TRG_COM_TIM14_IRQHandler            0x08000303   Thumb Code     0  startup_stm32f407xx.o(.text)
    TIM8_UP_TIM13_IRQHandler                 0x08000303   Thumb Code     0  startup_stm32f407xx.o(.text)
    UART4_IRQHandler                         0x08000303   Thumb Code     0  startup_stm32f407xx.o(.text)
    UART5_IRQHandler                         0x08000303   Thumb Code     0  startup_stm32f407xx.o(.text)
    USART1_IRQHandler                        0x08000303   Thumb Code     0  startup_stm32f407xx.o(.text)
    USART2_IRQHandler                        0x08000303   Thumb Code     0  startup_stm32f407xx.o(.text)
    USART3_IRQHandler                        0x08000303   Thumb Code     0  startup_stm32f407xx.o(.text)
    USART6_IRQHandler                        0x08000303   Thumb Code     0  startup_stm32f407xx.o(.text)
    WWDG_IRQHandler                          0x08000303   Thumb Code     0  startup_stm32f407xx.o(.text)
    __user_initial_stackheap                 0x08000305   Thumb Code     0  startup_stm32f407xx.o(.text)
    __aeabi_uldivmod                         0x08000329   Thumb Code     0  lludivv7m.o(.text)
    _ll_udiv                                 0x08000329   Thumb Code   238  lludivv7m.o(.text)
    __aeabi_memcpy                           0x08000417   Thumb Code     0  rt_memcpy_v6.o(.text)
    __rt_memcpy                              0x08000417   Thumb Code   138  rt_memcpy_v6.o(.text)
    _memcpy_lastbytes                        0x0800047d   Thumb Code     0  rt_memcpy_v6.o(.text)
    __aeabi_memcpy4                          0x080004a1   Thumb Code     0  rt_memcpy_w.o(.text)
    __aeabi_memcpy8                          0x080004a1   Thumb Code     0  rt_memcpy_w.o(.text)
    __rt_memcpy_w                            0x080004a1   Thumb Code   100  rt_memcpy_w.o(.text)
    _memcpy_lastbytes_aligned                0x080004e9   Thumb Code     0  rt_memcpy_w.o(.text)
    __aeabi_memset                           0x08000505   Thumb Code    16  aeabi_memset.o(.text)
    __aeabi_memclr4                          0x08000515   Thumb Code     0  rt_memclr_w.o(.text)
    __aeabi_memclr8                          0x08000515   Thumb Code     0  rt_memclr_w.o(.text)
    __rt_memclr_w                            0x08000515   Thumb Code    78  rt_memclr_w.o(.text)
    _memset_w                                0x08000519   Thumb Code     0  rt_memclr_w.o(.text)
    __use_two_region_memory                  0x08000563   Thumb Code     2  heapauxi.o(.text)
    __rt_heap_escrow                         0x08000565   Thumb Code     2  heapauxi.o(.text)
    __rt_heap_expand                         0x08000567   Thumb Code     2  heapauxi.o(.text)
    __read_errno                             0x08000569   Thumb Code    10  _rserrno.o(.text)
    __set_errno                              0x08000573   Thumb Code    12  _rserrno.o(.text)
    __aeabi_memclr                           0x0800057f   Thumb Code     0  rt_memclr.o(.text)
    __rt_memclr                              0x0800057f   Thumb Code    68  rt_memclr.o(.text)
    _memset                                  0x08000583   Thumb Code     0  rt_memclr.o(.text)
    __aeabi_errno_addr                       0x080005c5   Thumb Code     8  rt_errno_addr_intlibspace.o(.text)
    __errno$intlibspace                      0x080005c5   Thumb Code     0  rt_errno_addr_intlibspace.o(.text)
    __rt_errno_addr$intlibspace              0x080005c5   Thumb Code     0  rt_errno_addr_intlibspace.o(.text)
    __user_libspace                          0x080005cd   Thumb Code     8  libspace.o(.text)
    __user_perproc_libspace                  0x080005cd   Thumb Code     0  libspace.o(.text)
    __user_perthread_libspace                0x080005cd   Thumb Code     0  libspace.o(.text)
    __user_setup_stackheap                   0x080005d5   Thumb Code    74  sys_stackheap_outer.o(.text)
    exit                                     0x0800061f   Thumb Code    18  exit.o(.text)
    _sys_exit                                0x08000631   Thumb Code     8  sys_exit.o(.text)
    __I$use$semihosting                      0x0800063d   Thumb Code     0  use_no_semi.o(.text)
    __use_no_semihosting_swi                 0x0800063d   Thumb Code     2  use_no_semi.o(.text)
    __semihosting_library_function           0x0800063f   Thumb Code     0  indicate_semi.o(.text)
    CS43_Enable_RightLeft                    0x08000641   Thumb Code   128  my_cs43l22.o(i.CS43_Enable_RightLeft)
    CS43_Init                                0x080006c5   Thumb Code   516  my_cs43l22.o(i.CS43_Init)
    CS43_SetVolume                           0x080008d9   Thumb Code    86  my_cs43l22.o(i.CS43_SetVolume)
    CS43_Start                               0x08000935   Thumb Code   118  my_cs43l22.o(i.CS43_Start)
    DMA1_Stream5_IRQHandler                  0x080009b1   Thumb Code    10  main.o(i.DMA1_Stream5_IRQHandler)
    EXTI0_IRQHandler                         0x08000acd   Thumb Code    14  main.o(i.EXTI0_IRQHandler)
    HAL_DMA_IRQHandler                       0x08000ae1   Thumb Code   570  stm32f4xx_hal_dma.o(i.HAL_DMA_IRQHandler)
    HAL_DMA_Init                             0x08000d21   Thumb Code   232  stm32f4xx_hal_dma.o(i.HAL_DMA_Init)
    HAL_DMA_Start_IT                         0x08000e0d   Thumb Code   146  stm32f4xx_hal_dma.o(i.HAL_DMA_Start_IT)
    HAL_GPIO_Init                            0x08000ea1   Thumb Code   466  stm32f4xx_hal_gpio.o(i.HAL_GPIO_Init)
    HAL_GPIO_ReadPin                         0x080010a1   Thumb Code    16  stm32f4xx_hal_gpio.o(i.HAL_GPIO_ReadPin)
    HAL_GPIO_WritePin                        0x080010b1   Thumb Code    12  stm32f4xx_hal_gpio.o(i.HAL_GPIO_WritePin)
    HAL_GetTick                              0x080010bd   Thumb Code     6  stm32f4xx_hal.o(i.HAL_GetTick)
    HAL_I2C_Init                             0x080010c9   Thumb Code   446  stm32f4xx_hal_i2c.o(i.HAL_I2C_Init)
    HAL_I2C_Master_Receive                   0x08001299   Thumb Code   748  stm32f4xx_hal_i2c.o(i.HAL_I2C_Master_Receive)
    HAL_I2C_Master_Transmit                  0x08001591   Thumb Code   360  stm32f4xx_hal_i2c.o(i.HAL_I2C_Master_Transmit)
    HAL_I2C_MspInit                          0x08001701   Thumb Code   124  stm32f4xx_hal_msp.o(i.HAL_I2C_MspInit)
    HAL_I2SEx_FullDuplex_IRQHandler          0x08001789   Thumb Code   572  stm32f4xx_hal_i2s_ex.o(i.HAL_I2SEx_FullDuplex_IRQHandler)
    HAL_I2SEx_TxRxCpltCallback               0x080019cd   Thumb Code     2  stm32f4xx_hal_i2s_ex.o(i.HAL_I2SEx_TxRxCpltCallback)
    HAL_I2S_ErrorCallback                    0x080019cf   Thumb Code     2  stm32f4xx_hal_i2s.o(i.HAL_I2S_ErrorCallback)
    HAL_I2S_Init                             0x080019d1   Thumb Code   432  stm32f4xx_hal_i2s.o(i.HAL_I2S_Init)
    HAL_I2S_MspInit                          0x08001b91   Thumb Code   248  stm32f4xx_hal_msp.o(i.HAL_I2S_MspInit)
    HAL_I2S_RxCpltCallback                   0x08001ca1   Thumb Code     2  stm32f4xx_hal_i2s.o(i.HAL_I2S_RxCpltCallback)
    HAL_I2S_Transmit_DMA                     0x08001ca5   Thumb Code   242  stm32f4xx_hal_i2s.o(i.HAL_I2S_Transmit_DMA)
    HAL_I2S_TxCpltCallback                   0x08001da5   Thumb Code     2  stm32f4xx_hal_i2s.o(i.HAL_I2S_TxCpltCallback)
    HAL_I2S_TxHalfCpltCallback               0x08001da7   Thumb Code     2  stm32f4xx_hal_i2s.o(i.HAL_I2S_TxHalfCpltCallback)
    HAL_IncTick                              0x08001da9   Thumb Code    16  stm32f4xx_hal.o(i.HAL_IncTick)
    HAL_Init                                 0x08001dc1   Thumb Code    44  stm32f4xx_hal.o(i.HAL_Init)
    HAL_InitTick                             0x08001df1   Thumb Code    64  stm32f4xx_hal.o(i.HAL_InitTick)
    HAL_MspInit                              0x08001e3d   Thumb Code    68  stm32f4xx_hal_msp.o(i.HAL_MspInit)
    HAL_NVIC_EnableIRQ                       0x08001e85   Thumb Code    40  stm32f4xx_hal_cortex.o(i.HAL_NVIC_EnableIRQ)
    HAL_NVIC_SetPriority                     0x08001ead   Thumb Code   124  stm32f4xx_hal_cortex.o(i.HAL_NVIC_SetPriority)
    HAL_NVIC_SetPriorityGrouping             0x08001f29   Thumb Code    32  stm32f4xx_hal_cortex.o(i.HAL_NVIC_SetPriorityGrouping)
    HAL_RCCEx_GetPeriphCLKFreq               0x08001f51   Thumb Code   126  stm32f4xx_hal_rcc_ex.o(i.HAL_RCCEx_GetPeriphCLKFreq)
    HAL_RCCEx_PeriphCLKConfig                0x08001fe1   Thumb Code   396  stm32f4xx_hal_rcc_ex.o(i.HAL_RCCEx_PeriphCLKConfig)
    HAL_RCC_ClockConfig                      0x08002181   Thumb Code   368  stm32f4xx_hal_rcc.o(i.HAL_RCC_ClockConfig)
    HAL_RCC_GetHCLKFreq                      0x08002305   Thumb Code     6  stm32f4xx_hal_rcc.o(i.HAL_RCC_GetHCLKFreq)
    HAL_RCC_GetPCLK1Freq                     0x08002311   Thumb Code    22  stm32f4xx_hal_rcc.o(i.HAL_RCC_GetPCLK1Freq)
    HAL_RCC_GetSysClockFreq                  0x08002331   Thumb Code   162  stm32f4xx_hal_rcc.o(i.HAL_RCC_GetSysClockFreq)
    HAL_RCC_OscConfig                        0x080023e1   Thumb Code  1152  stm32f4xx_hal_rcc.o(i.HAL_RCC_OscConfig)
    HAL_SYSTICK_Config                       0x08002869   Thumb Code    52  stm32f4xx_hal_cortex.o(i.HAL_SYSTICK_Config)
    HAL_TIMEx_BreakCallback                  0x0800289d   Thumb Code     2  stm32f4xx_hal_tim_ex.o(i.HAL_TIMEx_BreakCallback)
    HAL_TIMEx_CommutCallback                 0x0800289f   Thumb Code     2  stm32f4xx_hal_tim_ex.o(i.HAL_TIMEx_CommutCallback)
    HAL_TIM_Base_Init                        0x080028a1   Thumb Code    52  stm32f4xx_hal_tim.o(i.HAL_TIM_Base_Init)
    HAL_TIM_Base_MspInit                     0x080028d5   Thumb Code     2  stm32f4xx_hal_tim.o(i.HAL_TIM_Base_MspInit)
    HAL_TIM_Base_Start                       0x080028d7   Thumb Code    42  stm32f4xx_hal_tim.o(i.HAL_TIM_Base_Start)
    HAL_TIM_Base_Start_IT                    0x08002901   Thumb Code    42  stm32f4xx_hal_tim.o(i.HAL_TIM_Base_Start_IT)
    HAL_TIM_Base_Stop                        0x0800292b   Thumb Code    56  stm32f4xx_hal_tim.o(i.HAL_TIM_Base_Stop)
    HAL_TIM_Base_Stop_IT                     0x08002963   Thumb Code    56  stm32f4xx_hal_tim.o(i.HAL_TIM_Base_Stop_IT)
    HAL_TIM_IC_CaptureCallback               0x0800299b   Thumb Code     2  stm32f4xx_hal_tim.o(i.HAL_TIM_IC_CaptureCallback)
    HAL_TIM_IRQHandler                       0x0800299d   Thumb Code   406  stm32f4xx_hal_tim.o(i.HAL_TIM_IRQHandler)
    HAL_TIM_OC_DelayElapsedCallback          0x08002b33   Thumb Code     2  stm32f4xx_hal_tim.o(i.HAL_TIM_OC_DelayElapsedCallback)
    HAL_TIM_PWM_PulseFinishedCallback        0x08002b35   Thumb Code     2  stm32f4xx_hal_tim.o(i.HAL_TIM_PWM_PulseFinishedCallback)
    HAL_TIM_PeriodElapsedCallback            0x08002b37   Thumb Code     2  stm32f4xx_hal_tim.o(i.HAL_TIM_PeriodElapsedCallback)
    HAL_TIM_TriggerCallback                  0x08002b39   Thumb Code     2  stm32f4xx_hal_tim.o(i.HAL_TIM_TriggerCallback)
    InitButton                               0x080032e9   Thumb Code    76  main.o(i.InitButton)
    InitDMA                                  0x08003345   Thumb Code    52  main.o(i.InitDMA)
    InitGPIO                                 0x0800337d   Thumb Code   166  main.o(i.InitGPIO)
    InitI2C1                                 0x0800342d   Thumb Code    42  main.o(i.InitI2C1)
    InitI2S3                                 0x08003465   Thumb Code    46  main.o(i.InitI2S3)
    SysTick_Handler                          0x0800349d   Thumb Code    20  main.o(i.SysTick_Handler)
    SystemClock_Config                       0x080034b1   Thumb Code   162  main.o(i.SystemClock_Config)
    SystemInit                               0x0800355d   Thumb Code    82  system_stm32f4xx.o(i.SystemInit)
    TIM5_IRQHandler                          0x080035c1   Thumb Code    38  main.o(i.TIM5_IRQHandler)
    TIM_Base_SetConfig                       0x080035f1   Thumb Code   170  stm32f4xx_hal_tim.o(i.TIM_Base_SetConfig)
    __ARM_fpclassifyf                        0x080036c9   Thumb Code    38  fpclassifyf.o(i.__ARM_fpclassifyf)
    __hardfp_sinf                            0x08003729   Thumb Code   344  sinf.o(i.__hardfp_sinf)
    __mathlib_flt_infnan                     0x080038b9   Thumb Code     6  funder.o(i.__mathlib_flt_infnan)
    __mathlib_flt_invalid                    0x080038c1   Thumb Code    10  funder.o(i.__mathlib_flt_invalid)
    __mathlib_flt_underflow                  0x080038d1   Thumb Code    10  funder.o(i.__mathlib_flt_underflow)
    __mathlib_rredf2                         0x080038e1   Thumb Code   316  rredf.o(i.__mathlib_rredf2)
    blinkLEDS                                0x08003a35   Thumb Code    78  main.o(i.blinkLEDS)
    counting500ms                            0x08003a91   Thumb Code    76  main.o(i.counting500ms)
    main                                     0x08003ae9   Thumb Code   140  main.o(i.main)
    playTone                                 0x08003bd1   Thumb Code   338  main.o(i.playTone)
    pvPortMalloc                             0x0800471d   Thumb Code   354  heap_4.o(i.pvPortMalloc)
    pxPortInitialiseStack                    0x08004899   Thumb Code    38  port.o(i.pxPortInitialiseStack)
    startTimer500ms                          0x080048f9   Thumb Code    16  main.o(i.startTimer500ms)
    stopTimer500ms                           0x0800490d   Thumb Code    16  main.o(i.stopTimer500ms)
    turnOffAllLEDS                           0x08004921   Thumb Code    52  main.o(i.turnOffAllLEDS)
    turnOnBlueLED                            0x08004959   Thumb Code    50  main.o(i.turnOnBlueLED)
    turnOnCurLEDS                            0x08004991   Thumb Code    52  main.o(i.turnOnCurLEDS)
    turnOnGreenLED                           0x080049c5   Thumb Code    50  main.o(i.turnOnGreenLED)
    turnOnOrangeLED                          0x080049fd   Thumb Code    50  main.o(i.turnOnOrangeLED)
    turnOnRedLED                             0x08004a35   Thumb Code    50  main.o(i.turnOnRedLED)
    uxListRemove                             0x08004a6d   Thumb Code    40  list.o(i.uxListRemove)
    vApplicationMallocFailedHook             0x08004a95   Thumb Code     4  main.o(i.vApplicationMallocFailedHook)
    vDetectButtonType                        0x08004a99   Thumb Code   198  main.o(i.vDetectButtonType)
    vListInitialise                          0x08004b7d   Thumb Code    26  list.o(i.vListInitialise)
    vListInitialiseItem                      0x08004b97   Thumb Code     6  list.o(i.vListInitialiseItem)
    vListInsert                              0x08004b9d   Thumb Code    52  list.o(i.vListInsert)
    vListInsertEnd                           0x08004bd1   Thumb Code    24  list.o(i.vListInsertEnd)
    vPortEnterCritical                       0x08004be9   Thumb Code    78  port.o(i.vPortEnterCritical)
    vPortExitCritical                        0x08004c41   Thumb Code    58  port.o(i.vPortExitCritical)
    vPortFree                                0x08004c81   Thumb Code   154  heap_4.o(i.vPortFree)
    vPortSetupTimerInterrupt                 0x08004d29   Thumb Code    36  port.o(i.vPortSetupTimerInterrupt)
    vPortValidateInterruptPriority           0x08004d51   Thumb Code   110  port.o(i.vPortValidateInterruptPriority)
    vQueueAddToRegistry                      0x08004dcd   Thumb Code    38  queue.o(i.vQueueAddToRegistry)
    vQueueWaitForMessageRestricted           0x08004df9   Thumb Code    74  queue.o(i.vQueueWaitForMessageRestricted)
    vTaskDelay                               0x08004e45   Thumb Code    84  tasks.o(i.vTaskDelay)
    vTaskDetectUserState                     0x08004ea1   Thumb Code   298  main.o(i.vTaskDetectUserState)
    vTaskInternalSetTimeOutState             0x08004fe9   Thumb Code    14  tasks.o(i.vTaskInternalSetTimeOutState)
    vTaskMissedYield                         0x08005001   Thumb Code     8  tasks.o(i.vTaskMissedYield)
    vTaskPlaceOnEventList                    0x0800500d   Thumb Code    54  tasks.o(i.vTaskPlaceOnEventList)
    vTaskPlaceOnEventListRestricted          0x08005049   Thumb Code    62  tasks.o(i.vTaskPlaceOnEventListRestricted)
    vTaskPlaySong                            0x0800508d   Thumb Code    62  main.o(i.vTaskPlaySong)
    vTaskStartScheduler                      0x080050d9   Thumb Code   124  tasks.o(i.vTaskStartScheduler)
    vTaskSuspendAll                          0x08005175   Thumb Code    12  tasks.o(i.vTaskSuspendAll)
    vTaskSwitchContext                       0x08005185   Thumb Code   120  tasks.o(i.vTaskSwitchContext)
    xPortStartScheduler                      0x0800523d   Thumb Code   338  port.o(i.xPortStartScheduler)
    xPortSysTickHandler                      0x080053ad   Thumb Code    46  port.o(i.xPortSysTickHandler)
    xQueueGenericCreate                      0x080053e1   Thumb Code   168  queue.o(i.xQueueGenericCreate)
    xQueueGenericReset                       0x08005489   Thumb Code   148  queue.o(i.xQueueGenericReset)
    xQueueGenericSend                        0x08005521   Thumb Code   428  queue.o(i.xQueueGenericSend)
    xQueueGenericSendFromISR                 0x080056d1   Thumb Code   296  queue.o(i.xQueueGenericSendFromISR)
    xQueueReceive                            0x080057f9   Thumb Code   362  queue.o(i.xQueueReceive)
    xTaskCheckForTimeOut                     0x08005969   Thumb Code   140  tasks.o(i.xTaskCheckForTimeOut)
    xTaskCreate                              0x080059fd   Thumb Code    96  tasks.o(i.xTaskCreate)
    xTaskGetSchedulerState                   0x08005a5d   Thumb Code    24  tasks.o(i.xTaskGetSchedulerState)
    xTaskGetTickCount                        0x08005a7d   Thumb Code     6  tasks.o(i.xTaskGetTickCount)
    xTaskIncrementTick                       0x08005a89   Thumb Code   284  tasks.o(i.xTaskIncrementTick)
    xTaskPriorityDisinherit                  0x08005bd1   Thumb Code   178  tasks.o(i.xTaskPriorityDisinherit)
    xTaskRemoveFromEventList                 0x08005c91   Thumb Code   130  tasks.o(i.xTaskRemoveFromEventList)
    xTaskResumeAll                           0x08005d2d   Thumb Code   226  tasks.o(i.xTaskResumeAll)
    xTimerCreateTimerTask                    0x08005e35   Thumb Code    66  timers.o(i.xTimerCreateTimerTask)
    xTimerGenericCommand                     0x08005e8d   Thumb Code   128  timers.o(i.xTimerGenericCommand)
    _fp_init                                 0x08005f11   Thumb Code    10  fpinit.o(x$fpl$fpinit)
    __fplib_config_fpu_vfp                   0x08005f19   Thumb Code     0  fpinit.o(x$fpl$fpinit)
    __fplib_config_pureend_doubles           0x08005f19   Thumb Code     0  fpinit.o(x$fpl$fpinit)
    __I$use$fp                               0x08005f1a   Number         0  usenofp.o(x$fpl$usenofp)
    toneArr                                  0x08005f1c   Data          32  main.o(.constdata)
    AHBPrescTable                            0x08005f44   Data          16  system_stm32f4xx.o(.constdata)
    APBPrescTable                            0x08005f54   Data           8  system_stm32f4xx.o(.constdata)
    Region$$Table$$Base                      0x08005f7c   Number         0  anon$$obj.o(Region$$Table)
    Region$$Table$$Limit                     0x08005f9c   Number         0  anon$$obj.o(Region$$Table)
    system_state                             0x20000000   Data           1  main.o(.data)
    btn_action                               0x20000002   Data           1  main.o(.data)
    timeOut                                  0x20000003   Data           1  main.o(.data)
    toneId                                   0x20000004   Data           4  main.o(.data)
    initialTimer                             0x20000008   Data           1  main.o(.data)
    xBlueLEDHandler                          0x2000000c   Data           4  main.o(.data)
    xButtonHandler                           0x20000010   Data           4  main.o(.data)
    xSoundHandler                            0x20000014   Data           4  main.o(.data)
    userInputEventQueue                      0x20000018   Data           4  main.o(.data)
    playerEventQueue                         0x2000001c   Data           4  main.o(.data)
    xButtonHandler_1                         0x20000020   Data           4  main.o(.data)
    xButtonHandler_2                         0x20000024   Data           4  main.o(.data)
    xButtonHandler_3                         0x20000028   Data           4  main.o(.data)
    mySinVal                                 0x2000002c   Data           4  main.o(.data)
    sample_dt                                0x20000030   Data           4  main.o(.data)
    sample_N                                 0x20000034   Data           2  main.o(.data)
    i_t                                      0x20000036   Data           2  main.o(.data)
    myDacVal                                 0x20000038   Data           4  main.o(.data)
    button                                   0x2000003c   Data           1  main.o(.data)
    soundOn                                  0x2000003d   Data           1  main.o(.data)
    curLedId                                 0x2000003e   Data           1  main.o(.data)
    tonePosition                             0x20000040   Data           4  main.o(.data)
    selectedTonesConfirm                     0x20000044   Data           4  main.o(.data)
    length                                   0x20000048   Data           1  main.o(.data)
    pxCurrentTCB                             0x2000004c   Data           4  tasks.o(.data)
    uxTopUsedPriority                        0x20000084   Data           4  tasks.o(.data)
    uwTick                                   0x200000cc   Data           4  stm32f4xx_hal.o(.data)
    uwTickPrio                               0x200000d0   Data           4  stm32f4xx_hal.o(.data)
    uwTickFreq                               0x200000d4   Data           1  stm32f4xx_hal.o(.data)
    SystemCoreClock                          0x200000d8   Data           4  system_stm32f4xx.o(.data)
    GPIO_InitStruct                          0x200000dc   Data          20  main.o(.bss)
    TIM_InitStruct                           0x200000f0   Data          64  main.o(.bss)
    TIM_InitStruct_2                         0x20000130   Data          64  main.o(.bss)
    toneList                                 0x20000170   Data          16  main.o(.bss)
    hi2c1                                    0x20000180   Data          84  main.o(.bss)
    hi2s3                                    0x200001d4   Data          72  main.o(.bss)
    hdma_spi3_tx                             0x2000021c   Data          96  main.o(.bss)
    dataI2S                                  0x2000027c   Data         200  main.o(.bss)
    xQueueRegistry                           0x20000398   Data          64  queue.o(.bss)
    __libspace_start                         0x2000a4c8   Data          96  libspace.o(.bss)
    __temporary_stack_top$libspace           0x2000a528   Data           0  libspace.o(.bss)



==============================================================================

Memory Map of the image

  Image Entry point : 0x080002e9

  Load Region LR_1 (Base: 0x08000000, Size: 0x00006078, Max: 0xffffffff, ABSOLUTE)

    Execution Region ER_RO (Exec base: 0x08000000, Load base: 0x08000000, Size: 0x00005f9c, Max: 0xffffffff, ABSOLUTE)

    Exec Addr    Load Addr    Size         Type   Attr      Idx    E Section Name        Object

    0x08000000   0x08000000   0x00000188   Data   RO         4670    RESET               startup_stm32f407xx.o
    0x08000188   0x08000188   0x00000008   Code   RO         4760  * !!!main             c_w.l(__main.o)
    0x08000190   0x08000190   0x00000034   Code   RO         5146    !!!scatter          c_w.l(__scatter.o)
    0x080001c4   0x080001c4   0x0000001a   Code   RO         5148    !!handler_copy      c_w.l(__scatter_copy.o)
    0x080001de   0x080001de   0x00000002   PAD
    0x080001e0   0x080001e0   0x0000001c   Code   RO         5150    !!handler_zi        c_w.l(__scatter_zi.o)
    0x080001fc   0x080001fc   0x00000002   Code   RO         4945    .ARM.Collect$$libinit$$00000000  c_w.l(libinit.o)
    0x080001fe   0x080001fe   0x00000004   Code   RO         4946    .ARM.Collect$$libinit$$00000001  c_w.l(libinit2.o)
    0x08000202   0x08000202   0x00000000   Code   RO         4949    .ARM.Collect$$libinit$$00000004  c_w.l(libinit2.o)
    0x08000202   0x08000202   0x00000000   Code   RO         4952    .ARM.Collect$$libinit$$0000000A  c_w.l(libinit2.o)
    0x08000202   0x08000202   0x00000000   Code   RO         4954    .ARM.Collect$$libinit$$0000000C  c_w.l(libinit2.o)
    0x08000202   0x08000202   0x00000000   Code   RO         4956    .ARM.Collect$$libinit$$0000000E  c_w.l(libinit2.o)
    0x08000202   0x08000202   0x00000000   Code   RO         4959    .ARM.Collect$$libinit$$00000011  c_w.l(libinit2.o)
    0x08000202   0x08000202   0x00000000   Code   RO         4961    .ARM.Collect$$libinit$$00000013  c_w.l(libinit2.o)
    0x08000202   0x08000202   0x00000000   Code   RO         4963    .ARM.Collect$$libinit$$00000015  c_w.l(libinit2.o)
    0x08000202   0x08000202   0x00000000   Code   RO         4965    .ARM.Collect$$libinit$$00000017  c_w.l(libinit2.o)
    0x08000202   0x08000202   0x00000000   Code   RO         4967    .ARM.Collect$$libinit$$00000019  c_w.l(libinit2.o)
    0x08000202   0x08000202   0x00000000   Code   RO         4969    .ARM.Collect$$libinit$$0000001B  c_w.l(libinit2.o)
    0x08000202   0x08000202   0x00000000   Code   RO         4971    .ARM.Collect$$libinit$$0000001D  c_w.l(libinit2.o)
    0x08000202   0x08000202   0x00000000   Code   RO         4973    .ARM.Collect$$libinit$$0000001F  c_w.l(libinit2.o)
    0x08000202   0x08000202   0x00000000   Code   RO         4975    .ARM.Collect$$libinit$$00000021  c_w.l(libinit2.o)
    0x08000202   0x08000202   0x00000000   Code   RO         4977    .ARM.Collect$$libinit$$00000023  c_w.l(libinit2.o)
    0x08000202   0x08000202   0x00000000   Code   RO         4979    .ARM.Collect$$libinit$$00000025  c_w.l(libinit2.o)
    0x08000202   0x08000202   0x00000000   Code   RO         4983    .ARM.Collect$$libinit$$0000002C  c_w.l(libinit2.o)
    0x08000202   0x08000202   0x00000000   Code   RO         4985    .ARM.Collect$$libinit$$0000002E  c_w.l(libinit2.o)
    0x08000202   0x08000202   0x00000000   Code   RO         4987    .ARM.Collect$$libinit$$00000030  c_w.l(libinit2.o)
    0x08000202   0x08000202   0x00000000   Code   RO         4989    .ARM.Collect$$libinit$$00000032  c_w.l(libinit2.o)
    0x08000202   0x08000202   0x00000002   Code   RO         4990    .ARM.Collect$$libinit$$00000033  c_w.l(libinit2.o)
    0x08000204   0x08000204   0x00000002   Code   RO         5127    .ARM.Collect$$libshutdown$$00000000  c_w.l(libshutdown.o)
    0x08000206   0x08000206   0x00000000   Code   RO         4992    .ARM.Collect$$libshutdown$$00000002  c_w.l(libshutdown2.o)
    0x08000206   0x08000206   0x00000000   Code   RO         4994    .ARM.Collect$$libshutdown$$00000004  c_w.l(libshutdown2.o)
    0x08000206   0x08000206   0x00000000   Code   RO         4996    .ARM.Collect$$libshutdown$$00000006  c_w.l(libshutdown2.o)
    0x08000206   0x08000206   0x00000000   Code   RO         4999    .ARM.Collect$$libshutdown$$00000009  c_w.l(libshutdown2.o)
    0x08000206   0x08000206   0x00000000   Code   RO         5002    .ARM.Collect$$libshutdown$$0000000C  c_w.l(libshutdown2.o)
    0x08000206   0x08000206   0x00000000   Code   RO         5004    .ARM.Collect$$libshutdown$$0000000E  c_w.l(libshutdown2.o)
    0x08000206   0x08000206   0x00000000   Code   RO         5007    .ARM.Collect$$libshutdown$$00000011  c_w.l(libshutdown2.o)
    0x08000206   0x08000206   0x00000002   Code   RO         5008    .ARM.Collect$$libshutdown$$00000012  c_w.l(libshutdown2.o)
    0x08000208   0x08000208   0x00000000   Code   RO         4774    .ARM.Collect$$rtentry$$00000000  c_w.l(__rtentry.o)
    0x08000208   0x08000208   0x00000000   Code   RO         4815    .ARM.Collect$$rtentry$$00000002  c_w.l(__rtentry2.o)
    0x08000208   0x08000208   0x00000006   Code   RO         4827    .ARM.Collect$$rtentry$$00000004  c_w.l(__rtentry4.o)
    0x0800020e   0x0800020e   0x00000000   Code   RO         4817    .ARM.Collect$$rtentry$$00000009  c_w.l(__rtentry2.o)
    0x0800020e   0x0800020e   0x00000004   Code   RO         4818    .ARM.Collect$$rtentry$$0000000A  c_w.l(__rtentry2.o)
    0x08000212   0x08000212   0x00000000   Code   RO         4820    .ARM.Collect$$rtentry$$0000000C  c_w.l(__rtentry2.o)
    0x08000212   0x08000212   0x00000008   Code   RO         4821    .ARM.Collect$$rtentry$$0000000D  c_w.l(__rtentry2.o)
    0x0800021a   0x0800021a   0x00000002   Code   RO         5011    .ARM.Collect$$rtexit$$00000000  c_w.l(rtexit.o)
    0x0800021c   0x0800021c   0x00000000   Code   RO         5067    .ARM.Collect$$rtexit$$00000002  c_w.l(rtexit2.o)
    0x0800021c   0x0800021c   0x00000004   Code   RO         5068    .ARM.Collect$$rtexit$$00000003  c_w.l(rtexit2.o)
    0x08000220   0x08000220   0x00000006   Code   RO         5069    .ARM.Collect$$rtexit$$00000004  c_w.l(rtexit2.o)
    0x08000226   0x08000226   0x00000002   PAD
    0x08000228   0x08000228   0x000000be   Code   RO         1649    .emb_text           port.o
    0x080002e6   0x080002e6   0x00000002   PAD
    0x080002e8   0x080002e8   0x00000040   Code   RO         4671  * .text               startup_stm32f407xx.o
    0x08000328   0x08000328   0x000000ee   Code   RO         4714    .text               c_w.l(lludivv7m.o)
    0x08000416   0x08000416   0x0000008a   Code   RO         4746    .text               c_w.l(rt_memcpy_v6.o)
    0x080004a0   0x080004a0   0x00000064   Code   RO         4748    .text               c_w.l(rt_memcpy_w.o)
    0x08000504   0x08000504   0x00000010   Code   RO         4752    .text               c_w.l(aeabi_memset.o)
    0x08000514   0x08000514   0x0000004e   Code   RO         4754    .text               c_w.l(rt_memclr_w.o)
    0x08000562   0x08000562   0x00000006   Code   RO         4758    .text               c_w.l(heapauxi.o)
    0x08000568   0x08000568   0x00000016   Code   RO         4779    .text               c_w.l(_rserrno.o)
    0x0800057e   0x0800057e   0x00000044   Code   RO         4792    .text               c_w.l(rt_memclr.o)
    0x080005c2   0x080005c2   0x00000002   PAD
    0x080005c4   0x080005c4   0x00000008   Code   RO         4834    .text               c_w.l(rt_errno_addr_intlibspace.o)
    0x080005cc   0x080005cc   0x00000008   Code   RO         4852    .text               c_w.l(libspace.o)
    0x080005d4   0x080005d4   0x0000004a   Code   RO         4857    .text               c_w.l(sys_stackheap_outer.o)
    0x0800061e   0x0800061e   0x00000012   Code   RO         4930    .text               c_w.l(exit.o)
    0x08000630   0x08000630   0x0000000c   Code   RO         5064    .text               c_w.l(sys_exit.o)
    0x0800063c   0x0800063c   0x00000002   Code   RO         5114    .text               c_w.l(use_no_semi.o)
    0x0800063e   0x0800063e   0x00000000   Code   RO         5116    .text               c_w.l(indicate_semi.o)
    0x0800063e   0x0800063e   0x00000002   PAD
    0x08000640   0x08000640   0x00000084   Code   RO          422    i.CS43_Enable_RightLeft  my_cs43l22.o
    0x080006c4   0x080006c4   0x00000214   Code   RO          423    i.CS43_Init         my_cs43l22.o
    0x080008d8   0x080008d8   0x0000005c   Code   RO          424    i.CS43_SetVolume    my_cs43l22.o
    0x08000934   0x08000934   0x0000007c   Code   RO          425    i.CS43_Start        my_cs43l22.o
    0x080009b0   0x080009b0   0x00000010   Code   RO            4    i.DMA1_Stream5_IRQHandler  main.o
    0x080009c0   0x080009c0   0x00000034   Code   RO         2362    i.DMA_CalcBaseAndBitshift  stm32f4xx_hal_dma.o
    0x080009f4   0x080009f4   0x000000aa   Code   RO         2363    i.DMA_CheckFifoParam  stm32f4xx_hal_dma.o
    0x08000a9e   0x08000a9e   0x0000002c   Code   RO         2364    i.DMA_SetConfig     stm32f4xx_hal_dma.o
    0x08000aca   0x08000aca   0x00000002   PAD
    0x08000acc   0x08000acc   0x00000014   Code   RO            5    i.EXTI0_IRQHandler  main.o
    0x08000ae0   0x08000ae0   0x00000240   Code   RO         2370    i.HAL_DMA_IRQHandler  stm32f4xx_hal_dma.o
    0x08000d20   0x08000d20   0x000000ec   Code   RO         2371    i.HAL_DMA_Init      stm32f4xx_hal_dma.o
    0x08000e0c   0x08000e0c   0x00000092   Code   RO         2375    i.HAL_DMA_Start_IT  stm32f4xx_hal_dma.o
    0x08000e9e   0x08000e9e   0x00000002   PAD
    0x08000ea0   0x08000ea0   0x00000200   Code   RO         2584    i.HAL_GPIO_Init     stm32f4xx_hal_gpio.o
    0x080010a0   0x080010a0   0x00000010   Code   RO         2586    i.HAL_GPIO_ReadPin  stm32f4xx_hal_gpio.o
    0x080010b0   0x080010b0   0x0000000c   Code   RO         2588    i.HAL_GPIO_WritePin  stm32f4xx_hal_gpio.o
    0x080010bc   0x080010bc   0x0000000c   Code   RO         1824    i.HAL_GetTick       stm32f4xx_hal.o
    0x080010c8   0x080010c8   0x000001d0   Code   RO         2658    i.HAL_I2C_Init      stm32f4xx_hal_i2c.o
    0x08001298   0x08001298   0x000002f8   Code   RO         2664    i.HAL_I2C_Master_Receive  stm32f4xx_hal_i2c.o
    0x08001590   0x08001590   0x00000170   Code   RO         2671    i.HAL_I2C_Master_Transmit  stm32f4xx_hal_i2c.o
    0x08001700   0x08001700   0x00000088   Code   RO          488    i.HAL_I2C_MspInit   stm32f4xx_hal_msp.o
    0x08001788   0x08001788   0x00000244   Code   RO         3308    i.HAL_I2SEx_FullDuplex_IRQHandler  stm32f4xx_hal_i2s_ex.o
    0x080019cc   0x080019cc   0x00000002   Code   RO         3312    i.HAL_I2SEx_TxRxCpltCallback  stm32f4xx_hal_i2s_ex.o
    0x080019ce   0x080019ce   0x00000002   Code   RO         3123    i.HAL_I2S_ErrorCallback  stm32f4xx_hal_i2s.o
    0x080019d0   0x080019d0   0x000001c0   Code   RO         3127    i.HAL_I2S_Init      stm32f4xx_hal_i2s.o
    0x08001b90   0x08001b90   0x00000110   Code   RO          490    i.HAL_I2S_MspInit   stm32f4xx_hal_msp.o
    0x08001ca0   0x08001ca0   0x00000002   Code   RO         3133    i.HAL_I2S_RxCpltCallback  stm32f4xx_hal_i2s.o
    0x08001ca2   0x08001ca2   0x00000002   PAD
    0x08001ca4   0x08001ca4   0x00000100   Code   RO         3136    i.HAL_I2S_Transmit_DMA  stm32f4xx_hal_i2s.o
    0x08001da4   0x08001da4   0x00000002   Code   RO         3138    i.HAL_I2S_TxCpltCallback  stm32f4xx_hal_i2s.o
    0x08001da6   0x08001da6   0x00000002   Code   RO         3139    i.HAL_I2S_TxHalfCpltCallback  stm32f4xx_hal_i2s.o
    0x08001da8   0x08001da8   0x00000018   Code   RO         1830    i.HAL_IncTick       stm32f4xx_hal.o
    0x08001dc0   0x08001dc0   0x00000030   Code   RO         1831    i.HAL_Init          stm32f4xx_hal.o
    0x08001df0   0x08001df0   0x0000004c   Code   RO         1832    i.HAL_InitTick      stm32f4xx_hal.o
    0x08001e3c   0x08001e3c   0x00000048   Code   RO          491    i.HAL_MspInit       stm32f4xx_hal_msp.o
    0x08001e84   0x08001e84   0x00000028   Code   RO         2002    i.HAL_NVIC_EnableIRQ  stm32f4xx_hal_cortex.o
    0x08001eac   0x08001eac   0x0000007c   Code   RO         2008    i.HAL_NVIC_SetPriority  stm32f4xx_hal_cortex.o
    0x08001f28   0x08001f28   0x00000028   Code   RO         2009    i.HAL_NVIC_SetPriorityGrouping  stm32f4xx_hal_cortex.o
    0x08001f50   0x08001f50   0x00000090   Code   RO         3681    i.HAL_RCCEx_GetPeriphCLKFreq  stm32f4xx_hal_rcc_ex.o
    0x08001fe0   0x08001fe0   0x000001a0   Code   RO         3682    i.HAL_RCCEx_PeriphCLKConfig  stm32f4xx_hal_rcc_ex.o
    0x08002180   0x08002180   0x00000184   Code   RO         3577    i.HAL_RCC_ClockConfig  stm32f4xx_hal_rcc.o
    0x08002304   0x08002304   0x0000000c   Code   RO         3582    i.HAL_RCC_GetHCLKFreq  stm32f4xx_hal_rcc.o
    0x08002310   0x08002310   0x00000020   Code   RO         3584    i.HAL_RCC_GetPCLK1Freq  stm32f4xx_hal_rcc.o
    0x08002330   0x08002330   0x000000b0   Code   RO         3586    i.HAL_RCC_GetSysClockFreq  stm32f4xx_hal_rcc.o
    0x080023e0   0x080023e0   0x00000488   Code   RO         3589    i.HAL_RCC_OscConfig  stm32f4xx_hal_rcc.o
    0x08002868   0x08002868   0x00000034   Code   RO         2013    i.HAL_SYSTICK_Config  stm32f4xx_hal_cortex.o
    0x0800289c   0x0800289c   0x00000002   Code   RO         4420    i.HAL_TIMEx_BreakCallback  stm32f4xx_hal_tim_ex.o
    0x0800289e   0x0800289e   0x00000002   Code   RO         4421    i.HAL_TIMEx_CommutCallback  stm32f4xx_hal_tim_ex.o
    0x080028a0   0x080028a0   0x00000034   Code   RO         3734    i.HAL_TIM_Base_Init  stm32f4xx_hal_tim.o
    0x080028d4   0x080028d4   0x00000002   Code   RO         3736    i.HAL_TIM_Base_MspInit  stm32f4xx_hal_tim.o
    0x080028d6   0x080028d6   0x0000002a   Code   RO         3737    i.HAL_TIM_Base_Start  stm32f4xx_hal_tim.o
    0x08002900   0x08002900   0x0000002a   Code   RO         3739    i.HAL_TIM_Base_Start_IT  stm32f4xx_hal_tim.o
    0x0800292a   0x0800292a   0x00000038   Code   RO         3740    i.HAL_TIM_Base_Stop  stm32f4xx_hal_tim.o
    0x08002962   0x08002962   0x00000038   Code   RO         3742    i.HAL_TIM_Base_Stop_IT  stm32f4xx_hal_tim.o
    0x0800299a   0x0800299a   0x00000002   Code   RO         3763    i.HAL_TIM_IC_CaptureCallback  stm32f4xx_hal_tim.o
    0x0800299c   0x0800299c   0x00000196   Code   RO         3777    i.HAL_TIM_IRQHandler  stm32f4xx_hal_tim.o
    0x08002b32   0x08002b32   0x00000002   Code   RO         3780    i.HAL_TIM_OC_DelayElapsedCallback  stm32f4xx_hal_tim.o
    0x08002b34   0x08002b34   0x00000002   Code   RO         3807    i.HAL_TIM_PWM_PulseFinishedCallback  stm32f4xx_hal_tim.o
    0x08002b36   0x08002b36   0x00000002   Code   RO         3815    i.HAL_TIM_PeriodElapsedCallback  stm32f4xx_hal_tim.o
    0x08002b38   0x08002b38   0x00000002   Code   RO         3820    i.HAL_TIM_TriggerCallback  stm32f4xx_hal_tim.o
    0x08002b3a   0x08002b3a   0x0000003e   Code   RO         2701    i.I2C_IsAcknowledgeFailed  stm32f4xx_hal_i2c.o
    0x08002b78   0x08002b78   0x00000138   Code   RO         2704    i.I2C_MasterRequestRead  stm32f4xx_hal_i2c.o
    0x08002cb0   0x08002cb0   0x000000c0   Code   RO         2705    i.I2C_MasterRequestWrite  stm32f4xx_hal_i2c.o
    0x08002d70   0x08002d70   0x0000005c   Code   RO         2721    i.I2C_WaitOnBTFFlagUntilTimeout  stm32f4xx_hal_i2c.o
    0x08002dcc   0x08002dcc   0x00000086   Code   RO         2722    i.I2C_WaitOnFlagUntilTimeout  stm32f4xx_hal_i2c.o
    0x08002e52   0x08002e52   0x000000c4   Code   RO         2723    i.I2C_WaitOnMasterAddressFlagUntilTimeout  stm32f4xx_hal_i2c.o
    0x08002f16   0x08002f16   0x00000080   Code   RO         2724    i.I2C_WaitOnRXNEFlagUntilTimeout  stm32f4xx_hal_i2c.o
    0x08002f96   0x08002f96   0x0000005c   Code   RO         2727    i.I2C_WaitOnTXEFlagUntilTimeout  stm32f4xx_hal_i2c.o
    0x08002ff2   0x08002ff2   0x0000003a   Code   RO         3315    i.I2SEx_RxISR_I2S   stm32f4xx_hal_i2s_ex.o
    0x0800302c   0x0800302c   0x0000006c   Code   RO         3316    i.I2SEx_RxISR_I2SExt  stm32f4xx_hal_i2s_ex.o
    0x08003098   0x08003098   0x00000038   Code   RO         3317    i.I2SEx_TxISR_I2S   stm32f4xx_hal_i2s_ex.o
    0x080030d0   0x080030d0   0x0000006c   Code   RO         3318    i.I2SEx_TxISR_I2SExt  stm32f4xx_hal_i2s_ex.o
    0x0800313c   0x0800313c   0x0000002e   Code   RO         3140    i.I2S_DMAError      stm32f4xx_hal_i2s.o
    0x0800316a   0x0800316a   0x00000028   Code   RO         3143    i.I2S_DMATxCplt     stm32f4xx_hal_i2s.o
    0x08003192   0x08003192   0x0000000e   Code   RO         3144    i.I2S_DMATxHalfCplt  stm32f4xx_hal_i2s.o
    0x080031a0   0x080031a0   0x000000dc   Code   RO         3145    i.I2S_IRQHandler    stm32f4xx_hal_i2s.o
    0x0800327c   0x0800327c   0x00000036   Code   RO         3146    i.I2S_Receive_IT    stm32f4xx_hal_i2s.o
    0x080032b2   0x080032b2   0x00000036   Code   RO         3147    i.I2S_Transmit_IT   stm32f4xx_hal_i2s.o
    0x080032e8   0x080032e8   0x0000005c   Code   RO            6    i.InitButton        main.o
    0x08003344   0x08003344   0x00000038   Code   RO            7    i.InitDMA           main.o
    0x0800337c   0x0800337c   0x000000b0   Code   RO            8    i.InitGPIO          main.o
    0x0800342c   0x0800342c   0x00000038   Code   RO            9    i.InitI2C1          main.o
    0x08003464   0x08003464   0x00000038   Code   RO           10    i.InitI2S3          main.o
    0x0800349c   0x0800349c   0x00000014   Code   RO           12    i.SysTick_Handler   main.o
    0x080034b0   0x080034b0   0x000000ac   Code   RO           13    i.SystemClock_Config  main.o
    0x0800355c   0x0800355c   0x00000064   Code   RO         4679    i.SystemInit        system_stm32f4xx.o
    0x080035c0   0x080035c0   0x00000030   Code   RO           14    i.TIM5_IRQHandler   main.o
    0x080035f0   0x080035f0   0x000000d8   Code   RO         3822    i.TIM_Base_SetConfig  stm32f4xx_hal_tim.o
    0x080036c8   0x080036c8   0x00000026   Code   RO         4795    i.__ARM_fpclassifyf  m_wm.l(fpclassifyf.o)
    0x080036ee   0x080036ee   0x00000002   PAD
    0x080036f0   0x080036f0   0x00000010   Code   RO         2015    i.__NVIC_GetPriorityGrouping  stm32f4xx_hal_cortex.o
    0x08003700   0x08003700   0x00000028   Code   RO         2016    i.__NVIC_SetPriority  stm32f4xx_hal_cortex.o
    0x08003728   0x08003728   0x00000190   Code   RO         4762    i.__hardfp_sinf     m_wm.l(sinf.o)
    0x080038b8   0x080038b8   0x00000006   Code   RO         4798    i.__mathlib_flt_infnan  m_wm.l(funder.o)
    0x080038be   0x080038be   0x00000002   PAD
    0x080038c0   0x080038c0   0x00000010   Code   RO         4800    i.__mathlib_flt_invalid  m_wm.l(funder.o)
    0x080038d0   0x080038d0   0x00000010   Code   RO         4803    i.__mathlib_flt_underflow  m_wm.l(funder.o)
    0x080038e0   0x080038e0   0x00000154   Code   RO         4811    i.__mathlib_rredf2  m_wm.l(rredf.o)
    0x08003a34   0x08003a34   0x0000004e   Code   RO           15    i.blinkLEDS         main.o
    0x08003a82   0x08003a82   0x00000002   PAD
    0x08003a84   0x08003a84   0x0000000c   Code   RO           16    i.buttonIrqCallback  main.o
    0x08003a90   0x08003a90   0x00000058   Code   RO           17    i.counting500ms     main.o
    0x08003ae8   0x08003ae8   0x000000e8   Code   RO           18    i.main              main.o
    0x08003bd0   0x08003bd0   0x0000017c   Code   RO           19    i.playTone          main.o
    0x08003d4c   0x08003d4c   0x00000098   Code   RO         1073    i.prvAddCurrentTaskToDelayedList  tasks.o
    0x08003de4   0x08003de4   0x000000b8   Code   RO         1074    i.prvAddNewTaskToReadyList  tasks.o
    0x08003e9c   0x08003e9c   0x00000064   Code   RO         1437    i.prvCheckForValidListAndQueue  timers.o
    0x08003f00   0x08003f00   0x00000048   Code   RO         1075    i.prvCheckTasksWaitingTermination  tasks.o
    0x08003f48   0x08003f48   0x0000002a   Code   RO          696    i.prvCopyDataFromQueue  queue.o
    0x08003f72   0x08003f72   0x0000007e   Code   RO          697    i.prvCopyDataToQueue  queue.o
    0x08003ff0   0x08003ff0   0x00000012   Code   RO         1076    i.prvDeleteTCB      tasks.o
    0x08004002   0x08004002   0x00000002   PAD
    0x08004004   0x08004004   0x00000028   Code   RO         1438    i.prvGetNextExpireTime  timers.o
    0x0800402c   0x0800402c   0x0000007c   Code   RO         1594    i.prvHeapInit       heap_4.o
    0x080040a8   0x080040a8   0x00000028   Code   RO         1077    i.prvIdleTask       tasks.o
    0x080040d0   0x080040d0   0x0000002a   Code   RO          700    i.prvInitialiseNewQueue  queue.o
    0x080040fa   0x080040fa   0x000000c0   Code   RO         1078    i.prvInitialiseNewTask  tasks.o
    0x080041ba   0x080041ba   0x00000002   PAD
    0x080041bc   0x080041bc   0x00000068   Code   RO         1079    i.prvInitialiseTaskLists  tasks.o
    0x08004224   0x08004224   0x00000068   Code   RO         1595    i.prvInsertBlockIntoFreeList  heap_4.o
    0x0800428c   0x0800428c   0x00000058   Code   RO         1440    i.prvInsertTimerInActiveList  timers.o
    0x080042e4   0x080042e4   0x0000001a   Code   RO          701    i.prvIsQueueEmpty   queue.o
    0x080042fe   0x080042fe   0x0000001e   Code   RO          702    i.prvIsQueueFull    queue.o
    0x0800431c   0x0800431c   0x00000074   Code   RO         1441    i.prvProcessExpiredTimer  timers.o
    0x08004390   0x08004390   0x0000013c   Code   RO         1442    i.prvProcessReceivedCommands  timers.o
    0x080044cc   0x080044cc   0x00000074   Code   RO         1443    i.prvProcessTimerOrBlockTask  timers.o
    0x08004540   0x08004540   0x00000030   Code   RO         1081    i.prvResetNextTaskUnblockTime  tasks.o
    0x08004570   0x08004570   0x0000002c   Code   RO         1444    i.prvSampleTimeNow  timers.o
    0x0800459c   0x0800459c   0x000000a4   Code   RO         1445    i.prvSwitchTimerLists  timers.o
    0x08004640   0x08004640   0x00000044   Code   RO         1650    i.prvTaskExitError  port.o
    0x08004684   0x08004684   0x0000001a   Code   RO         1446    i.prvTimerTask      timers.o
    0x0800469e   0x0800469e   0x0000007e   Code   RO          703    i.prvUnlockQueue    queue.o
    0x0800471c   0x0800471c   0x0000017c   Code   RO         1596    i.pvPortMalloc      heap_4.o
    0x08004898   0x08004898   0x0000002c   Code   RO         1651    i.pxPortInitialiseStack  port.o
    0x080048c4   0x080048c4   0x00000034   Code   RO          427    i.read_register     my_cs43l22.o
    0x080048f8   0x080048f8   0x00000014   Code   RO           20    i.startTimer500ms   main.o
    0x0800490c   0x0800490c   0x00000014   Code   RO           21    i.stopTimer500ms    main.o
    0x08004920   0x08004920   0x00000038   Code   RO           22    i.turnOffAllLEDS    main.o
    0x08004958   0x08004958   0x00000038   Code   RO           24    i.turnOnBlueLED     main.o
    0x08004990   0x08004990   0x00000034   Code   RO           25    i.turnOnCurLEDS     main.o
    0x080049c4   0x080049c4   0x00000038   Code   RO           26    i.turnOnGreenLED    main.o
    0x080049fc   0x080049fc   0x00000038   Code   RO           27    i.turnOnOrangeLED   main.o
    0x08004a34   0x08004a34   0x00000038   Code   RO           28    i.turnOnRedLED      main.o
    0x08004a6c   0x08004a6c   0x00000028   Code   RO          656    i.uxListRemove      list.o
    0x08004a94   0x08004a94   0x00000004   Code   RO           30    i.vApplicationMallocFailedHook  main.o
    0x08004a98   0x08004a98   0x000000e4   Code   RO           33    i.vDetectButtonType  main.o
    0x08004b7c   0x08004b7c   0x0000001a   Code   RO          657    i.vListInitialise   list.o
    0x08004b96   0x08004b96   0x00000006   Code   RO          658    i.vListInitialiseItem  list.o
    0x08004b9c   0x08004b9c   0x00000034   Code   RO          659    i.vListInsert       list.o
    0x08004bd0   0x08004bd0   0x00000018   Code   RO          660    i.vListInsertEnd    list.o
    0x08004be8   0x08004be8   0x00000058   Code   RO         1653    i.vPortEnterCritical  port.o
    0x08004c40   0x08004c40   0x00000040   Code   RO         1654    i.vPortExitCritical  port.o
    0x08004c80   0x08004c80   0x000000a8   Code   RO         1597    i.vPortFree         heap_4.o
    0x08004d28   0x08004d28   0x00000028   Code   RO         1655    i.vPortSetupTimerInterrupt  port.o
    0x08004d50   0x08004d50   0x0000007c   Code   RO         1656    i.vPortValidateInterruptPriority  port.o
    0x08004dcc   0x08004dcc   0x0000002c   Code   RO          709    i.vQueueAddToRegistry  queue.o
    0x08004df8   0x08004df8   0x0000004a   Code   RO          713    i.vQueueWaitForMessageRestricted  queue.o
    0x08004e42   0x08004e42   0x00000002   PAD
    0x08004e44   0x08004e44   0x0000005c   Code   RO         1093    i.vTaskDelay        tasks.o
    0x08004ea0   0x08004ea0   0x00000148   Code   RO           38    i.vTaskDetectUserState  main.o
    0x08004fe8   0x08004fe8   0x00000018   Code   RO         1098    i.vTaskInternalSetTimeOutState  tasks.o
    0x08005000   0x08005000   0x0000000c   Code   RO         1099    i.vTaskMissedYield  tasks.o
    0x0800500c   0x0800500c   0x0000003c   Code   RO         1100    i.vTaskPlaceOnEventList  tasks.o
    0x08005048   0x08005048   0x00000044   Code   RO         1101    i.vTaskPlaceOnEventListRestricted  tasks.o
    0x0800508c   0x0800508c   0x0000004c   Code   RO           41    i.vTaskPlaySong     main.o
    0x080050d8   0x080050d8   0x0000009c   Code   RO         1109    i.vTaskStartScheduler  tasks.o
    0x08005174   0x08005174   0x00000010   Code   RO         1111    i.vTaskSuspendAll   tasks.o
    0x08005184   0x08005184   0x0000008c   Code   RO         1112    i.vTaskSwitchContext  tasks.o
    0x08005210   0x08005210   0x0000002c   Code   RO          428    i.write_register    my_cs43l22.o
    0x0800523c   0x0800523c   0x00000170   Code   RO         1657    i.xPortStartScheduler  port.o
    0x080053ac   0x080053ac   0x00000034   Code   RO         1658    i.xPortSysTickHandler  port.o
    0x080053e0   0x080053e0   0x000000a8   Code   RO          716    i.xQueueGenericCreate  queue.o
    0x08005488   0x08005488   0x00000098   Code   RO          717    i.xQueueGenericReset  queue.o
    0x08005520   0x08005520   0x000001b0   Code   RO          718    i.xQueueGenericSend  queue.o
    0x080056d0   0x080056d0   0x00000128   Code   RO          719    i.xQueueGenericSendFromISR  queue.o
    0x080057f8   0x080057f8   0x00000170   Code   RO          726    i.xQueueReceive     queue.o
    0x08005968   0x08005968   0x00000094   Code   RO         1114    i.xTaskCheckForTimeOut  tasks.o
    0x080059fc   0x080059fc   0x00000060   Code   RO         1115    i.xTaskCreate       tasks.o
    0x08005a5c   0x08005a5c   0x00000020   Code   RO         1122    i.xTaskGetSchedulerState  tasks.o
    0x08005a7c   0x08005a7c   0x0000000c   Code   RO         1123    i.xTaskGetTickCount  tasks.o
    0x08005a88   0x08005a88   0x00000148   Code   RO         1125    i.xTaskIncrementTick  tasks.o
    0x08005bd0   0x08005bd0   0x000000c0   Code   RO         1126    i.xTaskPriorityDisinherit  tasks.o
    0x08005c90   0x08005c90   0x0000009c   Code   RO         1128    i.xTaskRemoveFromEventList  tasks.o
    0x08005d2c   0x08005d2c   0x00000108   Code   RO         1129    i.xTaskResumeAll    tasks.o
    0x08005e34   0x08005e34   0x00000058   Code   RO         1454    i.xTimerCreateTimerTask  timers.o
    0x08005e8c   0x08005e8c   0x00000084   Code   RO         1455    i.xTimerGenericCommand  timers.o
    0x08005f10   0x08005f10   0x0000000a   Code   RO         5062    x$fpl$fpinit        fz_wm.l(fpinit.o)
    0x08005f1a   0x08005f1a   0x00000000   Code   RO         4794    x$fpl$usenofp       fz_wm.l(usenofp.o)
    0x08005f1a   0x08005f1a   0x00000002   PAD
    0x08005f1c   0x08005f1c   0x00000020   Data   RO           43    .constdata          main.o
    0x08005f3c   0x08005f3c   0x00000008   Data   RO         2377    .constdata          stm32f4xx_hal_dma.o
    0x08005f44   0x08005f44   0x00000018   Data   RO         4680    .constdata          system_stm32f4xx.o
    0x08005f5c   0x08005f5c   0x00000020   Data   RO         4812    .constdata          m_wm.l(rredf.o)
    0x08005f7c   0x08005f7c   0x00000020   Data   RO         5144    Region$$Table       anon$$obj.o


    Execution Region ER_RW (Exec base: 0x20000000, Load base: 0x08005f9c, Size: 0x000000dc, Max: 0xffffffff, ABSOLUTE)

    Exec Addr    Load Addr    Size         Type   Attr      Idx    E Section Name        Object

    0x20000000   0x08005f9c   0x00000049   Data   RW           44    .data               main.o
    0x20000049   0x08005fe5   0x00000002   Data   RW          430    .data               my_cs43l22.o
    0x2000004b   0x08005fe7   0x00000001   PAD
    0x2000004c   0x08005fe8   0x00000040   Data   RW         1132    .data               tasks.o
    0x2000008c   0x08006028   0x00000014   Data   RW         1461    .data               timers.o
    0x200000a0   0x0800603c   0x00000020   Data   RW         1603    .data               heap_4.o
    0x200000c0   0x0800605c   0x0000000c   Data   RW         1659    .data               port.o
    0x200000cc   0x08006068   0x00000009   Data   RW         1838    .data               stm32f4xx_hal.o
    0x200000d5   0x08006071   0x00000003   PAD
    0x200000d8   0x08006074   0x00000004   Data   RW         4681    .data               system_stm32f4xx.o


    Execution Region ER_ZI (Exec base: 0x200000dc, Load base: 0x08006078, Size: 0x0000aa4c, Max: 0xffffffff, ABSOLUTE)

    Exec Addr    Load Addr    Size         Type   Attr      Idx    E Section Name        Object

    0x200000dc        -       0x00000268   Zero   RW           42    .bss                main.o
    0x20000344        -       0x00000054   Zero   RW          429    .bss                my_cs43l22.o
    0x20000398        -       0x00000040   Zero   RW          730    .bss                queue.o
    0x200003d8        -       0x000000c8   Zero   RW         1131    .bss                tasks.o
    0x200004a0        -       0x00000028   Zero   RW         1460    .bss                timers.o
    0x200004c8        -       0x0000a000   Zero   RW         1602    .bss                heap_4.o
    0x2000a4c8        -       0x00000060   Zero   RW         4853    .bss                c_w.l(libspace.o)
    0x2000a528        -       0x00000200   Zero   RW         4669    HEAP                startup_stm32f407xx.o
    0x2000a728        -       0x00000400   Zero   RW         4668    STACK               startup_stm32f407xx.o


==============================================================================

Image component sizes


      Code (inc. data)   RO Data    RW Data    ZI Data      Debug   Object Name

         0          0          0          0          0      13920   event_groups.o
       776         74          0         32      40960       5491   heap_4.o
       148          0          0          0          0       3914   list.o
      2510        346         32         73        616     729829   main.o
       976         50          0          2         84       4542   my_cs43l22.o
      1038         98          0         12          0      13029   port.o
      1926         20          0          0         64      18434   queue.o
        64         26        392          0       1536        908   startup_stm32f407xx.o
       160         30          0          9          0       9517   stm32f4xx_hal.o
       312         22          0          0          0      35147   stm32f4xx_hal_cortex.o
      1224         16          8          0          0       6367   stm32f4xx_hal_dma.o
       540         46          0          0          0       3539   stm32f4xx_hal_gpio.o
      2800         48          0          0          0      12710   stm32f4xx_hal_i2c.o
      1140         30          0          0          0       9925   stm32f4xx_hal_i2s.o
       912         26          0          0          0       5459   stm32f4xx_hal_i2s_ex.o
       480         40          0          0          0       2789   stm32f4xx_hal_msp.o
      1768         74          0          0          0       5761   stm32f4xx_hal_rcc.o
       560         38          0          0          0       2665   stm32f4xx_hal_rcc_ex.o
       882         46          0          0          0      10266   stm32f4xx_hal_tim.o
         4          0          0          0          0       2029   stm32f4xx_hal_tim_ex.o
       100         18         24          4          0       1599   system_stm32f4xx.o
      2606        352          0         64        200      30184   tasks.o
      1230        110          0         20         40      25283   timers.o

    ----------------------------------------------------------------------
     22172       1510        488        220      43500     953307   Object Totals
         0          0         32          0          0          0   (incl. Generated)
        16          0          0          4          0          0   (incl. Padding)

    ----------------------------------------------------------------------

      Code (inc. data)   RO Data    RW Data    ZI Data      Debug   Library Member Name

         8          0          0          0          0         68   __main.o
         0          0          0          0          0          0   __rtentry.o
        12          0          0          0          0          0   __rtentry2.o
         6          0          0          0          0          0   __rtentry4.o
        52          8          0          0          0          0   __scatter.o
        26          0          0          0          0          0   __scatter_copy.o
        28          0          0          0          0          0   __scatter_zi.o
        22          0          0          0          0        100   _rserrno.o
        16          0          0          0          0         68   aeabi_memset.o
        18          0          0          0          0         80   exit.o
         6          0          0          0          0        152   heapauxi.o
         0          0          0          0          0          0   indicate_semi.o
         2          0          0          0          0          0   libinit.o
         6          0          0          0          0          0   libinit2.o
         2          0          0          0          0          0   libshutdown.o
         2          0          0          0          0          0   libshutdown2.o
         8          4          0          0         96         68   libspace.o
       238          0          0          0          0        100   lludivv7m.o
         8          4          0          0          0         68   rt_errno_addr_intlibspace.o
        68          0          0          0          0         68   rt_memclr.o
        78          0          0          0          0         80   rt_memclr_w.o
       138          0          0          0          0         68   rt_memcpy_v6.o
       100          0          0          0          0         80   rt_memcpy_w.o
         2          0          0          0          0          0   rtexit.o
        10          0          0          0          0          0   rtexit2.o
        12          4          0          0          0         68   sys_exit.o
        74          0          0          0          0         80   sys_stackheap_outer.o
         2          0          0          0          0         68   use_no_semi.o
        10          0          0          0          0        116   fpinit.o
         0          0          0          0          0          0   usenofp.o
        38          0          0          0          0        116   fpclassifyf.o
        38         12          0          0          0        348   funder.o
       340         24         32          0          0        160   rredf.o
       400         56          0          0          0        212   sinf.o

    ----------------------------------------------------------------------
      1784        112         32          0         96       2168   Library Totals
        14          0          0          0          0          0   (incl. Padding)

    ----------------------------------------------------------------------

      Code (inc. data)   RO Data    RW Data    ZI Data      Debug   Library Name

       944         20          0          0         96       1216   c_w.l
        10          0          0          0          0        116   fz_wm.l
       816         92         32          0          0        836   m_wm.l

    ----------------------------------------------------------------------
      1784        112         32          0         96       2168   Library Totals

    ----------------------------------------------------------------------

==============================================================================


      Code (inc. data)   RO Data    RW Data    ZI Data      Debug   

     23956       1622        520        220      43596     937703   Grand Totals
     23956       1622        520        220      43596     937703   ELF Image Totals
     23956       1622        520        220          0          0   ROM Totals

==============================================================================

    Total RO  Size (Code + RO Data)                24476 (  23.90kB)
    Total RW  Size (RW Data + ZI Data)             43816 (  42.79kB)
    Total ROM Size (Code + RO Data + RW Data)      24696 (  24.12kB)

==============================================================================

